Archive member included because of file (symbol)

/home/sager/.arduino15/packages/arduino/hardware/sam/1.6.6/variants/arduino_due_x/libsam_sam3x8e_gcc_rel.a(pio.o)
                              /home/sager/repos/sensors/v4.12/integrated/chemsense_validation/firmware/build/core/variant.cpp.o (PIO_Configure)
/home/sager/.arduino15/packages/arduino/hardware/sam/1.6.6/variants/arduino_due_x/libsam_sam3x8e_gcc_rel.a(pmc.o)
                              /home/sager/repos/sensors/v4.12/integrated/chemsense_validation/firmware/build/sketch/DueTimer/DueTimer.cpp.o (pmc_enable_periph_clk)
/home/sager/.arduino15/packages/arduino/hardware/sam/1.6.6/variants/arduino_due_x/libsam_sam3x8e_gcc_rel.a(tc.o)
                              /home/sager/repos/sensors/v4.12/integrated/chemsense_validation/firmware/build/sketch/DueTimer/DueTimer.cpp.o (TC_Configure)
/home/sager/.arduino15/packages/arduino/hardware/sam/1.6.6/variants/arduino_due_x/libsam_sam3x8e_gcc_rel.a(system_sam3xa.o)
                              /home/sager/repos/sensors/v4.12/integrated/chemsense_validation/firmware/build/core/variant.cpp.o (SystemInit)
/home/sager/.arduino15/packages/arduino/hardware/sam/1.6.6/variants/arduino_due_x/libsam_sam3x8e_gcc_rel.a(startup_sam3xa.o)
                              (Reset_Handler)
/home/sager/.arduino15/packages/arduino/hardware/sam/1.6.6/variants/arduino_due_x/libsam_sam3x8e_gcc_rel.a(adc.o)
                              /home/sager/repos/sensors/v4.12/integrated/chemsense_validation/firmware/build/core/variant.cpp.o (adc_init)
/home/sager/.arduino15/packages/arduino/hardware/sam/1.6.6/variants/arduino_due_x/libsam_sam3x8e_gcc_rel.a(uotghs.o)
                              /home/sager/.arduino15/packages/arduino/hardware/sam/1.6.6/variants/arduino_due_x/libsam_sam3x8e_gcc_rel.a(startup_sam3xa.o) (UOTGHS_Handler)
./build/core/core.a(WInterrupts.c.o)
                              /home/sager/.arduino15/packages/arduino/hardware/sam/1.6.6/variants/arduino_due_x/libsam_sam3x8e_gcc_rel.a(startup_sam3xa.o) (PIOA_Handler)
./build/core/core.a(cortex_handlers.c.o)
                              /home/sager/.arduino15/packages/arduino/hardware/sam/1.6.6/variants/arduino_due_x/libsam_sam3x8e_gcc_rel.a(startup_sam3xa.o) (NMI_Handler)
./build/core/core.a(hooks.c.o)
                              ./build/core/core.a(cortex_handlers.c.o) (sysTickHook)
./build/core/core.a(wiring.c.o)
                              /home/sager/repos/sensors/v4.12/integrated/chemsense_validation/firmware/build/sketch/firmware.ino.cpp.o (delay)
./build/core/core.a(wiring_analog.c.o)
                              /home/sager/repos/sensors/v4.12/integrated/chemsense_validation/firmware/build/core/variant.cpp.o (analogOutputInit)
./build/core/core.a(wiring_digital.c.o)
                              /home/sager/repos/sensors/v4.12/integrated/chemsense_validation/firmware/build/sketch/firmware.ino.cpp.o (pinMode)
./build/core/core.a(Print.cpp.o)
                              /home/sager/repos/sensors/v4.12/integrated/chemsense_validation/firmware/build/sketch/firmware.ino.cpp.o (Print::println(char const*))
./build/core/core.a(Reset.cpp.o)
                              ./build/core/core.a(cortex_handlers.c.o) (tickReset)
./build/core/core.a(RingBuffer.cpp.o)
                              /home/sager/repos/sensors/v4.12/integrated/chemsense_validation/firmware/build/core/variant.cpp.o (RingBuffer::RingBuffer())
./build/core/core.a(Stream.cpp.o)
                              /home/sager/repos/sensors/v4.12/integrated/chemsense_validation/firmware/build/sketch/firmware.ino.cpp.o (Stream::setTimeout(unsigned long))
./build/core/core.a(UARTClass.cpp.o)
                              /home/sager/repos/sensors/v4.12/integrated/chemsense_validation/firmware/build/sketch/firmware.ino.cpp.o (UARTClass::available())
./build/core/core.a(USARTClass.cpp.o)
                              /home/sager/repos/sensors/v4.12/integrated/chemsense_validation/firmware/build/sketch/firmware.ino.cpp.o (USARTClass::begin(unsigned long))
./build/core/core.a(WString.cpp.o)
                              ./build/core/core.a(Stream.cpp.o) (String::String(char const*))
./build/core/core.a(abi.cpp.o)
                              ./build/core/core.a(Print.cpp.o) (__cxa_pure_virtual)
./build/core/core.a(main.cpp.o)
                              /home/sager/repos/packages/arduino-1.6.7/Atmel_SAM/packages/arduino/tools/arm-none-eabi-gcc/4.8.3-2014q1/bin/../lib/gcc/arm-none-eabi/4.8.3/../../../../arm-none-eabi/lib/armv7-m/crt0.o (main)
./build/core/core.a(watchdog.cpp.o)
                              ./build/core/core.a(main.cpp.o) (watchdogSetup())
./build/core/core.a(CDC.cpp.o)
                              /home/sager/repos/sensors/v4.12/integrated/chemsense_validation/firmware/build/sketch/firmware.ino.cpp.o (Serial_::write(unsigned char))
./build/core/core.a(USBCore.cpp.o)
                              ./build/core/core.a(CDC.cpp.o) (USBD_Available(unsigned long))
./build/core/core.a(itoa.c.o)
[...]
Memory Configuration

Name             Origin             Length             Attributes
rom              0x0000000000080000 0x0000000000080000 xr
sram0            0x0000000020000000 0x0000000000010000 xrw
sram1            0x0000000020080000 0x0000000000008000 xrw
ram              0x0000000020070000 0x0000000000018000 xrw
*default*        0x0000000000000000 0xffffffffffffffff

Linker script and memory map

LOAD /home/sager/repos/packages/arduino-1.6.7/Atmel_SAM/packages/arduino/tools/arm-none-eabi-gcc/4.8.3-2014q1/bin/../lib/gcc/arm-none-eabi/4.8.3/armv7-m/crti.o
LOAD /home/sager/repos/packages/arduino-1.6.7/Atmel_SAM/packages/arduino/tools/arm-none-eabi-gcc/4.8.3-2014q1/bin/../lib/gcc/arm-none-eabi/4.8.3/armv7-m/crtbegin.o
LOAD /home/sager/repos/packages/arduino-1.6.7/Atmel_SAM/packages/arduino/tools/arm-none-eabi-gcc/4.8.3-2014q1/bin/../lib/gcc/arm-none-eabi/4.8.3/../../../../arm-none-eabi/lib/armv7-m/crt0.o
START GROUP
LOAD ./build/core/syscalls_sam3.c.o
LOAD /home/sager/repos/sensors/v4.12/integrated/chemsense_validation/firmware/build/sketch/firmware.ino.cpp.o
LOAD /home/sager/repos/sensors/v4.12/integrated/chemsense_validation/firmware/build/sketch/DueTimer/DueTimer.cpp.o
LOAD /home/sager/repos/sensors/v4.12/integrated/chemsense_validation/firmware/build/core/variant.cpp.o
LOAD /home/sager/.arduino15/packages/arduino/hardware/sam/1.6.6/variants/arduino_due_x/libsam_sam3x8e_gcc_rel.a
LOAD ./build/core/core.a
END GROUP
LOAD /home/sager/repos/packages/arduino-1.6.7/Atmel_SAM/packages/arduino/tools/arm-none-eabi-gcc/4.8.3-2014q1/bin/../lib/gcc/arm-none-eabi/4.8.3/../../../../arm-none-eabi/lib/armv7-m/libm.a
START GROUP
LOAD /home/sager/repos/packages/arduino-1.6.7/Atmel_SAM/packages/arduino/tools/arm-none-eabi-gcc/4.8.3-2014q1/bin/../lib/gcc/arm-none-eabi/4.8.3/armv7-m/libgcc.a
LOAD /home/sager/repos/packages/arduino-1.6.7/Atmel_SAM/packages/arduino/tools/arm-none-eabi-gcc/4.8.3-2014q1/bin/../lib/gcc/arm-none-eabi/4.8.3/../../../../arm-none-eabi/lib/armv7-m/libg.a
LOAD /home/sager/repos/packages/arduino-1.6.7/Atmel_SAM/packages/arduino/tools/arm-none-eabi-gcc/4.8.3-2014q1/bin/../lib/gcc/arm-none-eabi/4.8.3/../../../../arm-none-eabi/lib/armv7-m/libc.a
END GROUP
LOAD /home/sager/repos/packages/arduino-1.6.7/Atmel_SAM/packages/arduino/tools/arm-none-eabi-gcc/4.8.3-2014q1/bin/../lib/gcc/arm-none-eabi/4.8.3/armv7-m/crtend.o
LOAD /home/sager/repos/packages/arduino-1.6.7/Atmel_SAM/packages/arduino/tools/arm-none-eabi-gcc/4.8.3-2014q1/bin/../lib/gcc/arm-none-eabi/4.8.3/armv7-m/crtn.o

.text           0x0000000000080000     0x6ef8
                0x0000000000080000                . = ALIGN (0x4)
                0x0000000000080000                _sfixed = .
 *(.vectors .vectors.*)
 .vectors       0x0000000000080000       0xf4 /home/sager/.arduino15/packages/arduino/hardware/sam/1.6.6/variants/arduino_due_x/libsam_sam3x8e_gcc_rel.a(startup_sam3xa.o)
                0x0000000000080000                exception_table
 *(.text .text.* .gnu.linkonce.t.*)
 .text          0x00000000000800f4       0x54 /home/sager/repos/packages/arduino-1.6.7/Atmel_SAM/packages/arduino/tools/arm-none-eabi-gcc/4.8.3-2014q1/bin/../lib/gcc/arm-none-eabi/4.8.3/armv7-m/crtbegin.o
 .text._sbrk    0x0000000000080148       0x1c ./build/core/syscalls_sam3.c.o
                0x0000000000080148                _sbrk
 .text._close   0x0000000000080164        0x6 ./build/core/syscalls_sam3.c.o
                0x0000000000080164                _close
 .text._fstat   0x000000000008016a        0xa ./build/core/syscalls_sam3.c.o
                0x000000000008016a                _fstat
 .text._isatty  0x0000000000080174        0x4 ./build/core/syscalls_sam3.c.o
                0x0000000000080174                _isatty
 .text._lseek   0x0000000000080178        0x4 ./build/core/syscalls_sam3.c.o
                0x0000000000080178                _lseek
 .text._read    0x000000000008017c        0x4 ./build/core/syscalls_sam3.c.o
                0x000000000008017c                _read
 .text._write   0x0000000000080180       0x24 ./build/core/syscalls_sam3.c.o
                0x0000000000080180                _write
 .text._exit    0x00000000000801a4       0x10 ./build/core/syscalls_sam3.c.o
                0x00000000000801a4                _exit
 .text._kill    0x00000000000801b4        0x2 ./build/core/syscalls_sam3.c.o
                0x00000000000801b4                _kill
 .text._getpid  0x00000000000801b6        0x6 ./build/core/syscalls_sam3.c.o
                0x00000000000801b6                _getpid
 .text._Z7handlerv
                0x00000000000801bc       0x14 /home/sager/repos/sensors/v4.12/integrated/chemsense_validation/firmware/build/sketch/firmware.ino.cpp.o
                0x00000000000801bc                handler()
 .text.setup    0x00000000000801d0       0x7c /home/sager/repos/sensors/v4.12/integrated/chemsense_validation/firmware/build/sketch/firmware.ino.cpp.o
                0x00000000000801d0                setup
 .text.loop     0x000000000008024c       0x98 /home/sager/repos/sensors/v4.12/integrated/chemsense_validation/firmware/build/sketch/firmware.ino.cpp.o
                0x000000000008024c                loop
 .text._ZN8DueTimer15attachInterruptEPFvvE
                0x00000000000802e4       0x10 /home/sager/repos/sensors/v4.12/integrated/chemsense_validation/firmware/build/sketch/DueTimer/DueTimer.cpp.o
                0x00000000000802e4                DueTimer::attachInterrupt(void (*)())
 *fill*         0x00000000000802f4        0x4 
 .text._ZN8DueTimer9bestClockEdRm
                0x00000000000802f8      0x1a8 /home/sager/repos/sensors/v4.12/integrated/chemsense_validation/firmware/build/sketch/DueTimer/DueTimer.cpp.o
                0x00000000000802f8                DueTimer::bestClock(double, unsigned long&)
 .text._ZN8DueTimer12setFrequencyEd
                0x00000000000804a0      0x120 /home/sager/repos/sensors/v4.12/integrated/chemsense_validation/firmware/build/sketch/DueTimer/DueTimer.cpp.o
                0x00000000000804a0                DueTimer::setFrequency(double)
 .text._ZN8DueTimer9setPeriodEm
                0x00000000000805c0       0x30 /home/sager/repos/sensors/v4.12/integrated/chemsense_validation/firmware/build/sketch/DueTimer/DueTimer.cpp.o
                0x00000000000805c0                DueTimer::setPeriod(unsigned long)
 .text._ZN8DueTimer5startEl
                0x00000000000805f0      0x158 /home/sager/repos/sensors/v4.12/integrated/chemsense_validation/firmware/build/sketch/DueTimer/DueTimer.cpp.o
                0x00000000000805f0                DueTimer::start(long)
 .text.TC0_Handler
                0x0000000000080748       0x1c /home/sager/repos/sensors/v4.12/integrated/chemsense_validation/firmware/build/sketch/DueTimer/DueTimer.cpp.o
                0x0000000000080748                TC0_Handler
 .text.TC1_Handler
                0x0000000000080764       0x1c /home/sager/repos/sensors/v4.12/integrated/chemsense_validation/firmware/build/sketch/DueTimer/DueTimer.cpp.o
                0x0000000000080764                TC1_Handler
 .text.TC2_Handler
                0x0000000000080780       0x1c /home/sager/repos/sensors/v4.12/integrated/chemsense_validation/firmware/build/sketch/DueTimer/DueTimer.cpp.o
                0x0000000000080780                TC2_Handler
 .text.TC3_Handler
                0x000000000008079c       0x1c /home/sager/repos/sensors/v4.12/integrated/chemsense_validation/firmware/build/sketch/DueTimer/DueTimer.cpp.o
                0x000000000008079c                TC3_Handler
 .text.TC4_Handler
                0x00000000000807b8       0x1c /home/sager/repos/sensors/v4.12/integrated/chemsense_validation/firmware/build/sketch/DueTimer/DueTimer.cpp.o
                0x00000000000807b8                TC4_Handler
 .text.TC5_Handler
                0x00000000000807d4       0x1c /home/sager/repos/sensors/v4.12/integrated/chemsense_validation/firmware/build/sketch/DueTimer/DueTimer.cpp.o
                0x00000000000807d4                TC5_Handler
 .text.TC6_Handler
                0x00000000000807f0       0x1c /home/sager/repos/sensors/v4.12/integrated/chemsense_validation/firmware/build/sketch/DueTimer/DueTimer.cpp.o
                0x00000000000807f0                TC6_Handler
 .text.TC7_Handler
                0x000000000008080c       0x1c /home/sager/repos/sensors/v4.12/integrated/chemsense_validation/firmware/build/sketch/DueTimer/DueTimer.cpp.o
                0x000000000008080c                TC7_Handler
 .text.TC8_Handler
                0x0000000000080828       0x1c /home/sager/repos/sensors/v4.12/integrated/chemsense_validation/firmware/build/sketch/DueTimer/DueTimer.cpp.o
                0x0000000000080828                TC8_Handler
 .text.startup._GLOBAL__sub_I__ZN8DueTimer6TimersE
                0x0000000000080844       0x64 /home/sager/repos/sensors/v4.12/integrated/chemsense_validation/firmware/build/sketch/DueTimer/DueTimer.cpp.o
 .text._Z11serialEventv
                0x00000000000808a8        0x2 /home/sager/repos/sensors/v4.12/integrated/chemsense_validation/firmware/build/core/variant.cpp.o
                0x00000000000808a8                serialEvent()
 *fill*         0x00000000000808aa        0x2 
 .text.UART_Handler
                0x00000000000808ac        0xc /home/sager/repos/sensors/v4.12/integrated/chemsense_validation/firmware/build/core/variant.cpp.o
                0x00000000000808ac                UART_Handler
 .text._Z12serialEvent1v
                0x00000000000808b8        0x2 /home/sager/repos/sensors/v4.12/integrated/chemsense_validation/firmware/build/core/variant.cpp.o
                0x00000000000808b8                serialEvent1()
 .text._Z12serialEvent2v
                0x00000000000808ba        0x2 /home/sager/repos/sensors/v4.12/integrated/chemsense_validation/firmware/build/core/variant.cpp.o
                0x00000000000808ba                serialEvent2()
 .text._Z12serialEvent3v
                0x00000000000808bc        0x2 /home/sager/repos/sensors/v4.12/integrated/chemsense_validation/firmware/build/core/variant.cpp.o
                0x00000000000808bc                serialEvent3()
 *fill*         0x00000000000808be        0x2 
 .text.USART0_Handler
                0x00000000000808c0        0xc /home/sager/repos/sensors/v4.12/integrated/chemsense_validation/firmware/build/core/variant.cpp.o
                0x00000000000808c0                USART0_Handler
 .text.USART1_Handler
                0x00000000000808cc        0xc /home/sager/repos/sensors/v4.12/integrated/chemsense_validation/firmware/build/core/variant.cpp.o
                0x00000000000808cc                USART1_Handler
 .text.USART3_Handler
                0x00000000000808d8        0xc /home/sager/repos/sensors/v4.12/integrated/chemsense_validation/firmware/build/core/variant.cpp.o
                0x00000000000808d8                USART3_Handler
 .text.init     0x00000000000808e4      0x128 /home/sager/repos/sensors/v4.12/integrated/chemsense_validation/firmware/build/core/variant.cpp.o
                0x00000000000808e4                init
 .text.startup._GLOBAL__sub_I_g_APinDescription
                0x0000000000080a0c       0xd4 /home/sager/repos/sensors/v4.12/integrated/chemsense_validation/firmware/build/core/variant.cpp.o
 .text._Z14serialEventRunv
                0x0000000000080ae0       0x44 /home/sager/repos/sensors/v4.12/integrated/chemsense_validation/firmware/build/core/variant.cpp.o
                0x0000000000080ae0                serialEventRun()
 .text.PIO_PullUp
                0x0000000000080b24        0xa /home/sager/.arduino15/packages/arduino/hardware/sam/1.6.6/variants/arduino_due_x/libsam_sam3x8e_gcc_rel.a(pio.o)
                0x0000000000080b24                PIO_PullUp
 .text.PIO_SetPeripheral
                0x0000000000080b2e       0x26 /home/sager/.arduino15/packages/arduino/hardware/sam/1.6.6/variants/arduino_due_x/libsam_sam3x8e_gcc_rel.a(pio.o)
                0x0000000000080b2e                PIO_SetPeripheral
 .text.PIO_SetInput
                0x0000000000080b54       0x26 /home/sager/.arduino15/packages/arduino/hardware/sam/1.6.6/variants/arduino_due_x/libsam_sam3x8e_gcc_rel.a(pio.o)
                0x0000000000080b54                PIO_SetInput
 .text.PIO_SetOutput
                0x0000000000080b7a       0x24 /home/sager/.arduino15/packages/arduino/hardware/sam/1.6.6/variants/arduino_due_x/libsam_sam3x8e_gcc_rel.a(pio.o)
                0x0000000000080b7a                PIO_SetOutput
 *fill*         0x0000000000080b9e        0x2 
 .text.PIO_Configure
                0x0000000000080ba0       0x64 /home/sager/.arduino15/packages/arduino/hardware/sam/1.6.6/variants/arduino_due_x/libsam_sam3x8e_gcc_rel.a(pio.o)
                0x0000000000080ba0                PIO_Configure
 .text.PIO_GetOutputDataStatus
                0x0000000000080c04       0x14 /home/sager/.arduino15/packages/arduino/hardware/sam/1.6.6/variants/arduino_due_x/libsam_sam3x8e_gcc_rel.a(pio.o)
                0x0000000000080c04                PIO_GetOutputDataStatus
 .text.pmc_enable_upll_clock
                0x0000000000080c18       0x14 /home/sager/.arduino15/packages/arduino/hardware/sam/1.6.6/variants/arduino_due_x/libsam_sam3x8e_gcc_rel.a(pmc.o)
                0x0000000000080c18                pmc_enable_upll_clock
 .text.pmc_enable_periph_clk
                0x0000000000080c2c       0x44 /home/sager/.arduino15/packages/arduino/hardware/sam/1.6.6/variants/arduino_due_x/libsam_sam3x8e_gcc_rel.a(pmc.o)
                0x0000000000080c2c                pmc_enable_periph_clk
 .text.pmc_disable_periph_clk
                0x0000000000080c70       0x40 /home/sager/.arduino15/packages/arduino/hardware/sam/1.6.6/variants/arduino_due_x/libsam_sam3x8e_gcc_rel.a(pmc.o)
                0x0000000000080c70                pmc_disable_periph_clk
 .text.pmc_switch_udpck_to_upllck
                0x0000000000080cb0       0x14 /home/sager/.arduino15/packages/arduino/hardware/sam/1.6.6/variants/arduino_due_x/libsam_sam3x8e_gcc_rel.a(pmc.o)
                0x0000000000080cb0                pmc_switch_udpck_to_upllck
 .text.pmc_enable_udpck
                0x0000000000080cc4        0xc /home/sager/.arduino15/packages/arduino/hardware/sam/1.6.6/variants/arduino_due_x/libsam_sam3x8e_gcc_rel.a(pmc.o)
                0x0000000000080cc4                pmc_enable_udpck
 .text.pmc_set_writeprotect
                0x0000000000080cd0       0x1c /home/sager/.arduino15/packages/arduino/hardware/sam/1.6.6/variants/arduino_due_x/libsam_sam3x8e_gcc_rel.a(pmc.o)
                0x0000000000080cd0                pmc_set_writeprotect
 .text.TC_Configure
                0x0000000000080cec       0x38 /home/sager/.arduino15/packages/arduino/hardware/sam/1.6.6/variants/arduino_due_x/libsam_sam3x8e_gcc_rel.a(tc.o)
                0x0000000000080cec                TC_Configure
 .text.TC_Start
                0x0000000000080d24       0x2c /home/sager/.arduino15/packages/arduino/hardware/sam/1.6.6/variants/arduino_due_x/libsam_sam3x8e_gcc_rel.a(tc.o)
                0x0000000000080d24                TC_Start
 .text.TC_GetStatus
                0x0000000000080d50        0x8 /home/sager/.arduino15/packages/arduino/hardware/sam/1.6.6/variants/arduino_due_x/libsam_sam3x8e_gcc_rel.a(tc.o)
                0x0000000000080d50                TC_GetStatus
 .text.TC_SetRC
                0x0000000000080d58        0x8 /home/sager/.arduino15/packages/arduino/hardware/sam/1.6.6/variants/arduino_due_x/libsam_sam3x8e_gcc_rel.a(tc.o)
                0x0000000000080d58                TC_SetRC
 .text.SystemInit
                0x0000000000080d60       0x88 /home/sager/.arduino15/packages/arduino/hardware/sam/1.6.6/variants/arduino_due_x/libsam_sam3x8e_gcc_rel.a(system_sam3xa.o)
                0x0000000000080d60                SystemInit
 .text.Reset_Handler
                0x0000000000080de8       0x78 /home/sager/.arduino15/packages/arduino/hardware/sam/1.6.6/variants/arduino_due_x/libsam_sam3x8e_gcc_rel.a(startup_sam3xa.o)
                0x0000000000080de8                Reset_Handler
 .text.adc_init
                0x0000000000080e60       0x98 /home/sager/.arduino15/packages/arduino/hardware/sam/1.6.6/variants/arduino_due_x/libsam_sam3x8e_gcc_rel.a(adc.o)
                0x0000000000080e60                adc_init
 .text.adc_configure_trigger
                0x0000000000080ef8        0xe /home/sager/.arduino15/packages/arduino/hardware/sam/1.6.6/variants/arduino_due_x/libsam_sam3x8e_gcc_rel.a(adc.o)
                0x0000000000080ef8                adc_configure_trigger
 .text.adc_configure_timing
                0x0000000000080f06       0x1a /home/sager/.arduino15/packages/arduino/hardware/sam/1.6.6/variants/arduino_due_x/libsam_sam3x8e_gcc_rel.a(adc.o)
                0x0000000000080f06                adc_configure_timing
 .text.adc_disable_all_channel
                0x0000000000080f20        0x8 /home/sager/.arduino15/packages/arduino/hardware/sam/1.6.6/variants/arduino_due_x/libsam_sam3x8e_gcc_rel.a(adc.o)
                0x0000000000080f20                adc_disable_all_channel
 .text.adc_disable_interrupt
                0x0000000000080f28        0x4 /home/sager/.arduino15/packages/arduino/hardware/sam/1.6.6/variants/arduino_due_x/libsam_sam3x8e_gcc_rel.a(adc.o)
                0x0000000000080f28                adc_disable_interrupt
 .text.UOTGHS_Handler
                0x0000000000080f2c       0x10 /home/sager/.arduino15/packages/arduino/hardware/sam/1.6.6/variants/arduino_due_x/libsam_sam3x8e_gcc_rel.a(uotghs.o)
                0x0000000000080f2c                UOTGHS_Handler
 .text.PIOA_Handler
                0x0000000000080f3c       0x28 ./build/core/core.a(WInterrupts.c.o)
                0x0000000000080f3c                PIOA_Handler
 .text.PIOB_Handler
                0x0000000000080f64       0x28 ./build/core/core.a(WInterrupts.c.o)
                0x0000000000080f64                PIOB_Handler
 .text.PIOC_Handler
                0x0000000000080f8c       0x28 ./build/core/core.a(WInterrupts.c.o)
                0x0000000000080f8c                PIOC_Handler
 .text.PIOD_Handler
                0x0000000000080fb4       0x28 ./build/core/core.a(WInterrupts.c.o)
                0x0000000000080fb4                PIOD_Handler
 .text.__halt   0x0000000000080fdc        0x2 ./build/core/core.a(cortex_handlers.c.o)
                0x0000000000080fdc                DACC_Handler
                0x0000000000080fdc                DebugMon_Handler
                0x0000000000080fdc                DMAC_Handler
                0x0000000000080fdc                TRNG_Handler
                0x0000000000080fdc                HardFault_Handler
                0x0000000000080fdc                TWI1_Handler
                0x0000000000080fdc                NMI_Handler
                0x0000000000080fdc                ADC_Handler
                0x0000000000080fdc                SMC_Handler
                0x0000000000080fdc                RTT_Handler
                0x0000000000080fdc                EFC1_Handler
                0x0000000000080fdc                RTC_Handler
                0x0000000000080fdc                UsageFault_Handler
                0x0000000000080fdc                WDT_Handler
                0x0000000000080fdc                CAN0_Handler
                0x0000000000080fdc                HSMCI_Handler
                0x0000000000080fdc                TWI0_Handler
                0x0000000000080fdc                SSC_Handler
                0x0000000000080fdc                EFC0_Handler
                0x0000000000080fdc                PMC_Handler
                0x0000000000080fdc                PWM_Handler
                0x0000000000080fdc                CAN1_Handler
                0x0000000000080fdc                MemManage_Handler
                0x0000000000080fdc                SUPC_Handler
                0x0000000000080fdc                USART2_Handler
                0x0000000000080fdc                EMAC_Handler
                0x0000000000080fdc                BusFault_Handler
                0x0000000000080fdc                RSTC_Handler
                0x0000000000080fdc                SPI0_Handler
 .text.SVC_Handler
                0x0000000000080fde        0x4 ./build/core/core.a(cortex_handlers.c.o)
                0x0000000000080fde                SVC_Handler
 .text.PendSV_Handler
                0x0000000000080fe2        0x4 ./build/core/core.a(cortex_handlers.c.o)
                0x0000000000080fe2                PendSV_Handler
 .text.SysTick_Handler
                0x0000000000080fe6       0x16 ./build/core/core.a(cortex_handlers.c.o)
                0x0000000000080fe6                SysTick_Handler
 .text.__empty  0x0000000000080ffc        0x2 ./build/core/core.a(hooks.c.o)
                0x0000000000080ffc                yield
 .text.__false  0x0000000000080ffe        0x4 ./build/core/core.a(hooks.c.o)
                0x0000000000080ffe                sysTickHook
 .text.__halt   0x0000000000081002        0x2 ./build/core/core.a(hooks.c.o)
                0x0000000000081002                pendSVHook
                0x0000000000081002                svcHook
 .text.millis   0x0000000000081004        0x4 ./build/core/core.a(wiring.c.o)
                0x0000000000081004                millis
 .text.delay    0x0000000000081008       0x1c ./build/core/core.a(wiring.c.o)
                0x0000000000081008                delay
 .text.analogOutputInit
                0x0000000000081024       0x14 ./build/core/core.a(wiring_analog.c.o)
                0x0000000000081024                analogOutputInit
 .text.pinMode  0x0000000000081038       0x64 ./build/core/core.a(wiring_digital.c.o)
                0x0000000000081038                pinMode
 .text.digitalWrite
                0x000000000008109c       0x48 ./build/core/core.a(wiring_digital.c.o)
                0x000000000008109c                digitalWrite
 .text._ZN5Print5writeEPKhj
                0x00000000000810e4       0x22 ./build/core/core.a(Print.cpp.o)
                0x00000000000810e4                Print::write(unsigned char const*, unsigned int)
 .text._ZN5Print5writeEPKc
                0x0000000000081106       0x1e ./build/core/core.a(Print.cpp.o)
                0x0000000000081106                Print::write(char const*)
 .text._ZN5Print7printlnEv
                0x0000000000081124       0x10 ./build/core/core.a(Print.cpp.o)
                0x0000000000081124                Print::println()
 .text._ZN5Print7printlnEPKc
                0x0000000000081134       0x14 ./build/core/core.a(Print.cpp.o)
                0x0000000000081134                Print::println(char const*)
 .text.initiateReset
                0x0000000000081148        0xc ./build/core/core.a(Reset.cpp.o)
                0x0000000000081148                initiateReset
 .text.cancelReset
                0x0000000000081154       0x10 ./build/core/core.a(Reset.cpp.o)
                0x0000000000081154                cancelReset
 .text.tickReset
                0x0000000000081164       0x20 ./build/core/core.a(Reset.cpp.o)
                0x0000000000081164                tickReset
 .text._ZN10RingBufferC2Ev
                0x0000000000081184       0x1a ./build/core/core.a(RingBuffer.cpp.o)
                0x0000000000081184                RingBuffer::RingBuffer()
                0x0000000000081184                RingBuffer::RingBuffer()
 .text._ZN10RingBuffer10store_charEh
                0x000000000008119e       0x1e ./build/core/core.a(RingBuffer.cpp.o)
                0x000000000008119e                RingBuffer::store_char(unsigned char)
 .text._ZN6Stream9timedReadEv
                0x00000000000811bc       0x2a ./build/core/core.a(Stream.cpp.o)
                0x00000000000811bc                Stream::timedRead()
 .text._ZN6Stream10setTimeoutEm
                0x00000000000811e6        0x4 ./build/core/core.a(Stream.cpp.o)
                0x00000000000811e6                Stream::setTimeout(unsigned long)
 .text._ZN6Stream14readBytesUntilEcPcj
                0x00000000000811ea       0x34 ./build/core/core.a(Stream.cpp.o)
                0x00000000000811ea                Stream::readBytesUntil(char, char*, unsigned int)
 .text._ZN9UARTClasscvbEv
                0x000000000008121e        0x4 ./build/core/core.a(UARTClass.cpp.o)
                0x000000000008121e                UARTClass::operator bool()
 .text._ZN9UARTClass9availableEv
                0x0000000000081222       0x12 ./build/core/core.a(UARTClass.cpp.o)
                0x0000000000081222                UARTClass::available()
 .text._ZN9UARTClass4peekEv
                0x0000000000081234       0x1c ./build/core/core.a(UARTClass.cpp.o)
                0x0000000000081234                UARTClass::peek()
 .text._ZN9UARTClass4readEv
                0x0000000000081250       0x2a ./build/core/core.a(UARTClass.cpp.o)
                0x0000000000081250                UARTClass::read()
 .text._ZN9UARTClass5flushEv
                0x000000000008127a       0x18 ./build/core/core.a(UARTClass.cpp.o)
                0x000000000008127a                UARTClass::flush()
 *fill*         0x0000000000081292        0x2 
 .text._ZN9UARTClass5writeEh
                0x0000000000081294       0x54 ./build/core/core.a(UARTClass.cpp.o)
                0x0000000000081294                UARTClass::write(unsigned char)
 .text._ZN9UARTClass3endEv
                0x00000000000812e8       0x3c ./build/core/core.a(UARTClass.cpp.o)
                0x00000000000812e8                UARTClass::end()
 .text._ZN9UARTClassC2EP4Uart4IRQnmP10RingBufferS4_
                0x0000000000081324       0x24 ./build/core/core.a(UARTClass.cpp.o)
                0x0000000000081324                UARTClass::UARTClass(Uart*, IRQn, unsigned long, RingBuffer*, RingBuffer*)
                0x0000000000081324                UARTClass::UARTClass(Uart*, IRQn, unsigned long, RingBuffer*, RingBuffer*)
 .text._ZN9UARTClass4initEmm
                0x0000000000081348       0x70 ./build/core/core.a(UARTClass.cpp.o)
                0x0000000000081348                UARTClass::init(unsigned long, unsigned long)
 .text._ZN9UARTClass5beginEm
                0x00000000000813b8        0x8 ./build/core/core.a(UARTClass.cpp.o)
                0x00000000000813b8                UARTClass::begin(unsigned long)
 .text._ZN9UARTClass10IrqHandlerEv
                0x00000000000813c0       0x5a ./build/core/core.a(UARTClass.cpp.o)
                0x00000000000813c0                UARTClass::IrqHandler()
 .text._ZN10USARTClass5beginEm
                0x000000000008141a        0x8 ./build/core/core.a(USARTClass.cpp.o)
                0x000000000008141a                USARTClass::begin(unsigned long)
 *fill*         0x0000000000081422        0x2 
 .text._ZN10USARTClassC2EP5Usart4IRQnmP10RingBufferS4_
                0x0000000000081424       0x24 ./build/core/core.a(USARTClass.cpp.o)
                0x0000000000081424                USARTClass::USARTClass(Usart*, IRQn, unsigned long, RingBuffer*, RingBuffer*)
                0x0000000000081424                USARTClass::USARTClass(Usart*, IRQn, unsigned long, RingBuffer*, RingBuffer*)
 .text.initVariant
                0x0000000000081448        0x2 ./build/core/core.a(main.cpp.o)
                0x0000000000081448                initVariant
 *fill*         0x000000000008144a        0x2 
 .text.startup.main
                0x000000000008144c       0x38 ./build/core/core.a(main.cpp.o)
                0x000000000008144c                main
 .text._watchdogDefaultSetup
                0x0000000000081484        0xc ./build/core/core.a(watchdog.cpp.o)
                0x0000000000081484                watchdogSetup()
                0x0000000000081484                _watchdogDefaultSetup
 .text._ZN7Serial_9availableEv
                0x0000000000081490       0x18 ./build/core/core.a(CDC.cpp.o)
                0x0000000000081490                Serial_::available()
 .text._ZN7Serial_4peekEv
                0x00000000000814a8       0x20 ./build/core/core.a(CDC.cpp.o)
                0x00000000000814a8                Serial_::peek()
 .text._ZN7Serial_5writeEh
                0x00000000000814c8       0x16 ./build/core/core.a(CDC.cpp.o)
                0x00000000000814c8                Serial_::write(unsigned char)
 *fill*         0x00000000000814de        0x2 
 .text._ZN7Serial_4readEv
                0x00000000000814e0       0x44 ./build/core/core.a(CDC.cpp.o)
                0x00000000000814e0                Serial_::read()
 .text._ZN7Serial_5flushEv
                0x0000000000081524        0x6 ./build/core/core.a(CDC.cpp.o)
                0x0000000000081524                Serial_::flush()
 *fill*         0x000000000008152a        0x2 
 .text._ZN7Serial_6acceptEv
                0x000000000008152c       0x70 ./build/core/core.a(CDC.cpp.o)
                0x000000000008152c                Serial_::accept()
 .text._ZN7Serial_5writeEPKhj
                0x000000000008159c       0x2c ./build/core/core.a(CDC.cpp.o)
                0x000000000008159c                Serial_::write(unsigned char const*, unsigned int)
 .text._Z16CDC_GetInterfacePh
                0x00000000000815c8       0x14 ./build/core/core.a(CDC.cpp.o)
                0x00000000000815c8                CDC_GetInterface(unsigned char*)
 .text._Z21CDC_GetOtherInterfacePh
                0x00000000000815dc       0x14 ./build/core/core.a(CDC.cpp.o)
                0x00000000000815dc                CDC_GetOtherInterface(unsigned char*)
 .text._Z9CDC_SetupR8USBSetup
                0x00000000000815f0       0x64 ./build/core/core.a(CDC.cpp.o)
                0x00000000000815f0                CDC_Setup(USBSetup&)
 .text._ZN7Serial_5beginEm
                0x0000000000081654        0x2 ./build/core/core.a(CDC.cpp.o)
                0x0000000000081654                Serial_::begin(unsigned long)
 *fill*         0x0000000000081656        0x2 
 .text.startup._GLOBAL__sub_I_cdc_rx_buffer
                0x0000000000081658       0x1c ./build/core/core.a(CDC.cpp.o)
 .text.unlikely._ZL11USB_SendZlpv
                0x0000000000081674       0x20 ./build/core/core.a(USBCore.cpp.o)
 .text._Z14USBD_Availablem
                0x0000000000081694       0x2c ./build/core/core.a(USBCore.cpp.o)
                0x0000000000081694                USBD_Available(unsigned long)
 .text._Z9USBD_RecvmPvm
                0x00000000000816c0       0x7c ./build/core/core.a(USBCore.cpp.o)
                0x00000000000816c0                USBD_Recv(unsigned long, void*, unsigned long)
 .text._Z9USBD_Recvm
                0x000000000008173c       0x22 ./build/core/core.a(USBCore.cpp.o)
                0x000000000008173c                USBD_Recv(unsigned long)
 *fill*         0x000000000008175e        0x2 
 .text._Z9USBD_SendmPKvm
                0x0000000000081760       0x4c ./build/core/core.a(USBCore.cpp.o)
                0x0000000000081760                USBD_Send(unsigned long, void const*, unsigned long)
 .text._Z16USBD_SendControlhPKvm
                0x00000000000817ac       0x40 ./build/core/core.a(USBCore.cpp.o)
                0x00000000000817ac                USBD_SendControl(unsigned char, void const*, unsigned long)
 .text.unlikely._ZL24USB_SendStringDescriptorPKhi
                0x00000000000817ec       0x38 ./build/core/core.a(USBCore.cpp.o)
 .text._Z16USBD_RecvControlPvm
                0x0000000000081824       0x1c ./build/core/core.a(USBCore.cpp.o)
                0x0000000000081824                USBD_RecvControl(void*, unsigned long)
 .text._Z26USBD_ClassInterfaceRequestR8USBSetup
                0x0000000000081840       0x1e ./build/core/core.a(USBCore.cpp.o)
                0x0000000000081840                USBD_ClassInterfaceRequest(USBSetup&)
 .text._Z19USBD_SendInterfacesv
                0x000000000008185e       0x22 ./build/core/core.a(USBCore.cpp.o)
                0x000000000008185e                USBD_SendInterfaces()
 .text._Z24USBD_SendOtherInterfacesv
                0x0000000000081880       0x22 ./build/core/core.a(USBCore.cpp.o)
                0x0000000000081880                USBD_SendOtherInterfaces()
 .text._Z10USBD_Flushm
                0x00000000000818a2       0x16 ./build/core/core.a(USBCore.cpp.o)
                0x00000000000818a2                USBD_Flush(unsigned long)
 .text._ZN10USBDevice_C2Ev
                0x00000000000818b8       0x24 ./build/core/core.a(USBCore.cpp.o)
                0x00000000000818b8                USBDevice_::USBDevice_()
                0x00000000000818b8                USBDevice_::USBDevice_()
 .text._ZN10USBDevice_6attachEv
                0x00000000000818dc       0x20 ./build/core/core.a(USBCore.cpp.o)
                0x00000000000818dc                USBDevice_::attach()
 .text.startup._GLOBAL__sub_I_EndPoints
                0x00000000000818fc        0xc ./build/core/core.a(USBCore.cpp.o)
 .text._ZL7USB_ISRv
                0x0000000000081908      0x454 ./build/core/core.a(USBCore.cpp.o)
 .text._ZN13PluggableUSB_12getInterfaceEPh
                0x0000000000081d5c       0x28 ./build/core/core.a(PluggableUSB.cpp.o)
                0x0000000000081d5c                PluggableUSB_::getInterface(unsigned char*)
 .text._ZN13PluggableUSB_13getDescriptorER8USBSetup
                0x0000000000081d84       0x1c ./build/core/core.a(PluggableUSB.cpp.o)
                0x0000000000081d84                PluggableUSB_::getDescriptor(USBSetup&)
 .text._ZN13PluggableUSB_12getShortNameEPc
                0x0000000000081da0       0x1c ./build/core/core.a(PluggableUSB.cpp.o)
                0x0000000000081da0                PluggableUSB_::getShortName(char*)
 .text._ZN13PluggableUSB_5setupER8USBSetup
                0x0000000000081dbc       0x20 ./build/core/core.a(PluggableUSB.cpp.o)
                0x0000000000081dbc                PluggableUSB_::setup(USBSetup&)
 .text._Z12PluggableUSBv
                0x0000000000081ddc       0x28 ./build/core/core.a(PluggableUSB.cpp.o)
                0x0000000000081ddc                PluggableUSB()
 .text.TimeTick_Increment
                0x0000000000081e04       0x10 /home/sager/.arduino15/packages/arduino/hardware/sam/1.6.6/variants/arduino_due_x/libsam_sam3x8e_gcc_rel.a(timetick.o)
                0x0000000000081e04                TimeTick_Increment
 .text.GetTickCount
                0x0000000000081e14        0xc /home/sager/.arduino15/packages/arduino/hardware/sam/1.6.6/variants/arduino_due_x/libsam_sam3x8e_gcc_rel.a(timetick.o)
                0x0000000000081e14                GetTickCount
 .text.WDT_Disable
                0x0000000000081e20        0x8 /home/sager/.arduino15/packages/arduino/hardware/sam/1.6.6/variants/arduino_due_x/libsam_sam3x8e_gcc_rel.a(wdt.o)
                0x0000000000081e20                WDT_Disable
 .text.UDD_SetStack
                0x0000000000081e28        0xc /home/sager/.arduino15/packages/arduino/hardware/sam/1.6.6/variants/arduino_due_x/libsam_sam3x8e_gcc_rel.a(uotghs_device.o)
                0x0000000000081e28                UDD_SetStack
 .text.UDD_Init
                0x0000000000081e34       0xd0 /home/sager/.arduino15/packages/arduino/hardware/sam/1.6.6/variants/arduino_due_x/libsam_sam3x8e_gcc_rel.a(uotghs_device.o)
                0x0000000000081e34                UDD_Init
 .text.UDD_Attach
                0x0000000000081f04       0x50 /home/sager/.arduino15/packages/arduino/hardware/sam/1.6.6/variants/arduino_due_x/libsam_sam3x8e_gcc_rel.a(uotghs_device.o)
                0x0000000000081f04                UDD_Attach
 .text.UDD_InitEP
                0x0000000000081f54       0x2c /home/sager/.arduino15/packages/arduino/hardware/sam/1.6.6/variants/arduino_due_x/libsam_sam3x8e_gcc_rel.a(uotghs_device.o)
                0x0000000000081f54                UDD_InitEP
 .text.UDD_InitEndpoints
                0x0000000000081f80       0x3c /home/sager/.arduino15/packages/arduino/hardware/sam/1.6.6/variants/arduino_due_x/libsam_sam3x8e_gcc_rel.a(uotghs_device.o)
                0x0000000000081f80                UDD_InitEndpoints
 .text.UDD_WaitIN
                0x0000000000081fbc       0x10 /home/sager/.arduino15/packages/arduino/hardware/sam/1.6.6/variants/arduino_due_x/libsam_sam3x8e_gcc_rel.a(uotghs_device.o)
                0x0000000000081fbc                UDD_WaitIN
 .text.UDD_WaitOUT
                0x0000000000081fcc       0x10 /home/sager/.arduino15/packages/arduino/hardware/sam/1.6.6/variants/arduino_due_x/libsam_sam3x8e_gcc_rel.a(uotghs_device.o)
                0x0000000000081fcc                UDD_WaitOUT
 .text.UDD_ClearIN
                0x0000000000081fdc       0x18 /home/sager/.arduino15/packages/arduino/hardware/sam/1.6.6/variants/arduino_due_x/libsam_sam3x8e_gcc_rel.a(uotghs_device.o)
                0x0000000000081fdc                UDD_ClearIN
 .text.UDD_ClearOUT
                0x0000000000081ff4       0x18 /home/sager/.arduino15/packages/arduino/hardware/sam/1.6.6/variants/arduino_due_x/libsam_sam3x8e_gcc_rel.a(uotghs_device.o)
                0x0000000000081ff4                UDD_ClearOUT
 .text.UDD_ReceivedSetupInt
                0x000000000008200c       0x10 /home/sager/.arduino15/packages/arduino/hardware/sam/1.6.6/variants/arduino_due_x/libsam_sam3x8e_gcc_rel.a(uotghs_device.o)
                0x000000000008200c                UDD_ReceivedSetupInt
 .text.UDD_ClearSetupInt
                0x000000000008201c       0x10 /home/sager/.arduino15/packages/arduino/hardware/sam/1.6.6/variants/arduino_due_x/libsam_sam3x8e_gcc_rel.a(uotghs_device.o)
                0x000000000008201c                UDD_ClearSetupInt
 .text.UDD_Send
                0x000000000008202c       0x88 /home/sager/.arduino15/packages/arduino/hardware/sam/1.6.6/variants/arduino_due_x/libsam_sam3x8e_gcc_rel.a(uotghs_device.o)
                0x000000000008202c                UDD_Send
 .text.UDD_Send8
                0x00000000000820b4       0x24 /home/sager/.arduino15/packages/arduino/hardware/sam/1.6.6/variants/arduino_due_x/libsam_sam3x8e_gcc_rel.a(uotghs_device.o)
                0x00000000000820b4                UDD_Send8
 .text.UDD_Recv8
                0x00000000000820d8       0x28 /home/sager/.arduino15/packages/arduino/hardware/sam/1.6.6/variants/arduino_due_x/libsam_sam3x8e_gcc_rel.a(uotghs_device.o)
                0x00000000000820d8                UDD_Recv8
 .text.UDD_Recv
                0x0000000000082100       0x34 /home/sager/.arduino15/packages/arduino/hardware/sam/1.6.6/variants/arduino_due_x/libsam_sam3x8e_gcc_rel.a(uotghs_device.o)
                0x0000000000082100                UDD_Recv
 .text.UDD_Stall
                0x0000000000082134       0x14 /home/sager/.arduino15/packages/arduino/hardware/sam/1.6.6/variants/arduino_due_x/libsam_sam3x8e_gcc_rel.a(uotghs_device.o)
                0x0000000000082134                UDD_Stall
 .text.UDD_FifoByteCount
                0x0000000000082148       0x14 /home/sager/.arduino15/packages/arduino/hardware/sam/1.6.6/variants/arduino_due_x/libsam_sam3x8e_gcc_rel.a(uotghs_device.o)
                0x0000000000082148                UDD_FifoByteCount
 .text.UDD_ReleaseRX
                0x000000000008215c       0x28 /home/sager/.arduino15/packages/arduino/hardware/sam/1.6.6/variants/arduino_due_x/libsam_sam3x8e_gcc_rel.a(uotghs_device.o)
                0x000000000008215c                UDD_ReleaseRX
 .text.UDD_ReleaseTX
                0x0000000000082184       0x28 /home/sager/.arduino15/packages/arduino/hardware/sam/1.6.6/variants/arduino_due_x/libsam_sam3x8e_gcc_rel.a(uotghs_device.o)
                0x0000000000082184                UDD_ReleaseTX
 .text.UDD_SetAddress
                0x00000000000821ac       0x20 /home/sager/.arduino15/packages/arduino/hardware/sam/1.6.6/variants/arduino_due_x/libsam_sam3x8e_gcc_rel.a(uotghs_device.o)
                0x00000000000821ac                UDD_SetAddress
 .text          0x00000000000821cc      0x370 /home/sager/repos/packages/arduino-1.6.7/Atmel_SAM/packages/arduino/tools/arm-none-eabi-gcc/4.8.3-2014q1/bin/../lib/gcc/arm-none-eabi/4.8.3/armv7-m/libgcc.a(_arm_addsubdf3.o)
                0x00000000000821cc                __aeabi_drsub
                0x00000000000821d4                __aeabi_dsub
                0x00000000000821d4                __subdf3
                0x00000000000821d8                __adddf3
                0x00000000000821d8                __aeabi_dadd
                0x0000000000082450                __aeabi_ui2d
                0x0000000000082450                __floatunsidf
                0x0000000000082470                __floatsidf
                0x0000000000082470                __aeabi_i2d
                0x0000000000082494                __extendsfdf2
                0x0000000000082494                __aeabi_f2d
                0x00000000000824d0                __aeabi_ul2d
                0x00000000000824d0                __floatundidf
                0x00000000000824e0                __floatdidf
                0x00000000000824e0                __aeabi_l2d
 .text          0x000000000008253c      0x424 /home/sager/repos/packages/arduino-1.6.7/Atmel_SAM/packages/arduino/tools/arm-none-eabi-gcc/4.8.3-2014q1/bin/../lib/gcc/arm-none-eabi/4.8.3/armv7-m/libgcc.a(_arm_muldivdf3.o)
                0x000000000008253c                __aeabi_dmul
                0x000000000008253c                __muldf3
                0x0000000000082790                __aeabi_ddiv
                0x0000000000082790                __divdf3
 .text          0x0000000000082960      0x110 /home/sager/repos/packages/arduino-1.6.7/Atmel_SAM/packages/arduino/tools/arm-none-eabi-gcc/4.8.3-2014q1/bin/../lib/gcc/arm-none-eabi/4.8.3/armv7-m/libgcc.a(_arm_cmpdf2.o)
                0x0000000000082960                __gtdf2
                0x0000000000082960                __gedf2
                0x0000000000082968                __ltdf2
                0x0000000000082968                __ledf2
                0x0000000000082970                __cmpdf2
                0x0000000000082970                __eqdf2
                0x0000000000082970                __nedf2
                0x00000000000829ec                __aeabi_cdrcmple
                0x00000000000829fc                __aeabi_cdcmple
                0x00000000000829fc                __aeabi_cdcmpeq
                0x0000000000082a0c                __aeabi_dcmpeq
                0x0000000000082a20                __aeabi_dcmplt
                0x0000000000082a34                __aeabi_dcmple
                0x0000000000082a48                __aeabi_dcmpge
                0x0000000000082a5c                __aeabi_dcmpgt
 .text          0x0000000000082a70       0x50 /home/sager/repos/packages/arduino-1.6.7/Atmel_SAM/packages/arduino/tools/arm-none-eabi-gcc/4.8.3-2014q1/bin/../lib/gcc/arm-none-eabi/4.8.3/armv7-m/libgcc.a(_arm_fixdfsi.o)
                0x0000000000082a70                __fixdfsi
                0x0000000000082a70                __aeabi_d2iz
 .text          0x0000000000082ac0       0xa0 /home/sager/repos/packages/arduino-1.6.7/Atmel_SAM/packages/arduino/tools/arm-none-eabi-gcc/4.8.3-2014q1/bin/../lib/gcc/arm-none-eabi/4.8.3/armv7-m/libgcc.a(_arm_truncdfsf2.o)
                0x0000000000082ac0                __aeabi_d2f
                0x0000000000082ac0                __truncdfsf2
 .text          0x0000000000082b60      0x21c /home/sager/repos/packages/arduino-1.6.7/Atmel_SAM/packages/arduino/tools/arm-none-eabi-gcc/4.8.3-2014q1/bin/../lib/gcc/arm-none-eabi/4.8.3/armv7-m/libgcc.a(_arm_addsubsf3.o)
                0x0000000000082b60                __aeabi_frsub
                0x0000000000082b68                __subsf3
                0x0000000000082b68                __aeabi_fsub
                0x0000000000082b6c                __aeabi_fadd
                0x0000000000082b6c                __addsf3
                0x0000000000082ccc                __aeabi_ui2f
                0x0000000000082ccc                __floatunsisf
                0x0000000000082cd4                __aeabi_i2f
                0x0000000000082cd4                __floatsisf
                0x0000000000082cf0                __floatundisf
                0x0000000000082cf0                __aeabi_ul2f
                0x0000000000082d00                __floatdisf
                0x0000000000082d00                __aeabi_l2f
 .text          0x0000000000082d7c      0x2a0 /home/sager/repos/packages/arduino-1.6.7/Atmel_SAM/packages/arduino/tools/arm-none-eabi-gcc/4.8.3-2014q1/bin/../lib/gcc/arm-none-eabi/4.8.3/armv7-m/libgcc.a(_arm_muldivsf3.o)
                0x0000000000082d7c                __mulsf3
                0x0000000000082d7c                __aeabi_fmul
                0x0000000000082ee4                __divsf3
                0x0000000000082ee4                __aeabi_fdiv
 .text          0x000000000008301c       0xec /home/sager/repos/packages/arduino-1.6.7/Atmel_SAM/packages/arduino/tools/arm-none-eabi-gcc/4.8.3-2014q1/bin/../lib/gcc/arm-none-eabi/4.8.3/armv7-m/libgcc.a(_arm_cmpsf2.o)
                0x000000000008301c                __gtsf2
                0x000000000008301c                __gesf2
                0x0000000000083024                __lesf2
                0x0000000000083024                __ltsf2
                0x000000000008302c                __nesf2
                0x000000000008302c                __eqsf2
                0x000000000008302c                __cmpsf2
                0x000000000008308c                __aeabi_cfrcmple
                0x0000000000083094                __aeabi_cfcmple
                0x0000000000083094                __aeabi_cfcmpeq
                0x00000000000830a4                __aeabi_fcmpeq
                0x00000000000830b8                __aeabi_fcmplt
                0x00000000000830cc                __aeabi_fcmple
                0x00000000000830e0                __aeabi_fcmpge
                0x00000000000830f4                __aeabi_fcmpgt
 .text.__assert_func
                0x0000000000083108       0x3c /home/sager/repos/packages/arduino-1.6.7/Atmel_SAM/packages/arduino/tools/arm-none-eabi-gcc/4.8.3-2014q1/bin/../lib/gcc/arm-none-eabi/4.8.3/../../../../arm-none-eabi/lib/armv7-m/libg.a(lib_a-assert.o)
                0x0000000000083108                __assert_func
 .text.fiprintf
                0x0000000000083144       0x28 /home/sager/repos/packages/arduino-1.6.7/Atmel_SAM/packages/arduino/tools/arm-none-eabi-gcc/4.8.3-2014q1/bin/../lib/gcc/arm-none-eabi/4.8.3/../../../../arm-none-eabi/lib/armv7-m/libg.a(lib_a-fiprintf.o)
                0x0000000000083144                fiprintf
 .text.__libc_init_array
                0x000000000008316c       0x50 /home/sager/repos/packages/arduino-1.6.7/Atmel_SAM/packages/arduino/tools/arm-none-eabi-gcc/4.8.3-2014q1/bin/../lib/gcc/arm-none-eabi/4.8.3/../../../../arm-none-eabi/lib/armv7-m/libg.a(lib_a-init.o)
                0x000000000008316c                __libc_init_array
 .text.iprintf  0x00000000000831bc       0x28 /home/sager/repos/packages/arduino-1.6.7/Atmel_SAM/packages/arduino/tools/arm-none-eabi-gcc/4.8.3-2014q1/bin/../lib/gcc/arm-none-eabi/4.8.3/../../../../arm-none-eabi/lib/armv7-m/libg.a(lib_a-iprintf.o)
                0x00000000000831bc                iprintf
 .text.malloc   0x00000000000831e4       0x10 /home/sager/repos/packages/arduino-1.6.7/Atmel_SAM/packages/arduino/tools/arm-none-eabi-gcc/4.8.3-2014q1/bin/../lib/gcc/arm-none-eabi/4.8.3/../../../../arm-none-eabi/lib/armv7-m/libg.a(lib_a-malloc.o)
                0x00000000000831e4                malloc
 .text._malloc_r
                0x00000000000831f4      0x538 /home/sager/repos/packages/arduino-1.6.7/Atmel_SAM/packages/arduino/tools/arm-none-eabi-gcc/4.8.3-2014q1/bin/../lib/gcc/arm-none-eabi/4.8.3/../../../../arm-none-eabi/lib/armv7-m/libg.a(lib_a-mallocr.o)
                0x00000000000831f4                _malloc_r
 .text          0x000000000008372c       0xec /home/sager/repos/packages/arduino-1.6.7/Atmel_SAM/packages/arduino/tools/arm-none-eabi-gcc/4.8.3-2014q1/bin/../lib/gcc/arm-none-eabi/4.8.3/../../../../arm-none-eabi/lib/armv7-m/libg.a(lib_a-memcpy.o)
                0x000000000008372c                memcpy
 .text.memmove  0x0000000000083818       0xcc /home/sager/repos/packages/arduino-1.6.7/Atmel_SAM/packages/arduino/tools/arm-none-eabi-gcc/4.8.3-2014q1/bin/../lib/gcc/arm-none-eabi/4.8.3/../../../../arm-none-eabi/lib/armv7-m/libg.a(lib_a-memmove.o)
                0x0000000000083818                memmove
 .text.memset   0x00000000000838e4       0x94 /home/sager/repos/packages/arduino-1.6.7/Atmel_SAM/packages/arduino/tools/arm-none-eabi-gcc/4.8.3-2014q1/bin/../lib/gcc/arm-none-eabi/4.8.3/../../../../arm-none-eabi/lib/armv7-m/libg.a(lib_a-memset.o)
                0x00000000000838e4                memset
 .text.__malloc_lock
                0x0000000000083978        0x4 /home/sager/repos/packages/arduino-1.6.7/Atmel_SAM/packages/arduino/tools/arm-none-eabi-gcc/4.8.3-2014q1/bin/../lib/gcc/arm-none-eabi/4.8.3/../../../../arm-none-eabi/lib/armv7-m/libg.a(lib_a-mlock.o)
                0x0000000000083978                __malloc_lock
 .text.__malloc_unlock
                0x000000000008397c        0x4 /home/sager/repos/packages/arduino-1.6.7/Atmel_SAM/packages/arduino/tools/arm-none-eabi-gcc/4.8.3-2014q1/bin/../lib/gcc/arm-none-eabi/4.8.3/../../../../arm-none-eabi/lib/armv7-m/libg.a(lib_a-mlock.o)
                0x000000000008397c                __malloc_unlock
 .text._realloc_r
                0x0000000000083980      0x3c0 /home/sager/repos/packages/arduino-1.6.7/Atmel_SAM/packages/arduino/tools/arm-none-eabi-gcc/4.8.3-2014q1/bin/../lib/gcc/arm-none-eabi/4.8.3/../../../../arm-none-eabi/lib/armv7-m/libg.a(lib_a-reallocr.o)
                0x0000000000083980                _realloc_r
 .text._sbrk_r  0x0000000000083d40       0x24 /home/sager/repos/packages/arduino-1.6.7/Atmel_SAM/packages/arduino/tools/arm-none-eabi-gcc/4.8.3-2014q1/bin/../lib/gcc/arm-none-eabi/4.8.3/../../../../arm-none-eabi/lib/armv7-m/libg.a(lib_a-sbrkr.o)
                0x0000000000083d40                _sbrk_r
 .text.strlen   0x0000000000083d64       0x60 /home/sager/repos/packages/arduino-1.6.7/Atmel_SAM/packages/arduino/tools/arm-none-eabi-gcc/4.8.3-2014q1/bin/../lib/gcc/arm-none-eabi/4.8.3/../../../../arm-none-eabi/lib/armv7-m/libg.a(lib_a-strlen.o)
                0x0000000000083d64                strlen
 .text.__sprint_r.part.0
                0x0000000000083dc4       0x78 /home/sager/repos/packages/arduino-1.6.7/Atmel_SAM/packages/arduino/tools/arm-none-eabi-gcc/4.8.3-2014q1/bin/../lib/gcc/arm-none-eabi/4.8.3/../../../../arm-none-eabi/lib/armv7-m/libg.a(lib_a-vfiprintf.o)
 .text._vfiprintf_r
                0x0000000000083e3c      0xc54 /home/sager/repos/packages/arduino-1.6.7/Atmel_SAM/packages/arduino/tools/arm-none-eabi-gcc/4.8.3-2014q1/bin/../lib/gcc/arm-none-eabi/4.8.3/../../../../arm-none-eabi/lib/armv7-m/libg.a(lib_a-vfiprintf.o)
                0x0000000000083e3c                _vfiprintf_r
 .text.__sbprintf
                0x0000000000084a90       0x7c /home/sager/repos/packages/arduino-1.6.7/Atmel_SAM/packages/arduino/tools/arm-none-eabi-gcc/4.8.3-2014q1/bin/../lib/gcc/arm-none-eabi/4.8.3/../../../../arm-none-eabi/lib/armv7-m/libg.a(lib_a-vfiprintf.o)
 .text.__swsetup_r
                0x0000000000084b0c       0xc4 /home/sager/repos/packages/arduino-1.6.7/Atmel_SAM/packages/arduino/tools/arm-none-eabi-gcc/4.8.3-2014q1/bin/../lib/gcc/arm-none-eabi/4.8.3/../../../../arm-none-eabi/lib/armv7-m/libg.a(lib_a-wsetup.o)
                0x0000000000084b0c                __swsetup_r
 .text.startup.register_fini
                0x0000000000084bd0       0x14 /home/sager/repos/packages/arduino-1.6.7/Atmel_SAM/packages/arduino/tools/arm-none-eabi-gcc/4.8.3-2014q1/bin/../lib/gcc/arm-none-eabi/4.8.3/../../../../arm-none-eabi/lib/armv7-m/libg.a(lib_a-__call_atexit.o)
 .text.abort    0x0000000000084be4       0x10 /home/sager/repos/packages/arduino-1.6.7/Atmel_SAM/packages/arduino/tools/arm-none-eabi-gcc/4.8.3-2014q1/bin/../lib/gcc/arm-none-eabi/4.8.3/../../../../arm-none-eabi/lib/armv7-m/libg.a(lib_a-abort.o)
                0x0000000000084be4                abort
 .text.atexit   0x0000000000084bf4        0xc /home/sager/repos/packages/arduino-1.6.7/Atmel_SAM/packages/arduino/tools/arm-none-eabi-gcc/4.8.3-2014q1/bin/../lib/gcc/arm-none-eabi/4.8.3/../../../../arm-none-eabi/lib/armv7-m/libg.a(lib_a-atexit.o)
                0x0000000000084bf4                atexit
 .text.__sflush_r
                0x0000000000084c00      0x148 /home/sager/repos/packages/arduino-1.6.7/Atmel_SAM/packages/arduino/tools/arm-none-eabi-gcc/4.8.3-2014q1/bin/../lib/gcc/arm-none-eabi/4.8.3/../../../../arm-none-eabi/lib/armv7-m/libg.a(lib_a-fflush.o)
                0x0000000000084c00                __sflush_r
 .text._fflush_r
                0x0000000000084d48       0x2c /home/sager/repos/packages/arduino-1.6.7/Atmel_SAM/packages/arduino/tools/arm-none-eabi-gcc/4.8.3-2014q1/bin/../lib/gcc/arm-none-eabi/4.8.3/../../../../arm-none-eabi/lib/armv7-m/libg.a(lib_a-fflush.o)
                0x0000000000084d48                _fflush_r
 .text._cleanup_r
                0x0000000000084d74        0xc /home/sager/repos/packages/arduino-1.6.7/Atmel_SAM/packages/arduino/tools/arm-none-eabi-gcc/4.8.3-2014q1/bin/../lib/gcc/arm-none-eabi/4.8.3/../../../../arm-none-eabi/lib/armv7-m/libg.a(lib_a-findfp.o)
                0x0000000000084d74                _cleanup_r
 .text.__sinit  0x0000000000084d80       0xf4 /home/sager/repos/packages/arduino-1.6.7/Atmel_SAM/packages/arduino/tools/arm-none-eabi-gcc/4.8.3-2014q1/bin/../lib/gcc/arm-none-eabi/4.8.3/../../../../arm-none-eabi/lib/armv7-m/libg.a(lib_a-findfp.o)
                0x0000000000084d80                __sinit
 .text.__sfp_lock_acquire
                0x0000000000084e74        0x4 /home/sager/repos/packages/arduino-1.6.7/Atmel_SAM/packages/arduino/tools/arm-none-eabi-gcc/4.8.3-2014q1/bin/../lib/gcc/arm-none-eabi/4.8.3/../../../../arm-none-eabi/lib/armv7-m/libg.a(lib_a-findfp.o)
                0x0000000000084e74                __sfp_lock_acquire
 .text.__sfp_lock_release
                0x0000000000084e78        0x4 /home/sager/repos/packages/arduino-1.6.7/Atmel_SAM/packages/arduino/tools/arm-none-eabi-gcc/4.8.3-2014q1/bin/../lib/gcc/arm-none-eabi/4.8.3/../../../../arm-none-eabi/lib/armv7-m/libg.a(lib_a-findfp.o)
                0x0000000000084e78                __sfp_lock_release
 .text.__libc_fini_array
                0x0000000000084e7c       0x30 /home/sager/repos/packages/arduino-1.6.7/Atmel_SAM/packages/arduino/tools/arm-none-eabi-gcc/4.8.3-2014q1/bin/../lib/gcc/arm-none-eabi/4.8.3/../../../../arm-none-eabi/lib/armv7-m/libg.a(lib_a-fini.o)
                0x0000000000084e7c                __libc_fini_array
 .text._fputwc_r
                0x0000000000084eac       0xc0 /home/sager/repos/packages/arduino-1.6.7/Atmel_SAM/packages/arduino/tools/arm-none-eabi-gcc/4.8.3-2014q1/bin/../lib/gcc/arm-none-eabi/4.8.3/../../../../arm-none-eabi/lib/armv7-m/libg.a(lib_a-fputwc.o)
                0x0000000000084eac                _fputwc_r
 .text._malloc_trim_r
                0x0000000000084f6c       0x9c /home/sager/repos/packages/arduino-1.6.7/Atmel_SAM/packages/arduino/tools/arm-none-eabi-gcc/4.8.3-2014q1/bin/../lib/gcc/arm-none-eabi/4.8.3/../../../../arm-none-eabi/lib/armv7-m/libg.a(lib_a-freer.o)
                0x0000000000084f6c                _malloc_trim_r
 .text._free_r  0x0000000000085008      0x198 /home/sager/repos/packages/arduino-1.6.7/Atmel_SAM/packages/arduino/tools/arm-none-eabi-gcc/4.8.3-2014q1/bin/../lib/gcc/arm-none-eabi/4.8.3/../../../../arm-none-eabi/lib/armv7-m/libg.a(lib_a-freer.o)
                0x0000000000085008                _free_r
 .text.__sfvwrite_r
                0x00000000000851a0      0x314 /home/sager/repos/packages/arduino-1.6.7/Atmel_SAM/packages/arduino/tools/arm-none-eabi-gcc/4.8.3-2014q1/bin/../lib/gcc/arm-none-eabi/4.8.3/../../../../arm-none-eabi/lib/armv7-m/libg.a(lib_a-fvwrite.o)
                0x00000000000851a0                __sfvwrite_r
 .text._fwalk   0x00000000000854b4       0x48 /home/sager/repos/packages/arduino-1.6.7/Atmel_SAM/packages/arduino/tools/arm-none-eabi-gcc/4.8.3-2014q1/bin/../lib/gcc/arm-none-eabi/4.8.3/../../../../arm-none-eabi/lib/armv7-m/libg.a(lib_a-fwalk.o)
                0x00000000000854b4                _fwalk
 .text.__locale_charset
                0x00000000000854fc        0x8 /home/sager/repos/packages/arduino-1.6.7/Atmel_SAM/packages/arduino/tools/arm-none-eabi-gcc/4.8.3-2014q1/bin/../lib/gcc/arm-none-eabi/4.8.3/../../../../arm-none-eabi/lib/armv7-m/libg.a(lib_a-locale.o)
                0x00000000000854fc                __locale_charset
 .text.__locale_mb_cur_max
                0x0000000000085504        0xc /home/sager/repos/packages/arduino-1.6.7/Atmel_SAM/packages/arduino/tools/arm-none-eabi-gcc/4.8.3-2014q1/bin/../lib/gcc/arm-none-eabi/4.8.3/../../../../arm-none-eabi/lib/armv7-m/libg.a(lib_a-locale.o)
                0x0000000000085504                __locale_mb_cur_max
 .text.__smakebuf_r
                0x0000000000085510       0xe0 /home/sager/repos/packages/arduino-1.6.7/Atmel_SAM/packages/arduino/tools/arm-none-eabi-gcc/4.8.3-2014q1/bin/../lib/gcc/arm-none-eabi/4.8.3/../../../../arm-none-eabi/lib/armv7-m/libg.a(lib_a-makebuf.o)
                0x0000000000085510                __smakebuf_r
 .text.memchr   0x00000000000855f0       0x94 /home/sager/repos/packages/arduino-1.6.7/Atmel_SAM/packages/arduino/tools/arm-none-eabi-gcc/4.8.3-2014q1/bin/../lib/gcc/arm-none-eabi/4.8.3/../../../../arm-none-eabi/lib/armv7-m/libg.a(lib_a-memchr-stub.o)
                0x00000000000855f0                memchr
 .text._raise_r
                0x0000000000085684       0x58 /home/sager/repos/packages/arduino-1.6.7/Atmel_SAM/packages/arduino/tools/arm-none-eabi-gcc/4.8.3-2014q1/bin/../lib/gcc/arm-none-eabi/4.8.3/../../../../arm-none-eabi/lib/armv7-m/libg.a(lib_a-signal.o)
                0x0000000000085684                _raise_r
 .text.raise    0x00000000000856dc       0x10 /home/sager/repos/packages/arduino-1.6.7/Atmel_SAM/packages/arduino/tools/arm-none-eabi-gcc/4.8.3-2014q1/bin/../lib/gcc/arm-none-eabi/4.8.3/../../../../arm-none-eabi/lib/armv7-m/libg.a(lib_a-signal.o)
                0x00000000000856dc                raise
 .text._kill_r  0x00000000000856ec       0x28 /home/sager/repos/packages/arduino-1.6.7/Atmel_SAM/packages/arduino/tools/arm-none-eabi-gcc/4.8.3-2014q1/bin/../lib/gcc/arm-none-eabi/4.8.3/../../../../arm-none-eabi/lib/armv7-m/libg.a(lib_a-signalr.o)
                0x00000000000856ec                _kill_r
 .text._getpid_r
                0x0000000000085714        0x4 /home/sager/repos/packages/arduino-1.6.7/Atmel_SAM/packages/arduino/tools/arm-none-eabi-gcc/4.8.3-2014q1/bin/../lib/gcc/arm-none-eabi/4.8.3/../../../../arm-none-eabi/lib/armv7-m/libg.a(lib_a-signalr.o)
                0x0000000000085714                _getpid_r
 .text.__sread  0x0000000000085718       0x24 /home/sager/repos/packages/arduino-1.6.7/Atmel_SAM/packages/arduino/tools/arm-none-eabi-gcc/4.8.3-2014q1/bin/../lib/gcc/arm-none-eabi/4.8.3/../../../../arm-none-eabi/lib/armv7-m/libg.a(lib_a-stdio.o)
                0x0000000000085718                __sread
 .text.__swrite
                0x000000000008573c       0x38 /home/sager/repos/packages/arduino-1.6.7/Atmel_SAM/packages/arduino/tools/arm-none-eabi-gcc/4.8.3-2014q1/bin/../lib/gcc/arm-none-eabi/4.8.3/../../../../arm-none-eabi/lib/armv7-m/libg.a(lib_a-stdio.o)
                0x000000000008573c                __swrite
 .text.__sseek  0x0000000000085774       0x20 /home/sager/repos/packages/arduino-1.6.7/Atmel_SAM/packages/arduino/tools/arm-none-eabi-gcc/4.8.3-2014q1/bin/../lib/gcc/arm-none-eabi/4.8.3/../../../../arm-none-eabi/lib/armv7-m/libg.a(lib_a-stdio.o)
                0x0000000000085774                __sseek
 .text.__sclose
                0x0000000000085794        0x8 /home/sager/repos/packages/arduino-1.6.7/Atmel_SAM/packages/arduino/tools/arm-none-eabi-gcc/4.8.3-2014q1/bin/../lib/gcc/arm-none-eabi/4.8.3/../../../../arm-none-eabi/lib/armv7-m/libg.a(lib_a-stdio.o)
                0x0000000000085794                __sclose
 .text.__swbuf_r
                0x000000000008579c       0xa8 /home/sager/repos/packages/arduino-1.6.7/Atmel_SAM/packages/arduino/tools/arm-none-eabi-gcc/4.8.3-2014q1/bin/../lib/gcc/arm-none-eabi/4.8.3/../../../../arm-none-eabi/lib/armv7-m/libg.a(lib_a-wbuf.o)
                0x000000000008579c                __swbuf_r
 .text._wcrtomb_r
                0x0000000000085844       0x50 /home/sager/repos/packages/arduino-1.6.7/Atmel_SAM/packages/arduino/tools/arm-none-eabi-gcc/4.8.3-2014q1/bin/../lib/gcc/arm-none-eabi/4.8.3/../../../../arm-none-eabi/lib/armv7-m/libg.a(lib_a-wcrtomb.o)
                0x0000000000085844                _wcrtomb_r
 .text.__ascii_wctomb
                0x0000000000085894       0x1c /home/sager/repos/packages/arduino-1.6.7/Atmel_SAM/packages/arduino/tools/arm-none-eabi-gcc/4.8.3-2014q1/bin/../lib/gcc/arm-none-eabi/4.8.3/../../../../arm-none-eabi/lib/armv7-m/libg.a(lib_a-wctomb_r.o)
                0x0000000000085894                __ascii_wctomb
 .text._write_r
                0x00000000000858b0       0x28 /home/sager/repos/packages/arduino-1.6.7/Atmel_SAM/packages/arduino/tools/arm-none-eabi-gcc/4.8.3-2014q1/bin/../lib/gcc/arm-none-eabi/4.8.3/../../../../arm-none-eabi/lib/armv7-m/libg.a(lib_a-writer.o)
                0x00000000000858b0                _write_r
 .text.__register_exitproc
                0x00000000000858d8       0xa8 /home/sager/repos/packages/arduino-1.6.7/Atmel_SAM/packages/arduino/tools/arm-none-eabi-gcc/4.8.3-2014q1/bin/../lib/gcc/arm-none-eabi/4.8.3/../../../../arm-none-eabi/lib/armv7-m/libg.a(lib_a-__atexit.o)
                0x00000000000858d8                __register_exitproc
 .text._close_r
                0x0000000000085980       0x24 /home/sager/repos/packages/arduino-1.6.7/Atmel_SAM/packages/arduino/tools/arm-none-eabi-gcc/4.8.3-2014q1/bin/../lib/gcc/arm-none-eabi/4.8.3/../../../../arm-none-eabi/lib/armv7-m/libg.a(lib_a-closer.o)
                0x0000000000085980                _close_r
 .text._fclose_r
                0x00000000000859a4       0x80 /home/sager/repos/packages/arduino-1.6.7/Atmel_SAM/packages/arduino/tools/arm-none-eabi-gcc/4.8.3-2014q1/bin/../lib/gcc/arm-none-eabi/4.8.3/../../../../arm-none-eabi/lib/armv7-m/libg.a(lib_a-fclose.o)
                0x00000000000859a4                _fclose_r
 .text.fclose   0x0000000000085a24       0x10 /home/sager/repos/packages/arduino-1.6.7/Atmel_SAM/packages/arduino/tools/arm-none-eabi-gcc/4.8.3-2014q1/bin/../lib/gcc/arm-none-eabi/4.8.3/../../../../arm-none-eabi/lib/armv7-m/libg.a(lib_a-fclose.o)
                0x0000000000085a24                fclose
 .text._fstat_r
                0x0000000000085a34       0x28 /home/sager/repos/packages/arduino-1.6.7/Atmel_SAM/packages/arduino/tools/arm-none-eabi-gcc/4.8.3-2014q1/bin/../lib/gcc/arm-none-eabi/4.8.3/../../../../arm-none-eabi/lib/armv7-m/libg.a(lib_a-fstatr.o)
                0x0000000000085a34                _fstat_r
 .text._isatty_r
                0x0000000000085a5c       0x24 /home/sager/repos/packages/arduino-1.6.7/Atmel_SAM/packages/arduino/tools/arm-none-eabi-gcc/4.8.3-2014q1/bin/../lib/gcc/arm-none-eabi/4.8.3/../../../../arm-none-eabi/lib/armv7-m/libg.a(lib_a-isattyr.o)
                0x0000000000085a5c                _isatty_r
 .text._lseek_r
                0x0000000000085a80       0x28 /home/sager/repos/packages/arduino-1.6.7/Atmel_SAM/packages/arduino/tools/arm-none-eabi-gcc/4.8.3-2014q1/bin/../lib/gcc/arm-none-eabi/4.8.3/../../../../arm-none-eabi/lib/armv7-m/libg.a(lib_a-lseekr.o)
                0x0000000000085a80                _lseek_r
 .text._read_r  0x0000000000085aa8       0x28 /home/sager/repos/packages/arduino-1.6.7/Atmel_SAM/packages/arduino/tools/arm-none-eabi-gcc/4.8.3-2014q1/bin/../lib/gcc/arm-none-eabi/4.8.3/../../../../arm-none-eabi/lib/armv7-m/libg.a(lib_a-readr.o)
                0x0000000000085aa8                _read_r
 .text          0x0000000000085ad0       0x2c /home/sager/repos/packages/arduino-1.6.7/Atmel_SAM/packages/arduino/tools/arm-none-eabi-gcc/4.8.3-2014q1/bin/../lib/gcc/arm-none-eabi/4.8.3/armv7-m/libgcc.a(_aeabi_uldivmod.o)
                0x0000000000085ad0                __aeabi_uldivmod
 .text          0x0000000000085afc       0x60 /home/sager/repos/packages/arduino-1.6.7/Atmel_SAM/packages/arduino/tools/arm-none-eabi-gcc/4.8.3-2014q1/bin/../lib/gcc/arm-none-eabi/4.8.3/armv7-m/libgcc.a(bpabi.o)
                0x0000000000085afc                __gnu_ldivmod_helper
                0x0000000000085b2c                __gnu_uldivmod_helper
 .text          0x0000000000085b5c        0x4 /home/sager/repos/packages/arduino-1.6.7/Atmel_SAM/packages/arduino/tools/arm-none-eabi-gcc/4.8.3-2014q1/bin/../lib/gcc/arm-none-eabi/4.8.3/armv7-m/libgcc.a(_dvmd_tls.o)
                0x0000000000085b5c                __aeabi_ldiv0
                0x0000000000085b5c                __aeabi_idiv0
 .text          0x0000000000085b60      0x2a0 /home/sager/repos/packages/arduino-1.6.7/Atmel_SAM/packages/arduino/tools/arm-none-eabi-gcc/4.8.3-2014q1/bin/../lib/gcc/arm-none-eabi/4.8.3/armv7-m/libgcc.a(_divdi3.o)
                0x0000000000085b60                __divdi3
 .text          0x0000000000085e00      0x290 /home/sager/repos/packages/arduino-1.6.7/Atmel_SAM/packages/arduino/tools/arm-none-eabi-gcc/4.8.3-2014q1/bin/../lib/gcc/arm-none-eabi/4.8.3/armv7-m/libgcc.a(_udivdi3.o)
                0x0000000000085e00                __udivdi3
 *(.glue_7t)
 .glue_7t       0x0000000000000000        0x0 linker stubs
 *(.glue_7)
 .glue_7        0x0000000000000000        0x0 linker stubs
 *(.rodata .rodata* .gnu.linkonce.r.*)
 .rodata.str1.1
                0x0000000000086090       0x19 ./build/core/syscalls_sam3.c.o
 .rodata.str1.1
                0x00000000000860a9       0x91 /home/sager/repos/sensors/v4.12/integrated/chemsense_validation/firmware/build/sketch/firmware.ino.cpp.o
                                         0x92 (size before relaxing)
 .rodata        0x000000000008613a        0x8 /home/sager/repos/sensors/v4.12/integrated/chemsense_validation/firmware/build/sketch/DueTimer/DueTimer.cpp.o
 *fill*         0x0000000000086142        0x2 
 .rodata._ZN8DueTimer6TimersE
                0x0000000000086144       0x6c /home/sager/repos/sensors/v4.12/integrated/chemsense_validation/firmware/build/sketch/DueTimer/DueTimer.cpp.o
                0x0000000000086144                DueTimer::Timers
 .rodata.g_APinDescription
                0x00000000000861b0      0xa2c /home/sager/repos/sensors/v4.12/integrated/chemsense_validation/firmware/build/core/variant.cpp.o
                0x00000000000861b0                g_APinDescription
 .rodata.__func__.6792
                0x0000000000086bdc        0xd /home/sager/.arduino15/packages/arduino/hardware/sam/1.6.6/variants/arduino_due_x/libsam_sam3x8e_gcc_rel.a(tc.o)
 .rodata.str1.1
                0x0000000000086be9       0x54 /home/sager/.arduino15/packages/arduino/hardware/sam/1.6.6/variants/arduino_due_x/libsam_sam3x8e_gcc_rel.a(tc.o)
 .rodata.__func__.6798
                0x0000000000086c3d        0x9 /home/sager/.arduino15/packages/arduino/hardware/sam/1.6.6/variants/arduino_due_x/libsam_sam3x8e_gcc_rel.a(tc.o)
 *fill*         0x0000000000086c46        0x2 
 .rodata        0x0000000000086c48       0x40 /home/sager/.arduino15/packages/arduino/hardware/sam/1.6.6/variants/arduino_due_x/libsam_sam3x8e_gcc_rel.a(adc.o)
 .rodata.str1.1
                0x0000000000086c88       0x11 ./build/core/core.a(Print.cpp.o)
 *fill*         0x0000000000086c99        0x7 
 .rodata._ZTV9UARTClass
                0x0000000000086ca0       0x30 ./build/core/core.a(UARTClass.cpp.o)
                0x0000000000086ca0                vtable for UARTClass
 .rodata._ZTV10USARTClass
                0x0000000000086cd0       0x30 ./build/core/core.a(USARTClass.cpp.o)
                0x0000000000086cd0                vtable for USARTClass
 .rodata._ZTV7Serial_
                0x0000000000086d00       0x28 ./build/core/core.a(CDC.cpp.o)
                0x0000000000086d00                vtable for Serial_
 .rodata._ZL18_cdcOtherInterface
                0x0000000000086d28       0x42 ./build/core/core.a(CDC.cpp.o)
 .rodata._ZL13_cdcInterface
                0x0000000000086d6a       0x42 ./build/core/core.a(CDC.cpp.o)
 .rodata.STRING_PRODUCT
                0x0000000000086dac        0xc ./build/core/core.a(USBCore.cpp.o)
                0x0000000000086dac                STRING_PRODUCT
 .rodata.USB_DeviceDescriptor
                0x0000000000086db8       0x12 ./build/core/core.a(USBCore.cpp.o)
                0x0000000000086db8                USB_DeviceDescriptor
 .rodata.STRING_LANGUAGE
                0x0000000000086dca        0x4 ./build/core/core.a(USBCore.cpp.o)
                0x0000000000086dca                STRING_LANGUAGE
 .rodata._ZL18test_packet_buffer
                0x0000000000086dce       0x35 ./build/core/core.a(USBCore.cpp.o)
 .rodata.STRING_MANUFACTURER
                0x0000000000086e03        0xc ./build/core/core.a(USBCore.cpp.o)
                0x0000000000086e03                STRING_MANUFACTURER
 .rodata.USB_DeviceDescriptorA
                0x0000000000086e0f       0x12 ./build/core/core.a(USBCore.cpp.o)
                0x0000000000086e0f                USB_DeviceDescriptorA
 .rodata._ZL19USB_DeviceQualifier
                0x0000000000086e21        0x9 ./build/core/core.a(USBCore.cpp.o)
 *fill*         0x0000000000086e2a        0x2 
 .rodata.str1.4
                0x0000000000086e2c       0x3f /home/sager/repos/packages/arduino-1.6.7/Atmel_SAM/packages/arduino/tools/arm-none-eabi-gcc/4.8.3-2014q1/bin/../lib/gcc/arm-none-eabi/4.8.3/../../../../arm-none-eabi/lib/armv7-m/libg.a(lib_a-assert.o)
                                         0x44 (size before relaxing)
 *fill*         0x0000000000086e6b        0x1 
 .rodata.str1.4
                0x0000000000086e6c        0x2 /home/sager/repos/packages/arduino-1.6.7/Atmel_SAM/packages/arduino/tools/arm-none-eabi-gcc/4.8.3-2014q1/bin/../lib/gcc/arm-none-eabi/4.8.3/../../../../arm-none-eabi/lib/armv7-m/libg.a(lib_a-impure.o)
                                          0x4 (size before relaxing)
 *fill*         0x0000000000086e6e        0x2 
 .rodata._global_impure_ptr
                0x0000000000086e70        0x4 /home/sager/repos/packages/arduino-1.6.7/Atmel_SAM/packages/arduino/tools/arm-none-eabi-gcc/4.8.3-2014q1/bin/../lib/gcc/arm-none-eabi/4.8.3/../../../../arm-none-eabi/lib/armv7-m/libg.a(lib_a-impure.o)
                0x0000000000086e70                _global_impure_ptr
 .rodata.blanks.6717
                0x0000000000086e74       0x10 /home/sager/repos/packages/arduino-1.6.7/Atmel_SAM/packages/arduino/tools/arm-none-eabi-gcc/4.8.3-2014q1/bin/../lib/gcc/arm-none-eabi/4.8.3/../../../../arm-none-eabi/lib/armv7-m/libg.a(lib_a-vfiprintf.o)
 .rodata.str1.4
                0x0000000000086e84       0x30 /home/sager/repos/packages/arduino-1.6.7/Atmel_SAM/packages/arduino/tools/arm-none-eabi-gcc/4.8.3-2014q1/bin/../lib/gcc/arm-none-eabi/4.8.3/../../../../arm-none-eabi/lib/armv7-m/libg.a(lib_a-vfiprintf.o)
 .rodata.zeroes.6718
                0x0000000000086eb4       0x10 /home/sager/repos/packages/arduino-1.6.7/Atmel_SAM/packages/arduino/tools/arm-none-eabi-gcc/4.8.3-2014q1/bin/../lib/gcc/arm-none-eabi/4.8.3/../../../../arm-none-eabi/lib/armv7-m/libg.a(lib_a-vfiprintf.o)
 *(.ARM.extab* .gnu.linkonce.armextab.*)
                0x0000000000086ec4                . = ALIGN (0x4)
 *(.init)
 .init          0x0000000000086ec4        0x4 /home/sager/repos/packages/arduino-1.6.7/Atmel_SAM/packages/arduino/tools/arm-none-eabi-gcc/4.8.3-2014q1/bin/../lib/gcc/arm-none-eabi/4.8.3/armv7-m/crti.o
                0x0000000000086ec4                _init
 .init          0x0000000000086ec8        0x8 /home/sager/repos/packages/arduino-1.6.7/Atmel_SAM/packages/arduino/tools/arm-none-eabi-gcc/4.8.3-2014q1/bin/../lib/gcc/arm-none-eabi/4.8.3/armv7-m/crtn.o
                0x0000000000086ed0                . = ALIGN (0x4)
                0x0000000000086ed0                __preinit_array_start = .
 *(.preinit_array)
                0x0000000000086ed0                __preinit_array_end = .
                0x0000000000086ed0                . = ALIGN (0x4)
                0x0000000000086ed0                __init_array_start = .
 *(SORT(.init_array.*))
 .init_array.00000
                0x0000000000086ed0        0x4 /home/sager/repos/packages/arduino-1.6.7/Atmel_SAM/packages/arduino/tools/arm-none-eabi-gcc/4.8.3-2014q1/bin/../lib/gcc/arm-none-eabi/4.8.3/../../../../arm-none-eabi/lib/armv7-m/libg.a(lib_a-__call_atexit.o)
 *(.init_array)
 .init_array    0x0000000000086ed4        0x4 /home/sager/repos/packages/arduino-1.6.7/Atmel_SAM/packages/arduino/tools/arm-none-eabi-gcc/4.8.3-2014q1/bin/../lib/gcc/arm-none-eabi/4.8.3/armv7-m/crtbegin.o
 .init_array    0x0000000000086ed8        0x4 /home/sager/repos/sensors/v4.12/integrated/chemsense_validation/firmware/build/sketch/DueTimer/DueTimer.cpp.o
 .init_array    0x0000000000086edc        0x4 /home/sager/repos/sensors/v4.12/integrated/chemsense_validation/firmware/build/core/variant.cpp.o
 .init_array    0x0000000000086ee0        0x4 ./build/core/core.a(CDC.cpp.o)
 .init_array    0x0000000000086ee4        0x4 ./build/core/core.a(USBCore.cpp.o)
                0x0000000000086ee8                __init_array_end = .
                0x0000000000086ee8                . = ALIGN (0x4)
 *crtbegin.o(.ctors)
 *(EXCLUDE_FILE(*crtend.o) .ctors)
 *(SORT(.ctors.*))
 *crtend.o(.ctors)
                0x0000000000086ee8                . = ALIGN (0x4)
 *(.fini)
 .fini          0x0000000000086ee8        0x4 /home/sager/repos/packages/arduino-1.6.7/Atmel_SAM/packages/arduino/tools/arm-none-eabi-gcc/4.8.3-2014q1/bin/../lib/gcc/arm-none-eabi/4.8.3/armv7-m/crti.o
                0x0000000000086ee8                _fini
 .fini          0x0000000000086eec        0x8 /home/sager/repos/packages/arduino-1.6.7/Atmel_SAM/packages/arduino/tools/arm-none-eabi-gcc/4.8.3-2014q1/bin/../lib/gcc/arm-none-eabi/4.8.3/armv7-m/crtn.o
                0x0000000000086ef4                . = ALIGN (0x4)
                0x0000000000086ef4                __fini_array_start = .
 *(.fini_array)
 .fini_array    0x0000000000086ef4        0x4 /home/sager/repos/packages/arduino-1.6.7/Atmel_SAM/packages/arduino/tools/arm-none-eabi-gcc/4.8.3-2014q1/bin/../lib/gcc/arm-none-eabi/4.8.3/armv7-m/crtbegin.o
 *(SORT(.fini_array.*))
                0x0000000000086ef8                __fini_array_end = .
 *crtbegin.o(.dtors)
 *(EXCLUDE_FILE(*crtend.o) .dtors)
 *(SORT(.dtors.*))
 *crtend.o(.dtors)
                0x0000000000086ef8                . = ALIGN (0x4)
                0x0000000000086ef8                _efixed = .
                0x0000000000086ef8                PROVIDE (__exidx_start, .)

.vfp11_veneer   0x0000000000086ef8        0x0
 .vfp11_veneer  0x0000000000000000        0x0 linker stubs

.v4_bx          0x0000000000086ef8        0x0
 .v4_bx         0x0000000000000000        0x0 linker stubs

.iplt           0x0000000000086ef8        0x0
 .iplt          0x0000000000000000        0x0 /home/sager/repos/packages/arduino-1.6.7/Atmel_SAM/packages/arduino/tools/arm-none-eabi-gcc/4.8.3-2014q1/bin/../lib/gcc/arm-none-eabi/4.8.3/armv7-m/crtbegin.o

.ARM.exidx      0x0000000000086ef8        0x8
 *(.ARM.exidx* .gnu.linkonce.armexidx.*)
 .ARM.exidx     0x0000000000086ef8        0x8 /home/sager/repos/packages/arduino-1.6.7/Atmel_SAM/packages/arduino/tools/arm-none-eabi-gcc/4.8.3-2014q1/bin/../lib/gcc/arm-none-eabi/4.8.3/armv7-m/libgcc.a(_divdi3.o)
 .ARM.exidx     0x0000000000086f00        0x0 /home/sager/repos/packages/arduino-1.6.7/Atmel_SAM/packages/arduino/tools/arm-none-eabi-gcc/4.8.3-2014q1/bin/../lib/gcc/arm-none-eabi/4.8.3/armv7-m/libgcc.a(_udivdi3.o)
                                          0x8 (size before relaxing)
                0x0000000000086f00                PROVIDE (__exidx_end, .)

.eh_frame       0x0000000000086f00        0x0
 .eh_frame      0x0000000000086f00        0x0 /home/sager/repos/packages/arduino-1.6.7/Atmel_SAM/packages/arduino/tools/arm-none-eabi-gcc/4.8.3-2014q1/bin/../lib/gcc/arm-none-eabi/4.8.3/armv7-m/crtbegin.o

.rel.dyn        0x0000000000086f00        0x0
 .rel.iplt      0x0000000000000000        0x0 /home/sager/repos/packages/arduino-1.6.7/Atmel_SAM/packages/arduino/tools/arm-none-eabi-gcc/4.8.3-2014q1/bin/../lib/gcc/arm-none-eabi/4.8.3/armv7-m/crtbegin.o

.jcr            0x0000000000086f00        0x0
 .jcr           0x0000000000086f00        0x0 /home/sager/repos/packages/arduino-1.6.7/Atmel_SAM/packages/arduino/tools/arm-none-eabi-gcc/4.8.3-2014q1/bin/../lib/gcc/arm-none-eabi/4.8.3/armv7-m/crtbegin.o

.igot.plt       0x0000000000086f00        0x0
 .igot.plt      0x0000000000000000        0x0 /home/sager/repos/packages/arduino-1.6.7/Atmel_SAM/packages/arduino/tools/arm-none-eabi-gcc/4.8.3-2014q1/bin/../lib/gcc/arm-none-eabi/4.8.3/armv7-m/crtbegin.o
                0x0000000000086f00                . = ALIGN (0x4)
                0x0000000000086f00                _etext = .

.relocate       0x0000000020070000      0x91c load address 0x0000000000086f00
                0x0000000020070000                . = ALIGN (0x4)
                0x0000000020070000                _srelocate = .
 *(.ramfunc .ramfunc.*)
 .ramfunc       0x0000000020070000       0x2c ./build/core/core.a(Reset.cpp.o)
                0x0000000020070000                banzai
 *(.data .data.*)
 *fill*         0x000000002007002c        0x4 
 .data._ZN8DueTimer10_frequencyE
                0x0000000020070030       0x48 /home/sager/repos/sensors/v4.12/integrated/chemsense_validation/firmware/build/sketch/DueTimer/DueTimer.cpp.o
                0x0000000020070030                DueTimer::_frequency
 .data.SystemCoreClock
                0x0000000020070078        0x4 /home/sager/.arduino15/packages/arduino/hardware/sam/1.6.6/variants/arduino_due_x/libsam_sam3x8e_gcc_rel.a(system_sam3xa.o)
                0x0000000020070078                SystemCoreClock
 .data._ZL5ticks
                0x000000002007007c        0x4 ./build/core/core.a(Reset.cpp.o)
 .data._ZL12_usbLineInfo
                0x0000000020070080        0x8 ./build/core/core.a(CDC.cpp.o)
 .data.EndPoints
                0x0000000020070088       0x28 ./build/core/core.a(USBCore.cpp.o)
                0x0000000020070088                EndPoints
 .data.g_interrupt_enabled
                0x00000000200700b0        0x4 /home/sager/.arduino15/packages/arduino/hardware/sam/1.6.6/variants/arduino_due_x/libsam_sam3x8e_gcc_rel.a(interrupt_sam_nvic.o)
                0x00000000200700b0                g_interrupt_enabled
 *fill*         0x00000000200700b4        0x4 
 .data.impure_data
                0x00000000200700b8      0x428 /home/sager/repos/packages/arduino-1.6.7/Atmel_SAM/packages/arduino/tools/arm-none-eabi-gcc/4.8.3-2014q1/bin/../lib/gcc/arm-none-eabi/4.8.3/../../../../arm-none-eabi/lib/armv7-m/libg.a(lib_a-impure.o)
 .data._impure_ptr
                0x00000000200704e0        0x4 /home/sager/repos/packages/arduino-1.6.7/Atmel_SAM/packages/arduino/tools/arm-none-eabi-gcc/4.8.3-2014q1/bin/../lib/gcc/arm-none-eabi/4.8.3/../../../../arm-none-eabi/lib/armv7-m/libg.a(lib_a-impure.o)
                0x00000000200704e0                _impure_ptr
 .data.__malloc_av_
                0x00000000200704e4      0x408 /home/sager/repos/packages/arduino-1.6.7/Atmel_SAM/packages/arduino/tools/arm-none-eabi-gcc/4.8.3-2014q1/bin/../lib/gcc/arm-none-eabi/4.8.3/../../../../arm-none-eabi/lib/armv7-m/libg.a(lib_a-mallocr.o)
                0x00000000200704e4                __malloc_av_
 .data.__malloc_trim_threshold
                0x00000000200708ec        0x4 /home/sager/repos/packages/arduino-1.6.7/Atmel_SAM/packages/arduino/tools/arm-none-eabi-gcc/4.8.3-2014q1/bin/../lib/gcc/arm-none-eabi/4.8.3/../../../../arm-none-eabi/lib/armv7-m/libg.a(lib_a-mallocr.o)
                0x00000000200708ec                __malloc_trim_threshold
 .data.__malloc_sbrk_base
                0x00000000200708f0        0x4 /home/sager/repos/packages/arduino-1.6.7/Atmel_SAM/packages/arduino/tools/arm-none-eabi-gcc/4.8.3-2014q1/bin/../lib/gcc/arm-none-eabi/4.8.3/../../../../arm-none-eabi/lib/armv7-m/libg.a(lib_a-mallocr.o)
                0x00000000200708f0                __malloc_sbrk_base
 .data.lc_ctype_charset
                0x00000000200708f4       0x20 /home/sager/repos/packages/arduino-1.6.7/Atmel_SAM/packages/arduino/tools/arm-none-eabi-gcc/4.8.3-2014q1/bin/../lib/gcc/arm-none-eabi/4.8.3/../../../../arm-none-eabi/lib/armv7-m/libg.a(lib_a-locale.o)
 .data.__mb_cur_max
                0x0000000020070914        0x4 /home/sager/repos/packages/arduino-1.6.7/Atmel_SAM/packages/arduino/tools/arm-none-eabi-gcc/4.8.3-2014q1/bin/../lib/gcc/arm-none-eabi/4.8.3/../../../../arm-none-eabi/lib/armv7-m/libg.a(lib_a-locale.o)
                0x0000000020070914                __mb_cur_max
 .data.__wctomb
                0x0000000020070918        0x4 /home/sager/repos/packages/arduino-1.6.7/Atmel_SAM/packages/arduino/tools/arm-none-eabi-gcc/4.8.3-2014q1/bin/../lib/gcc/arm-none-eabi/4.8.3/../../../../arm-none-eabi/lib/armv7-m/libg.a(lib_a-wctomb_r.o)
                0x0000000020070918                __wctomb
                0x000000002007091c                . = ALIGN (0x4)
                0x000000002007091c                _erelocate = .

.bss            0x000000002007091c      0xe64 load address 0x000000000008781c
                0x000000002007091c                . = ALIGN (0x4)
                0x000000002007091c                _sbss = .
                0x000000002007091c                _szero = .
 *(.bss .bss.*)
 .bss           0x000000002007091c       0x1c /home/sager/repos/packages/arduino-1.6.7/Atmel_SAM/packages/arduino/tools/arm-none-eabi-gcc/4.8.3-2014q1/bin/../lib/gcc/arm-none-eabi/4.8.3/armv7-m/crtbegin.o
 .bss.heap.6420
                0x0000000020070938        0x4 ./build/core/syscalls_sam3.c.o
 .bss.inputarray
                0x000000002007093c      0x400 /home/sager/repos/sensors/v4.12/integrated/chemsense_validation/firmware/build/sketch/firmware.ino.cpp.o
                0x000000002007093c                inputarray
 .bss.UP_DOWN   0x0000000020070d3c        0x1 /home/sager/repos/sensors/v4.12/integrated/chemsense_validation/firmware/build/sketch/firmware.ino.cpp.o
                0x0000000020070d3c                UP_DOWN
 *fill*         0x0000000020070d3d        0x1 
 .bss.Timer0    0x0000000020070d3e        0x2 /home/sager/repos/sensors/v4.12/integrated/chemsense_validation/firmware/build/sketch/DueTimer/DueTimer.cpp.o
                0x0000000020070d3e                Timer0
 .bss.Timer1    0x0000000020070d40        0x2 /home/sager/repos/sensors/v4.12/integrated/chemsense_validation/firmware/build/sketch/DueTimer/DueTimer.cpp.o
                0x0000000020070d40                Timer1
 .bss.Timer2    0x0000000020070d42        0x2 /home/sager/repos/sensors/v4.12/integrated/chemsense_validation/firmware/build/sketch/DueTimer/DueTimer.cpp.o
                0x0000000020070d42                Timer2
 .bss.Timer3    0x0000000020070d44        0x2 /home/sager/repos/sensors/v4.12/integrated/chemsense_validation/firmware/build/sketch/DueTimer/DueTimer.cpp.o
                0x0000000020070d44                Timer3
 .bss.Timer4    0x0000000020070d46        0x2 /home/sager/repos/sensors/v4.12/integrated/chemsense_validation/firmware/build/sketch/DueTimer/DueTimer.cpp.o
                0x0000000020070d46                Timer4
 .bss.Timer6    0x0000000020070d48        0x2 /home/sager/repos/sensors/v4.12/integrated/chemsense_validation/firmware/build/sketch/DueTimer/DueTimer.cpp.o
                0x0000000020070d48                Timer6
 .bss.Timer7    0x0000000020070d4a        0x2 /home/sager/repos/sensors/v4.12/integrated/chemsense_validation/firmware/build/sketch/DueTimer/DueTimer.cpp.o
                0x0000000020070d4a                Timer7
 .bss.Timer8    0x0000000020070d4c        0x2 /home/sager/repos/sensors/v4.12/integrated/chemsense_validation/firmware/build/sketch/DueTimer/DueTimer.cpp.o
                0x0000000020070d4c                Timer8
 *fill*         0x0000000020070d4e        0x2 
 .bss._ZN8DueTimer9callbacksE
                0x0000000020070d50       0x24 /home/sager/repos/sensors/v4.12/integrated/chemsense_validation/firmware/build/sketch/DueTimer/DueTimer.cpp.o
                0x0000000020070d50                DueTimer::callbacks
 .bss.Timer5    0x0000000020070d74        0x2 /home/sager/repos/sensors/v4.12/integrated/chemsense_validation/firmware/build/sketch/DueTimer/DueTimer.cpp.o
                0x0000000020070d74                Timer5
 .bss.Timer     0x0000000020070d76        0x2 /home/sager/repos/sensors/v4.12/integrated/chemsense_validation/firmware/build/sketch/DueTimer/DueTimer.cpp.o
                0x0000000020070d76                Timer
 .bss.tx_buffer2
                0x0000000020070d78       0x88 /home/sager/repos/sensors/v4.12/integrated/chemsense_validation/firmware/build/core/variant.cpp.o
                0x0000000020070d78                tx_buffer2
 .bss.tx_buffer1
                0x0000000020070e00       0x88 /home/sager/repos/sensors/v4.12/integrated/chemsense_validation/firmware/build/core/variant.cpp.o
                0x0000000020070e00                tx_buffer1
 .bss.Serial    0x0000000020070e88       0x24 /home/sager/repos/sensors/v4.12/integrated/chemsense_validation/firmware/build/core/variant.cpp.o
                0x0000000020070e88                Serial
 .bss.rx_buffer1
                0x0000000020070eac       0x88 /home/sager/repos/sensors/v4.12/integrated/chemsense_validation/firmware/build/core/variant.cpp.o
                0x0000000020070eac                rx_buffer1
 .bss.Serial1   0x0000000020070f34       0x28 /home/sager/repos/sensors/v4.12/integrated/chemsense_validation/firmware/build/core/variant.cpp.o
                0x0000000020070f34                Serial1
 .bss.Serial2   0x0000000020070f5c       0x28 /home/sager/repos/sensors/v4.12/integrated/chemsense_validation/firmware/build/core/variant.cpp.o
                0x0000000020070f5c                Serial2
 .bss.Serial3   0x0000000020070f84       0x28 /home/sager/repos/sensors/v4.12/integrated/chemsense_validation/firmware/build/core/variant.cpp.o
                0x0000000020070f84                Serial3
 .bss.tx_buffer3
                0x0000000020070fac       0x88 /home/sager/repos/sensors/v4.12/integrated/chemsense_validation/firmware/build/core/variant.cpp.o
                0x0000000020070fac                tx_buffer3
 .bss.tx_buffer4
                0x0000000020071034       0x88 /home/sager/repos/sensors/v4.12/integrated/chemsense_validation/firmware/build/core/variant.cpp.o
                0x0000000020071034                tx_buffer4
 .bss.rx_buffer2
                0x00000000200710bc       0x88 /home/sager/repos/sensors/v4.12/integrated/chemsense_validation/firmware/build/core/variant.cpp.o
                0x00000000200710bc                rx_buffer2
 .bss.rx_buffer3
                0x0000000020071144       0x88 /home/sager/repos/sensors/v4.12/integrated/chemsense_validation/firmware/build/core/variant.cpp.o
                0x0000000020071144                rx_buffer3
 .bss.rx_buffer4
                0x00000000200711cc       0x88 /home/sager/repos/sensors/v4.12/integrated/chemsense_validation/firmware/build/core/variant.cpp.o
                0x00000000200711cc                rx_buffer4
 .bss.gpf_isr   0x0000000020071254        0x4 /home/sager/.arduino15/packages/arduino/hardware/sam/1.6.6/variants/arduino_due_x/libsam_sam3x8e_gcc_rel.a(uotghs.o)
                0x0000000020071254                gpf_isr
 .bss.callbacksPioA
                0x0000000020071258       0x80 ./build/core/core.a(WInterrupts.c.o)
 .bss.callbacksPioB
                0x00000000200712d8       0x80 ./build/core/core.a(WInterrupts.c.o)
 .bss.callbacksPioC
                0x0000000020071358       0x80 ./build/core/core.a(WInterrupts.c.o)
 .bss.callbacksPioD
                0x00000000200713d8       0x80 ./build/core/core.a(WInterrupts.c.o)
 .bss.pinEnabled
                0x0000000020071458       0x4f ./build/core/core.a(wiring_analog.c.o)
 *fill*         0x00000000200714a7        0x1 
 .bss.cdc_rx_buffer
                0x00000000200714a8      0x208 ./build/core/core.a(CDC.cpp.o)
                0x00000000200714a8                cdc_rx_buffer
 .bss._ZZN7Serial_6acceptEvE5guard
                0x00000000200716b0        0x4 ./build/core/core.a(CDC.cpp.o)
 .bss.SerialUSB
                0x00000000200716b4       0x14 ./build/core/core.a(CDC.cpp.o)
                0x00000000200716b4                SerialUSB
 .bss._cmark    0x00000000200716c8        0x2 ./build/core/core.a(USBCore.cpp.o)
                0x00000000200716c8                _cmark
 .bss._ZL14isEndpointHalt
                0x00000000200716ca        0x1 ./build/core/core.a(USBCore.cpp.o)
 *fill*         0x00000000200716cb        0x1 
 .bss._cdcComposite
                0x00000000200716cc        0x4 ./build/core/core.a(USBCore.cpp.o)
                0x00000000200716cc                _cdcComposite
 .bss._ZL21isRemoteWakeUpEnabled
                0x00000000200716d0        0x1 ./build/core/core.a(USBCore.cpp.o)
 *fill*         0x00000000200716d1        0x3 
 .bss._usbInitialized
                0x00000000200716d4        0x4 ./build/core/core.a(USBCore.cpp.o)
                0x00000000200716d4                _usbInitialized
 .bss.USBDevice
                0x00000000200716d8        0x1 ./build/core/core.a(USBCore.cpp.o)
                0x00000000200716d8                USBDevice
 *fill*         0x00000000200716d9        0x3 
 .bss._usbSetInterface
                0x00000000200716dc        0x4 ./build/core/core.a(USBCore.cpp.o)
                0x00000000200716dc                _usbSetInterface
 .bss._cend     0x00000000200716e0        0x2 ./build/core/core.a(USBCore.cpp.o)
                0x00000000200716e0                _cend
 *fill*         0x00000000200716e2        0x2 
 .bss._usbConfiguration
                0x00000000200716e4        0x4 ./build/core/core.a(USBCore.cpp.o)
                0x00000000200716e4                _usbConfiguration
 .bss._ZZ12PluggableUSBvE3obj
                0x00000000200716e8        0x8 ./build/core/core.a(PluggableUSB.cpp.o)
 .bss._ZGVZ12PluggableUSBvE3obj
                0x00000000200716f0        0x4 ./build/core/core.a(PluggableUSB.cpp.o)
 .bss._dwTickCount
                0x00000000200716f4        0x4 /home/sager/.arduino15/packages/arduino/hardware/sam/1.6.6/variants/arduino_due_x/libsam_sam3x8e_gcc_rel.a(timetick.o)
 .bss.ul_recv_fifo_ptr
                0x00000000200716f8       0x28 /home/sager/.arduino15/packages/arduino/hardware/sam/1.6.6/variants/arduino_due_x/libsam_sam3x8e_gcc_rel.a(uotghs_device.o)
 .bss.ul_send_fifo_ptr
                0x0000000020071720       0x28 /home/sager/.arduino15/packages/arduino/hardware/sam/1.6.6/variants/arduino_due_x/libsam_sam3x8e_gcc_rel.a(uotghs_device.o)
 .bss.__malloc_max_total_mem
                0x0000000020071748        0x4 /home/sager/repos/packages/arduino-1.6.7/Atmel_SAM/packages/arduino/tools/arm-none-eabi-gcc/4.8.3-2014q1/bin/../lib/gcc/arm-none-eabi/4.8.3/../../../../arm-none-eabi/lib/armv7-m/libg.a(lib_a-mallocr.o)
                0x0000000020071748                __malloc_max_total_mem
 .bss.__malloc_max_sbrked_mem
                0x000000002007174c        0x4 /home/sager/repos/packages/arduino-1.6.7/Atmel_SAM/packages/arduino/tools/arm-none-eabi-gcc/4.8.3-2014q1/bin/../lib/gcc/arm-none-eabi/4.8.3/../../../../arm-none-eabi/lib/armv7-m/libg.a(lib_a-mallocr.o)
                0x000000002007174c                __malloc_max_sbrked_mem
 .bss.__malloc_top_pad
                0x0000000020071750        0x4 /home/sager/repos/packages/arduino-1.6.7/Atmel_SAM/packages/arduino/tools/arm-none-eabi-gcc/4.8.3-2014q1/bin/../lib/gcc/arm-none-eabi/4.8.3/../../../../arm-none-eabi/lib/armv7-m/libg.a(lib_a-mallocr.o)
                0x0000000020071750                __malloc_top_pad
 .bss.__malloc_current_mallinfo
                0x0000000020071754       0x28 /home/sager/repos/packages/arduino-1.6.7/Atmel_SAM/packages/arduino/tools/arm-none-eabi-gcc/4.8.3-2014q1/bin/../lib/gcc/arm-none-eabi/4.8.3/../../../../arm-none-eabi/lib/armv7-m/libg.a(lib_a-mallocr.o)
                0x0000000020071754                __malloc_current_mallinfo
 *(COMMON)
 COMMON         0x000000002007177c        0x4 /home/sager/repos/packages/arduino-1.6.7/Atmel_SAM/packages/arduino/tools/arm-none-eabi-gcc/4.8.3-2014q1/bin/../lib/gcc/arm-none-eabi/4.8.3/../../../../arm-none-eabi/lib/armv7-m/libg.a(lib_a-reent.o)
                0x000000002007177c                errno
                0x0000000020071780                . = ALIGN (0x4)
                0x0000000020071780                _ebss = .
                0x0000000020071780                _ezero = .
                0x0000000020071780                . = ALIGN (0x4)
                0x0000000020071780                _end = .

.stack_dummy    0x0000000020071780        0x0
 *(.stack*)
                0x0000000020088000                __StackTop = (ORIGIN (ram) + 0x18000)
                0x0000000020088000                __StackLimit = (__StackTop - SIZEOF (.stack_dummy))
                0x0000000020088000                PROVIDE (_sstack, __StackLimit)
                0x0000000020088000                PROVIDE (_estack, __StackTop)
OUTPUT(./build/firmware.ino.elf elf32-littlearm)

.ARM.attributes
                0x0000000000000000       0x29
 .ARM.attributes
                0x0000000000000000       0x1d /home/sager/repos/packages/arduino-1.6.7/Atmel_SAM/packages/arduino/tools/arm-none-eabi-gcc/4.8.3-2014q1/bin/../lib/gcc/arm-none-eabi/4.8.3/armv7-m/crti.o
 .ARM.attributes
                0x000000000000001d       0x2d /home/sager/repos/packages/arduino-1.6.7/Atmel_SAM/packages/arduino/tools/arm-none-eabi-gcc/4.8.3-2014q1/bin/../lib/gcc/arm-none-eabi/4.8.3/armv7-m/crtbegin.o
 .ARM.attributes
                0x000000000000004a       0x33 ./build/core/syscalls_sam3.c.o
 .ARM.attributes
                0x000000000000007d       0x33 /home/sager/repos/sensors/v4.12/integrated/chemsense_validation/firmware/build/sketch/firmware.ino.cpp.o
 .ARM.attributes
                0x00000000000000b0       0x33 /home/sager/repos/sensors/v4.12/integrated/chemsense_validation/firmware/build/sketch/DueTimer/DueTimer.cpp.o
 .ARM.attributes
                0x00000000000000e3       0x33 /home/sager/repos/sensors/v4.12/integrated/chemsense_validation/firmware/build/core/variant.cpp.o
 .ARM.attributes
                0x0000000000000116       0x33 /home/sager/.arduino15/packages/arduino/hardware/sam/1.6.6/variants/arduino_due_x/libsam_sam3x8e_gcc_rel.a(pio.o)
 .ARM.attributes