Archive member included because of file (symbol)

/home/rajesh/.arduino15/packages/arduino/hardware/sam/1.6.6/variants/arduino_due_x/libsam_sam3x8e_gcc_rel.a(pio.o)
                              /media/rajesh/Bharadwaja/repos/working/sensors/v2/i2c_rs232_reader/firmware/build/libraries/Wire/Wire.cpp.o (PIO_Configure)
/home/rajesh/.arduino15/packages/arduino/hardware/sam/1.6.6/variants/arduino_due_x/libsam_sam3x8e_gcc_rel.a(pmc.o)
                              /media/rajesh/Bharadwaja/repos/working/sensors/v2/i2c_rs232_reader/firmware/build/libraries/Wire/Wire.cpp.o (pmc_enable_periph_clk)
/home/rajesh/.arduino15/packages/arduino/hardware/sam/1.6.6/variants/arduino_due_x/libsam_sam3x8e_gcc_rel.a(twi.o)
                              /media/rajesh/Bharadwaja/repos/working/sensors/v2/i2c_rs232_reader/firmware/build/libraries/Wire/Wire.cpp.o (TWI_SetClock)
/home/rajesh/.arduino15/packages/arduino/hardware/sam/1.6.6/variants/arduino_due_x/libsam_sam3x8e_gcc_rel.a(system_sam3xa.o)
                              /media/rajesh/Bharadwaja/repos/working/sensors/v2/i2c_rs232_reader/firmware/build/core/variant.cpp.o (SystemInit)
/home/rajesh/.arduino15/packages/arduino/hardware/sam/1.6.6/variants/arduino_due_x/libsam_sam3x8e_gcc_rel.a(startup_sam3xa.o)
                              (Reset_Handler)
/home/rajesh/.arduino15/packages/arduino/hardware/sam/1.6.6/variants/arduino_due_x/libsam_sam3x8e_gcc_rel.a(adc.o)
                              /media/rajesh/Bharadwaja/repos/working/sensors/v2/i2c_rs232_reader/firmware/build/core/variant.cpp.o (adc_init)
/home/rajesh/.arduino15/packages/arduino/hardware/sam/1.6.6/variants/arduino_due_x/libsam_sam3x8e_gcc_rel.a(uotghs.o)
                              /home/rajesh/.arduino15/packages/arduino/hardware/sam/1.6.6/variants/arduino_due_x/libsam_sam3x8e_gcc_rel.a(startup_sam3xa.o) (UOTGHS_Handler)
./build/core/core.a(WInterrupts.c.o)
                              /home/rajesh/.arduino15/packages/arduino/hardware/sam/1.6.6/variants/arduino_due_x/libsam_sam3x8e_gcc_rel.a(startup_sam3xa.o) (PIOA_Handler)
./build/core/core.a(cortex_handlers.c.o)
                              /home/rajesh/.arduino15/packages/arduino/hardware/sam/1.6.6/variants/arduino_due_x/libsam_sam3x8e_gcc_rel.a(startup_sam3xa.o) (NMI_Handler)
./build/core/core.a(hooks.c.o)
                              ./build/core/core.a(cortex_handlers.c.o) (sysTickHook)
./build/core/core.a(wiring.c.o)
                              /media/rajesh/Bharadwaja/repos/working/sensors/v2/i2c_rs232_reader/firmware/build/sketch/firmware.ino.cpp.o (delay)
./build/core/core.a(wiring_analog.c.o)
                              /media/rajesh/Bharadwaja/repos/working/sensors/v2/i2c_rs232_reader/firmware/build/core/variant.cpp.o (analogOutputInit)
./build/core/core.a(wiring_digital.c.o)
                              ./build/core/core.a(wiring_analog.c.o) (pinMode)
./build/core/core.a(Print.cpp.o)
                              /media/rajesh/Bharadwaja/repos/working/sensors/v2/i2c_rs232_reader/firmware/build/libraries/Wire/Wire.cpp.o (Print::write(unsigned char const*, unsigned int))
./build/core/core.a(Reset.cpp.o)
                              ./build/core/core.a(cortex_handlers.c.o) (tickReset)
./build/core/core.a(RingBuffer.cpp.o)
                              /media/rajesh/Bharadwaja/repos/working/sensors/v2/i2c_rs232_reader/firmware/build/core/variant.cpp.o (RingBuffer::RingBuffer())
./build/core/core.a(UARTClass.cpp.o)
                              /media/rajesh/Bharadwaja/repos/working/sensors/v2/i2c_rs232_reader/firmware/build/core/variant.cpp.o (UARTClass::available())
./build/core/core.a(USARTClass.cpp.o)
                              /media/rajesh/Bharadwaja/repos/working/sensors/v2/i2c_rs232_reader/firmware/build/core/variant.cpp.o (USARTClass::USARTClass(Usart*, IRQn, unsigned long, RingBuffer*, RingBuffer*))
./build/core/core.a(abi.cpp.o)
                              /media/rajesh/Bharadwaja/repos/working/sensors/v2/i2c_rs232_reader/firmware/build/libraries/Wire/Wire.cpp.o (__cxa_pure_virtual)
./build/core/core.a(main.cpp.o)
                              /media/rajesh/Bharadwaja/repos/packages/arduino-1.6.7/Atmel_SAM/packages/arduino/tools/arm-none-eabi-gcc/4.8.3-2014q1/bin/../lib/gcc/arm-none-eabi/4.8.3/../../../../arm-none-eabi/lib/armv7-m/crt0.o (main)
./build/core/core.a(watchdog.cpp.o)
                              ./build/core/core.a(main.cpp.o) (watchdogSetup())
./build/core/core.a(CDC.cpp.o)
                              /media/rajesh/Bharadwaja/repos/working/sensors/v2/i2c_rs232_reader/firmware/build/sketch/firmware.ino.cpp.o (Serial_::begin(unsigned long))
./build/core/core.a(USBCore.cpp.o)
                              ./build/core/core.a(CDC.cpp.o) (USBD_Available(unsigned long))
./build/core/core.a(PluggableUSB.cpp.o)
                              ./build/core/core.a(USBCore.cpp.o) (PluggableUSB_::getInterface(unsigned char*))
[...]
Memory Configuration

Name             Origin             Length             Attributes
rom              0x0000000000080000 0x0000000000080000 xr
sram0            0x0000000020000000 0x0000000000010000 xrw
sram1            0x0000000020080000 0x0000000000008000 xrw
ram              0x0000000020070000 0x0000000000018000 xrw
*default*        0x0000000000000000 0xffffffffffffffff

Linker script and memory map

LOAD /media/rajesh/Bharadwaja/repos/packages/arduino-1.6.7/Atmel_SAM/packages/arduino/tools/arm-none-eabi-gcc/4.8.3-2014q1/bin/../lib/gcc/arm-none-eabi/4.8.3/armv7-m/crti.o
LOAD /media/rajesh/Bharadwaja/repos/packages/arduino-1.6.7/Atmel_SAM/packages/arduino/tools/arm-none-eabi-gcc/4.8.3-2014q1/bin/../lib/gcc/arm-none-eabi/4.8.3/armv7-m/crtbegin.o
LOAD /media/rajesh/Bharadwaja/repos/packages/arduino-1.6.7/Atmel_SAM/packages/arduino/tools/arm-none-eabi-gcc/4.8.3-2014q1/bin/../lib/gcc/arm-none-eabi/4.8.3/../../../../arm-none-eabi/lib/armv7-m/crt0.o
START GROUP
LOAD ./build/core/syscalls_sam3.c.o
LOAD /media/rajesh/Bharadwaja/repos/working/sensors/v2/i2c_rs232_reader/firmware/build/sketch/firmware.ino.cpp.o
LOAD /media/rajesh/Bharadwaja/repos/working/sensors/v2/i2c_rs232_reader/firmware/build/libraries/Wire/Wire.cpp.o
LOAD /media/rajesh/Bharadwaja/repos/working/sensors/v2/i2c_rs232_reader/firmware/build/core/variant.cpp.o
LOAD /home/rajesh/.arduino15/packages/arduino/hardware/sam/1.6.6/variants/arduino_due_x/libsam_sam3x8e_gcc_rel.a
LOAD ./build/core/core.a
END GROUP
LOAD /media/rajesh/Bharadwaja/repos/packages/arduino-1.6.7/Atmel_SAM/packages/arduino/tools/arm-none-eabi-gcc/4.8.3-2014q1/bin/../lib/gcc/arm-none-eabi/4.8.3/../../../../arm-none-eabi/lib/armv7-m/libm.a
START GROUP
LOAD /media/rajesh/Bharadwaja/repos/packages/arduino-1.6.7/Atmel_SAM/packages/arduino/tools/arm-none-eabi-gcc/4.8.3-2014q1/bin/../lib/gcc/arm-none-eabi/4.8.3/armv7-m/libgcc.a
LOAD /media/rajesh/Bharadwaja/repos/packages/arduino-1.6.7/Atmel_SAM/packages/arduino/tools/arm-none-eabi-gcc/4.8.3-2014q1/bin/../lib/gcc/arm-none-eabi/4.8.3/../../../../arm-none-eabi/lib/armv7-m/libg.a
LOAD /media/rajesh/Bharadwaja/repos/packages/arduino-1.6.7/Atmel_SAM/packages/arduino/tools/arm-none-eabi-gcc/4.8.3-2014q1/bin/../lib/gcc/arm-none-eabi/4.8.3/../../../../arm-none-eabi/lib/armv7-m/libc.a
END GROUP
LOAD /media/rajesh/Bharadwaja/repos/packages/arduino-1.6.7/Atmel_SAM/packages/arduino/tools/arm-none-eabi-gcc/4.8.3-2014q1/bin/../lib/gcc/arm-none-eabi/4.8.3/armv7-m/crtend.o
LOAD /media/rajesh/Bharadwaja/repos/packages/arduino-1.6.7/Atmel_SAM/packages/arduino/tools/arm-none-eabi-gcc/4.8.3-2014q1/bin/../lib/gcc/arm-none-eabi/4.8.3/armv7-m/crtn.o

.text           0x0000000000080000     0x5e58
                0x0000000000080000                . = ALIGN (0x4)
                0x0000000000080000                _sfixed = .
 *(.vectors .vectors.*)
 .vectors       0x0000000000080000       0xf4 /home/rajesh/.arduino15/packages/arduino/hardware/sam/1.6.6/variants/arduino_due_x/libsam_sam3x8e_gcc_rel.a(startup_sam3xa.o)
                0x0000000000080000                exception_table
 *(.text .text.* .gnu.linkonce.t.*)
 .text          0x00000000000800f4       0x54 /media/rajesh/Bharadwaja/repos/packages/arduino-1.6.7/Atmel_SAM/packages/arduino/tools/arm-none-eabi-gcc/4.8.3-2014q1/bin/../lib/gcc/arm-none-eabi/4.8.3/armv7-m/crtbegin.o
 .text._sbrk    0x0000000000080148       0x1c ./build/core/syscalls_sam3.c.o
                0x0000000000080148                _sbrk
 .text._close   0x0000000000080164        0x6 ./build/core/syscalls_sam3.c.o
                0x0000000000080164                _close
 .text._fstat   0x000000000008016a        0xa ./build/core/syscalls_sam3.c.o
                0x000000000008016a                _fstat
 .text._isatty  0x0000000000080174        0x4 ./build/core/syscalls_sam3.c.o
                0x0000000000080174                _isatty
 .text._lseek   0x0000000000080178        0x4 ./build/core/syscalls_sam3.c.o
                0x0000000000080178                _lseek
 .text._read    0x000000000008017c        0x4 ./build/core/syscalls_sam3.c.o
                0x000000000008017c                _read
 .text._write   0x0000000000080180       0x24 ./build/core/syscalls_sam3.c.o
                0x0000000000080180                _write
 .text._exit    0x00000000000801a4       0x10 ./build/core/syscalls_sam3.c.o
                0x00000000000801a4                _exit
 .text._kill    0x00000000000801b4        0x2 ./build/core/syscalls_sam3.c.o
                0x00000000000801b4                _kill
 .text._getpid  0x00000000000801b6        0x6 ./build/core/syscalls_sam3.c.o
                0x00000000000801b6                _getpid
 .text.setup    0x00000000000801bc       0x20 /media/rajesh/Bharadwaja/repos/working/sensors/v2/i2c_rs232_reader/firmware/build/sketch/firmware.ino.cpp.o
                0x00000000000801bc                setup
 .text.loop     0x00000000000801dc       0x84 /media/rajesh/Bharadwaja/repos/working/sensors/v2/i2c_rs232_reader/firmware/build/sketch/firmware.ino.cpp.o
                0x00000000000801dc                loop
 .text._ZN7TwoWire5writeEPKhj
                0x0000000000080260       0x50 /media/rajesh/Bharadwaja/repos/working/sensors/v2/i2c_rs232_reader/firmware/build/libraries/Wire/Wire.cpp.o
                0x0000000000080260                TwoWire::write(unsigned char const*, unsigned int)
 .text._ZN7TwoWire9availableEv
                0x00000000000802b0        0xc /media/rajesh/Bharadwaja/repos/working/sensors/v2/i2c_rs232_reader/firmware/build/libraries/Wire/Wire.cpp.o
                0x00000000000802b0                TwoWire::available()
 .text._ZN7TwoWire4readEv
                0x00000000000802bc       0x1e /media/rajesh/Bharadwaja/repos/working/sensors/v2/i2c_rs232_reader/firmware/build/libraries/Wire/Wire.cpp.o
                0x00000000000802bc                TwoWire::read()
 .text._ZN7TwoWire4peekEv
                0x00000000000802da       0x16 /media/rajesh/Bharadwaja/repos/working/sensors/v2/i2c_rs232_reader/firmware/build/libraries/Wire/Wire.cpp.o
                0x00000000000802da                TwoWire::peek()
 .text._ZN7TwoWire5flushEv
                0x00000000000802f0        0x2 /media/rajesh/Bharadwaja/repos/working/sensors/v2/i2c_rs232_reader/firmware/build/libraries/Wire/Wire.cpp.o
                0x00000000000802f0                TwoWire::flush()
 .text._ZN7TwoWire5writeEh
                0x00000000000802f2       0x3a /media/rajesh/Bharadwaja/repos/working/sensors/v2/i2c_rs232_reader/firmware/build/libraries/Wire/Wire.cpp.o
                0x00000000000802f2                TwoWire::write(unsigned char)
 .text._ZL24TWI_WaitTransferCompleteP3Twim.constprop.4
                0x000000000008032c       0x2c /media/rajesh/Bharadwaja/repos/working/sensors/v2/i2c_rs232_reader/firmware/build/libraries/Wire/Wire.cpp.o
 .text._ZL9Wire_Initv
                0x0000000000080358       0x54 /media/rajesh/Bharadwaja/repos/working/sensors/v2/i2c_rs232_reader/firmware/build/libraries/Wire/Wire.cpp.o
 .text._ZL12Wire1_Deinitv
                0x00000000000803ac       0x18 /media/rajesh/Bharadwaja/repos/working/sensors/v2/i2c_rs232_reader/firmware/build/libraries/Wire/Wire.cpp.o
 .text._ZL11Wire_Deinitv
                0x00000000000803c4       0x18 /media/rajesh/Bharadwaja/repos/working/sensors/v2/i2c_rs232_reader/firmware/build/libraries/Wire/Wire.cpp.o
 .text._ZL10Wire1_Initv
                0x00000000000803dc       0x54 /media/rajesh/Bharadwaja/repos/working/sensors/v2/i2c_rs232_reader/firmware/build/libraries/Wire/Wire.cpp.o
 .text._ZN7TwoWireC2EP3TwiPFvvES3_
                0x0000000000080430       0x48 /media/rajesh/Bharadwaja/repos/working/sensors/v2/i2c_rs232_reader/firmware/build/libraries/Wire/Wire.cpp.o
                0x0000000000080430                TwoWire::TwoWire(Twi*, void (*)(), void (*)())
                0x0000000000080430                TwoWire::TwoWire(Twi*, void (*)(), void (*)())
 .text._ZN7TwoWire5beginEv
                0x0000000000080478       0x30 /media/rajesh/Bharadwaja/repos/working/sensors/v2/i2c_rs232_reader/firmware/build/libraries/Wire/Wire.cpp.o
                0x0000000000080478                TwoWire::begin()
 .text._ZN7TwoWire11requestFromEhhmhh
                0x00000000000804a8       0x70 /media/rajesh/Bharadwaja/repos/working/sensors/v2/i2c_rs232_reader/firmware/build/libraries/Wire/Wire.cpp.o
                0x00000000000804a8                TwoWire::requestFrom(unsigned char, unsigned char, unsigned long, unsigned char, unsigned char)
 .text._ZN7TwoWire11requestFromEhhh
                0x0000000000080518       0x12 /media/rajesh/Bharadwaja/repos/working/sensors/v2/i2c_rs232_reader/firmware/build/libraries/Wire/Wire.cpp.o
                0x0000000000080518                TwoWire::requestFrom(unsigned char, unsigned char, unsigned char)
 .text._ZN7TwoWire11requestFromEii
                0x000000000008052a        0xa /media/rajesh/Bharadwaja/repos/working/sensors/v2/i2c_rs232_reader/firmware/build/libraries/Wire/Wire.cpp.o
                0x000000000008052a                TwoWire::requestFrom(int, int)
 .text._ZN7TwoWire9onServiceEv
                0x0000000000080534      0x11c /media/rajesh/Bharadwaja/repos/working/sensors/v2/i2c_rs232_reader/firmware/build/libraries/Wire/Wire.cpp.o
                0x0000000000080534                TwoWire::onService()
 .text.TWI1_Handler
                0x0000000000080650        0xc /media/rajesh/Bharadwaja/repos/working/sensors/v2/i2c_rs232_reader/firmware/build/libraries/Wire/Wire.cpp.o
                0x0000000000080650                TWI1_Handler
 .text.TWI0_Handler
                0x000000000008065c        0xc /media/rajesh/Bharadwaja/repos/working/sensors/v2/i2c_rs232_reader/firmware/build/libraries/Wire/Wire.cpp.o
                0x000000000008065c                TWI0_Handler
 .text.startup._GLOBAL__sub_I__ZN7TwoWireC2EP3TwiPFvvES3_
                0x0000000000080668       0x40 /media/rajesh/Bharadwaja/repos/working/sensors/v2/i2c_rs232_reader/firmware/build/libraries/Wire/Wire.cpp.o
 .text._Z11serialEventv
                0x00000000000806a8        0x2 /media/rajesh/Bharadwaja/repos/working/sensors/v2/i2c_rs232_reader/firmware/build/core/variant.cpp.o
                0x00000000000806a8                serialEvent()
 *fill*         0x00000000000806aa        0x2 
 .text.UART_Handler
                0x00000000000806ac        0xc /media/rajesh/Bharadwaja/repos/working/sensors/v2/i2c_rs232_reader/firmware/build/core/variant.cpp.o
                0x00000000000806ac                UART_Handler
 .text._Z12serialEvent1v
                0x00000000000806b8        0x2 /media/rajesh/Bharadwaja/repos/working/sensors/v2/i2c_rs232_reader/firmware/build/core/variant.cpp.o
                0x00000000000806b8                serialEvent1()
 .text._Z12serialEvent2v
                0x00000000000806ba        0x2 /media/rajesh/Bharadwaja/repos/working/sensors/v2/i2c_rs232_reader/firmware/build/core/variant.cpp.o
                0x00000000000806ba                serialEvent2()
 .text._Z12serialEvent3v
                0x00000000000806bc        0x2 /media/rajesh/Bharadwaja/repos/working/sensors/v2/i2c_rs232_reader/firmware/build/core/variant.cpp.o
                0x00000000000806bc                serialEvent3()
 *fill*         0x00000000000806be        0x2 
 .text.USART0_Handler
                0x00000000000806c0        0xc /media/rajesh/Bharadwaja/repos/working/sensors/v2/i2c_rs232_reader/firmware/build/core/variant.cpp.o
                0x00000000000806c0                USART0_Handler
 .text.USART1_Handler
                0x00000000000806cc        0xc /media/rajesh/Bharadwaja/repos/working/sensors/v2/i2c_rs232_reader/firmware/build/core/variant.cpp.o
                0x00000000000806cc                USART1_Handler
 .text.USART3_Handler
                0x00000000000806d8        0xc /media/rajesh/Bharadwaja/repos/working/sensors/v2/i2c_rs232_reader/firmware/build/core/variant.cpp.o
                0x00000000000806d8                USART3_Handler
 .text.init     0x00000000000806e4      0x128 /media/rajesh/Bharadwaja/repos/working/sensors/v2/i2c_rs232_reader/firmware/build/core/variant.cpp.o
                0x00000000000806e4                init
 .text.startup._GLOBAL__sub_I_g_APinDescription
                0x000000000008080c       0xd4 /media/rajesh/Bharadwaja/repos/working/sensors/v2/i2c_rs232_reader/firmware/build/core/variant.cpp.o
 .text._Z14serialEventRunv
                0x00000000000808e0       0x44 /media/rajesh/Bharadwaja/repos/working/sensors/v2/i2c_rs232_reader/firmware/build/core/variant.cpp.o
                0x00000000000808e0                serialEventRun()
 .text.PIO_PullUp
                0x0000000000080924        0xa /home/rajesh/.arduino15/packages/arduino/hardware/sam/1.6.6/variants/arduino_due_x/libsam_sam3x8e_gcc_rel.a(pio.o)
                0x0000000000080924                PIO_PullUp
 .text.PIO_SetPeripheral
                0x000000000008092e       0x26 /home/rajesh/.arduino15/packages/arduino/hardware/sam/1.6.6/variants/arduino_due_x/libsam_sam3x8e_gcc_rel.a(pio.o)
                0x000000000008092e                PIO_SetPeripheral
 .text.PIO_SetInput
                0x0000000000080954       0x26 /home/rajesh/.arduino15/packages/arduino/hardware/sam/1.6.6/variants/arduino_due_x/libsam_sam3x8e_gcc_rel.a(pio.o)
                0x0000000000080954                PIO_SetInput
 .text.PIO_SetOutput
                0x000000000008097a       0x24 /home/rajesh/.arduino15/packages/arduino/hardware/sam/1.6.6/variants/arduino_due_x/libsam_sam3x8e_gcc_rel.a(pio.o)
                0x000000000008097a                PIO_SetOutput
 *fill*         0x000000000008099e        0x2 
 .text.PIO_Configure
                0x00000000000809a0       0x64 /home/rajesh/.arduino15/packages/arduino/hardware/sam/1.6.6/variants/arduino_due_x/libsam_sam3x8e_gcc_rel.a(pio.o)
                0x00000000000809a0                PIO_Configure
 .text.PIO_GetOutputDataStatus
                0x0000000000080a04       0x14 /home/rajesh/.arduino15/packages/arduino/hardware/sam/1.6.6/variants/arduino_due_x/libsam_sam3x8e_gcc_rel.a(pio.o)
                0x0000000000080a04                PIO_GetOutputDataStatus
 .text.pmc_enable_upll_clock
                0x0000000000080a18       0x14 /home/rajesh/.arduino15/packages/arduino/hardware/sam/1.6.6/variants/arduino_due_x/libsam_sam3x8e_gcc_rel.a(pmc.o)
                0x0000000000080a18                pmc_enable_upll_clock
 .text.pmc_enable_periph_clk
                0x0000000000080a2c       0x44 /home/rajesh/.arduino15/packages/arduino/hardware/sam/1.6.6/variants/arduino_due_x/libsam_sam3x8e_gcc_rel.a(pmc.o)
                0x0000000000080a2c                pmc_enable_periph_clk
 .text.pmc_disable_periph_clk
                0x0000000000080a70       0x40 /home/rajesh/.arduino15/packages/arduino/hardware/sam/1.6.6/variants/arduino_due_x/libsam_sam3x8e_gcc_rel.a(pmc.o)
                0x0000000000080a70                pmc_disable_periph_clk
 .text.pmc_switch_udpck_to_upllck
                0x0000000000080ab0       0x14 /home/rajesh/.arduino15/packages/arduino/hardware/sam/1.6.6/variants/arduino_due_x/libsam_sam3x8e_gcc_rel.a(pmc.o)
                0x0000000000080ab0                pmc_switch_udpck_to_upllck
 .text.pmc_enable_udpck
                0x0000000000080ac4        0xc /home/rajesh/.arduino15/packages/arduino/hardware/sam/1.6.6/variants/arduino_due_x/libsam_sam3x8e_gcc_rel.a(pmc.o)
                0x0000000000080ac4                pmc_enable_udpck
 .text.TWI_SetClock
                0x0000000000080ad0       0x58 /home/rajesh/.arduino15/packages/arduino/hardware/sam/1.6.6/variants/arduino_due_x/libsam_sam3x8e_gcc_rel.a(twi.o)
                0x0000000000080ad0                TWI_SetClock
 .text.TWI_Disable
                0x0000000000080b28       0x2c /home/rajesh/.arduino15/packages/arduino/hardware/sam/1.6.6/variants/arduino_due_x/libsam_sam3x8e_gcc_rel.a(twi.o)
                0x0000000000080b28                TWI_Disable
 .text.TWI_ConfigureMaster
                0x0000000000080b54       0x48 /home/rajesh/.arduino15/packages/arduino/hardware/sam/1.6.6/variants/arduino_due_x/libsam_sam3x8e_gcc_rel.a(twi.o)
                0x0000000000080b54                TWI_ConfigureMaster
 .text.TWI_StartRead
                0x0000000000080b9c       0x70 /home/rajesh/.arduino15/packages/arduino/hardware/sam/1.6.6/variants/arduino_due_x/libsam_sam3x8e_gcc_rel.a(twi.o)
                0x0000000000080b9c                TWI_StartRead
 .text.TWI_ReadByte
                0x0000000000080c0c       0x28 /home/rajesh/.arduino15/packages/arduino/hardware/sam/1.6.6/variants/arduino_due_x/libsam_sam3x8e_gcc_rel.a(twi.o)
                0x0000000000080c0c                TWI_ReadByte
 .text.TWI_WriteByte
                0x0000000000080c34       0x24 /home/rajesh/.arduino15/packages/arduino/hardware/sam/1.6.6/variants/arduino_due_x/libsam_sam3x8e_gcc_rel.a(twi.o)
                0x0000000000080c34                TWI_WriteByte
 .text.TWI_EnableIt
                0x0000000000080c58       0x40 /home/rajesh/.arduino15/packages/arduino/hardware/sam/1.6.6/variants/arduino_due_x/libsam_sam3x8e_gcc_rel.a(twi.o)
                0x0000000000080c58                TWI_EnableIt
 .text.TWI_DisableIt
                0x0000000000080c98       0x40 /home/rajesh/.arduino15/packages/arduino/hardware/sam/1.6.6/variants/arduino_due_x/libsam_sam3x8e_gcc_rel.a(twi.o)
                0x0000000000080c98                TWI_DisableIt
 .text.TWI_GetStatus
                0x0000000000080cd8       0x28 /home/rajesh/.arduino15/packages/arduino/hardware/sam/1.6.6/variants/arduino_due_x/libsam_sam3x8e_gcc_rel.a(twi.o)
                0x0000000000080cd8                TWI_GetStatus
 .text.TWI_SendSTOPCondition
                0x0000000000080d00       0x2c /home/rajesh/.arduino15/packages/arduino/hardware/sam/1.6.6/variants/arduino_due_x/libsam_sam3x8e_gcc_rel.a(twi.o)
                0x0000000000080d00                TWI_SendSTOPCondition
 .text.SystemInit
                0x0000000000080d2c       0x88 /home/rajesh/.arduino15/packages/arduino/hardware/sam/1.6.6/variants/arduino_due_x/libsam_sam3x8e_gcc_rel.a(system_sam3xa.o)
                0x0000000000080d2c                SystemInit
 .text.Reset_Handler
                0x0000000000080db4       0x78 /home/rajesh/.arduino15/packages/arduino/hardware/sam/1.6.6/variants/arduino_due_x/libsam_sam3x8e_gcc_rel.a(startup_sam3xa.o)
                0x0000000000080db4                Reset_Handler
 .text.adc_init
                0x0000000000080e2c       0x98 /home/rajesh/.arduino15/packages/arduino/hardware/sam/1.6.6/variants/arduino_due_x/libsam_sam3x8e_gcc_rel.a(adc.o)
                0x0000000000080e2c                adc_init
 .text.adc_configure_trigger
                0x0000000000080ec4        0xe /home/rajesh/.arduino15/packages/arduino/hardware/sam/1.6.6/variants/arduino_due_x/libsam_sam3x8e_gcc_rel.a(adc.o)
                0x0000000000080ec4                adc_configure_trigger
 .text.adc_configure_timing
                0x0000000000080ed2       0x1a /home/rajesh/.arduino15/packages/arduino/hardware/sam/1.6.6/variants/arduino_due_x/libsam_sam3x8e_gcc_rel.a(adc.o)
                0x0000000000080ed2                adc_configure_timing
 .text.adc_disable_all_channel
                0x0000000000080eec        0x8 /home/rajesh/.arduino15/packages/arduino/hardware/sam/1.6.6/variants/arduino_due_x/libsam_sam3x8e_gcc_rel.a(adc.o)
                0x0000000000080eec                adc_disable_all_channel
 .text.adc_disable_interrupt
                0x0000000000080ef4        0x4 /home/rajesh/.arduino15/packages/arduino/hardware/sam/1.6.6/variants/arduino_due_x/libsam_sam3x8e_gcc_rel.a(adc.o)
                0x0000000000080ef4                adc_disable_interrupt
 .text.UOTGHS_Handler
                0x0000000000080ef8       0x10 /home/rajesh/.arduino15/packages/arduino/hardware/sam/1.6.6/variants/arduino_due_x/libsam_sam3x8e_gcc_rel.a(uotghs.o)
                0x0000000000080ef8                UOTGHS_Handler
 .text.PIOA_Handler
                0x0000000000080f08       0x28 ./build/core/core.a(WInterrupts.c.o)
                0x0000000000080f08                PIOA_Handler
 .text.PIOB_Handler
                0x0000000000080f30       0x28 ./build/core/core.a(WInterrupts.c.o)
                0x0000000000080f30                PIOB_Handler
 .text.PIOC_Handler
                0x0000000000080f58       0x28 ./build/core/core.a(WInterrupts.c.o)
                0x0000000000080f58                PIOC_Handler
 .text.PIOD_Handler
                0x0000000000080f80       0x28 ./build/core/core.a(WInterrupts.c.o)
                0x0000000000080f80                PIOD_Handler
 .text.__halt   0x0000000000080fa8        0x2 ./build/core/core.a(cortex_handlers.c.o)
                0x0000000000080fa8                DACC_Handler
                0x0000000000080fa8                DebugMon_Handler
                0x0000000000080fa8                DMAC_Handler
                0x0000000000080fa8                TRNG_Handler
                0x0000000000080fa8                HardFault_Handler
                0x0000000000080fa8                TC2_Handler
                0x0000000000080fa8                NMI_Handler
                0x0000000000080fa8                TC7_Handler
                0x0000000000080fa8                ADC_Handler
                0x0000000000080fa8                SMC_Handler
                0x0000000000080fa8                RTT_Handler
                0x0000000000080fa8                EFC1_Handler
                0x0000000000080fa8                RTC_Handler
                0x0000000000080fa8                UsageFault_Handler
                0x0000000000080fa8                TC6_Handler
                0x0000000000080fa8                WDT_Handler
                0x0000000000080fa8                CAN0_Handler
                0x0000000000080fa8                TC4_Handler
                0x0000000000080fa8                TC1_Handler
                0x0000000000080fa8                HSMCI_Handler
                0x0000000000080fa8                TC3_Handler
                0x0000000000080fa8                SSC_Handler
                0x0000000000080fa8                EFC0_Handler
                0x0000000000080fa8                PMC_Handler
                0x0000000000080fa8                PWM_Handler
                0x0000000000080fa8                CAN1_Handler
                0x0000000000080fa8                MemManage_Handler
                0x0000000000080fa8                SUPC_Handler
                0x0000000000080fa8                TC8_Handler
                0x0000000000080fa8                USART2_Handler
                0x0000000000080fa8                EMAC_Handler
                0x0000000000080fa8                BusFault_Handler
                0x0000000000080fa8                RSTC_Handler
                0x0000000000080fa8                TC0_Handler
                0x0000000000080fa8                TC5_Handler
                0x0000000000080fa8                SPI0_Handler
 .text.SVC_Handler
                0x0000000000080faa        0x4 ./build/core/core.a(cortex_handlers.c.o)
                0x0000000000080faa                SVC_Handler
 .text.PendSV_Handler
                0x0000000000080fae        0x4 ./build/core/core.a(cortex_handlers.c.o)
                0x0000000000080fae                PendSV_Handler
 .text.SysTick_Handler
                0x0000000000080fb2       0x16 ./build/core/core.a(cortex_handlers.c.o)
                0x0000000000080fb2                SysTick_Handler
 .text.__empty  0x0000000000080fc8        0x2 ./build/core/core.a(hooks.c.o)
                0x0000000000080fc8                yield
 .text.__false  0x0000000000080fca        0x4 ./build/core/core.a(hooks.c.o)
                0x0000000000080fca                sysTickHook
 .text.__halt   0x0000000000080fce        0x2 ./build/core/core.a(hooks.c.o)
                0x0000000000080fce                pendSVHook
                0x0000000000080fce                svcHook
 .text.delay    0x0000000000080fd0       0x1c ./build/core/core.a(wiring.c.o)
                0x0000000000080fd0                delay
 .text.analogOutputInit
                0x0000000000080fec       0x14 ./build/core/core.a(wiring_analog.c.o)
                0x0000000000080fec                analogOutputInit
 .text.digitalWrite
                0x0000000000081000       0x48 ./build/core/core.a(wiring_digital.c.o)
                0x0000000000081000                digitalWrite
 .text._ZN5Print5writeEPKhj
                0x0000000000081048       0x22 ./build/core/core.a(Print.cpp.o)
                0x0000000000081048                Print::write(unsigned char const*, unsigned int)
 .text._ZN5Print5printEc
                0x000000000008106a        0xa ./build/core/core.a(Print.cpp.o)
                0x000000000008106a                Print::print(char)
 .text.initiateReset
                0x0000000000081074        0xc ./build/core/core.a(Reset.cpp.o)
                0x0000000000081074                initiateReset
 .text.cancelReset
                0x0000000000081080       0x10 ./build/core/core.a(Reset.cpp.o)
                0x0000000000081080                cancelReset
 .text.tickReset
                0x0000000000081090       0x20 ./build/core/core.a(Reset.cpp.o)
                0x0000000000081090                tickReset
 .text._ZN10RingBufferC2Ev
                0x00000000000810b0       0x1a ./build/core/core.a(RingBuffer.cpp.o)
                0x00000000000810b0                RingBuffer::RingBuffer()
                0x00000000000810b0                RingBuffer::RingBuffer()
 .text._ZN10RingBuffer10store_charEh
                0x00000000000810ca       0x1e ./build/core/core.a(RingBuffer.cpp.o)
                0x00000000000810ca                RingBuffer::store_char(unsigned char)
 .text._ZN9UARTClasscvbEv
                0x00000000000810e8        0x4 ./build/core/core.a(UARTClass.cpp.o)
                0x00000000000810e8                UARTClass::operator bool()
 .text._ZN9UARTClass9availableEv
                0x00000000000810ec       0x12 ./build/core/core.a(UARTClass.cpp.o)
                0x00000000000810ec                UARTClass::available()
 .text._ZN9UARTClass4peekEv
                0x00000000000810fe       0x1c ./build/core/core.a(UARTClass.cpp.o)
                0x00000000000810fe                UARTClass::peek()
 .text._ZN9UARTClass4readEv
                0x000000000008111a       0x2a ./build/core/core.a(UARTClass.cpp.o)
                0x000000000008111a                UARTClass::read()
 .text._ZN9UARTClass5flushEv
                0x0000000000081144       0x18 ./build/core/core.a(UARTClass.cpp.o)
                0x0000000000081144                UARTClass::flush()
 .text._ZN9UARTClass5writeEh
                0x000000000008115c       0x54 ./build/core/core.a(UARTClass.cpp.o)
                0x000000000008115c                UARTClass::write(unsigned char)
 .text._ZN9UARTClass3endEv
                0x00000000000811b0       0x3c ./build/core/core.a(UARTClass.cpp.o)
                0x00000000000811b0                UARTClass::end()
 .text._ZN9UARTClassC2EP4Uart4IRQnmP10RingBufferS4_
                0x00000000000811ec       0x24 ./build/core/core.a(UARTClass.cpp.o)
                0x00000000000811ec                UARTClass::UARTClass(Uart*, IRQn, unsigned long, RingBuffer*, RingBuffer*)
                0x00000000000811ec                UARTClass::UARTClass(Uart*, IRQn, unsigned long, RingBuffer*, RingBuffer*)
 .text._ZN9UARTClass4initEmm
                0x0000000000081210       0x70 ./build/core/core.a(UARTClass.cpp.o)
                0x0000000000081210                UARTClass::init(unsigned long, unsigned long)
 .text._ZN9UARTClass5beginEm
                0x0000000000081280        0x8 ./build/core/core.a(UARTClass.cpp.o)
                0x0000000000081280                UARTClass::begin(unsigned long)
 .text._ZN9UARTClass10IrqHandlerEv
                0x0000000000081288       0x5a ./build/core/core.a(UARTClass.cpp.o)
                0x0000000000081288                UARTClass::IrqHandler()
 .text._ZN10USARTClass5beginEm
                0x00000000000812e2        0x8 ./build/core/core.a(USARTClass.cpp.o)
                0x00000000000812e2                USARTClass::begin(unsigned long)
 *fill*         0x00000000000812ea        0x2 
 .text._ZN10USARTClassC2EP5Usart4IRQnmP10RingBufferS4_
                0x00000000000812ec       0x24 ./build/core/core.a(USARTClass.cpp.o)
                0x00000000000812ec                USARTClass::USARTClass(Usart*, IRQn, unsigned long, RingBuffer*, RingBuffer*)
                0x00000000000812ec                USARTClass::USARTClass(Usart*, IRQn, unsigned long, RingBuffer*, RingBuffer*)
 .text.initVariant
                0x0000000000081310        0x2 ./build/core/core.a(main.cpp.o)
                0x0000000000081310                initVariant
 *fill*         0x0000000000081312        0x2 
 .text.startup.main
                0x0000000000081314       0x38 ./build/core/core.a(main.cpp.o)
                0x0000000000081314                main
 .text._watchdogDefaultSetup
                0x000000000008134c        0xc ./build/core/core.a(watchdog.cpp.o)
                0x000000000008134c                watchdogSetup()
                0x000000000008134c                _watchdogDefaultSetup
 .text._ZN7Serial_9availableEv
                0x0000000000081358       0x18 ./build/core/core.a(CDC.cpp.o)
                0x0000000000081358                Serial_::available()
 .text._ZN7Serial_4peekEv
                0x0000000000081370       0x20 ./build/core/core.a(CDC.cpp.o)
                0x0000000000081370                Serial_::peek()
 .text._ZN7Serial_5writeEh
                0x0000000000081390       0x16 ./build/core/core.a(CDC.cpp.o)
                0x0000000000081390                Serial_::write(unsigned char)
 *fill*         0x00000000000813a6        0x2 
 .text._ZN7Serial_4readEv
                0x00000000000813a8       0x44 ./build/core/core.a(CDC.cpp.o)
                0x00000000000813a8                Serial_::read()
 .text._ZN7Serial_5flushEv
                0x00000000000813ec        0x6 ./build/core/core.a(CDC.cpp.o)
                0x00000000000813ec                Serial_::flush()
 *fill*         0x00000000000813f2        0x2 
 .text._ZN7Serial_6acceptEv
                0x00000000000813f4       0x70 ./build/core/core.a(CDC.cpp.o)
                0x00000000000813f4                Serial_::accept()
 .text._ZN7Serial_5writeEPKhj
                0x0000000000081464       0x2c ./build/core/core.a(CDC.cpp.o)
                0x0000000000081464                Serial_::write(unsigned char const*, unsigned int)
 .text._Z16CDC_GetInterfacePh
                0x0000000000081490       0x14 ./build/core/core.a(CDC.cpp.o)
                0x0000000000081490                CDC_GetInterface(unsigned char*)
 .text._Z21CDC_GetOtherInterfacePh
                0x00000000000814a4       0x14 ./build/core/core.a(CDC.cpp.o)
                0x00000000000814a4                CDC_GetOtherInterface(unsigned char*)
 .text._Z9CDC_SetupR8USBSetup
                0x00000000000814b8       0x64 ./build/core/core.a(CDC.cpp.o)
                0x00000000000814b8                CDC_Setup(USBSetup&)
 .text._ZN7Serial_5beginEm
                0x000000000008151c        0x2 ./build/core/core.a(CDC.cpp.o)
                0x000000000008151c                Serial_::begin(unsigned long)
 *fill*         0x000000000008151e        0x2 
 .text.startup._GLOBAL__sub_I_cdc_rx_buffer
                0x0000000000081520       0x1c ./build/core/core.a(CDC.cpp.o)
 .text.unlikely._ZL11USB_SendZlpv
                0x000000000008153c       0x20 ./build/core/core.a(USBCore.cpp.o)
 .text._Z14USBD_Availablem
                0x000000000008155c       0x2c ./build/core/core.a(USBCore.cpp.o)
                0x000000000008155c                USBD_Available(unsigned long)
 .text._Z9USBD_RecvmPvm
                0x0000000000081588       0x7c ./build/core/core.a(USBCore.cpp.o)
                0x0000000000081588                USBD_Recv(unsigned long, void*, unsigned long)
 .text._Z9USBD_Recvm
                0x0000000000081604       0x22 ./build/core/core.a(USBCore.cpp.o)
                0x0000000000081604                USBD_Recv(unsigned long)
 *fill*         0x0000000000081626        0x2 
 .text._Z9USBD_SendmPKvm
                0x0000000000081628       0x4c ./build/core/core.a(USBCore.cpp.o)
                0x0000000000081628                USBD_Send(unsigned long, void const*, unsigned long)
 .text._Z16USBD_SendControlhPKvm
                0x0000000000081674       0x40 ./build/core/core.a(USBCore.cpp.o)
                0x0000000000081674                USBD_SendControl(unsigned char, void const*, unsigned long)
 .text.unlikely._ZL24USB_SendStringDescriptorPKhi
                0x00000000000816b4       0x38 ./build/core/core.a(USBCore.cpp.o)
 .text._Z16USBD_RecvControlPvm
                0x00000000000816ec       0x1c ./build/core/core.a(USBCore.cpp.o)
                0x00000000000816ec                USBD_RecvControl(void*, unsigned long)
 .text._Z26USBD_ClassInterfaceRequestR8USBSetup
                0x0000000000081708       0x1e ./build/core/core.a(USBCore.cpp.o)
                0x0000000000081708                USBD_ClassInterfaceRequest(USBSetup&)
 .text._Z19USBD_SendInterfacesv
                0x0000000000081726       0x22 ./build/core/core.a(USBCore.cpp.o)
                0x0000000000081726                USBD_SendInterfaces()
 .text._Z24USBD_SendOtherInterfacesv
                0x0000000000081748       0x22 ./build/core/core.a(USBCore.cpp.o)
                0x0000000000081748                USBD_SendOtherInterfaces()
 .text._Z10USBD_Flushm
                0x000000000008176a       0x16 ./build/core/core.a(USBCore.cpp.o)
                0x000000000008176a                USBD_Flush(unsigned long)
 .text._ZN10USBDevice_C2Ev
                0x0000000000081780       0x24 ./build/core/core.a(USBCore.cpp.o)
                0x0000000000081780                USBDevice_::USBDevice_()
                0x0000000000081780                USBDevice_::USBDevice_()
 .text._ZN10USBDevice_6attachEv
                0x00000000000817a4       0x20 ./build/core/core.a(USBCore.cpp.o)
                0x00000000000817a4                USBDevice_::attach()
 .text.startup._GLOBAL__sub_I_EndPoints
                0x00000000000817c4        0xc ./build/core/core.a(USBCore.cpp.o)
 .text._ZL7USB_ISRv
                0x00000000000817d0      0x454 ./build/core/core.a(USBCore.cpp.o)
 .text._ZN13PluggableUSB_12getInterfaceEPh
                0x0000000000081c24       0x28 ./build/core/core.a(PluggableUSB.cpp.o)
                0x0000000000081c24                PluggableUSB_::getInterface(unsigned char*)
 .text._ZN13PluggableUSB_13getDescriptorER8USBSetup
                0x0000000000081c4c       0x1c ./build/core/core.a(PluggableUSB.cpp.o)
                0x0000000000081c4c                PluggableUSB_::getDescriptor(USBSetup&)
 .text._ZN13PluggableUSB_12getShortNameEPc
                0x0000000000081c68       0x1c ./build/core/core.a(PluggableUSB.cpp.o)
                0x0000000000081c68                PluggableUSB_::getShortName(char*)
 .text._ZN13PluggableUSB_5setupER8USBSetup
                0x0000000000081c84       0x20 ./build/core/core.a(PluggableUSB.cpp.o)
                0x0000000000081c84                PluggableUSB_::setup(USBSetup&)
 .text._Z12PluggableUSBv
                0x0000000000081ca4       0x28 ./build/core/core.a(PluggableUSB.cpp.o)
                0x0000000000081ca4                PluggableUSB()
 .text.TimeTick_Increment
                0x0000000000081ccc       0x10 /home/rajesh/.arduino15/packages/arduino/hardware/sam/1.6.6/variants/arduino_due_x/libsam_sam3x8e_gcc_rel.a(timetick.o)
                0x0000000000081ccc                TimeTick_Increment
 .text.GetTickCount
                0x0000000000081cdc        0xc /home/rajesh/.arduino15/packages/arduino/hardware/sam/1.6.6/variants/arduino_due_x/libsam_sam3x8e_gcc_rel.a(timetick.o)
                0x0000000000081cdc                GetTickCount
 .text.WDT_Disable
                0x0000000000081ce8        0x8 /home/rajesh/.arduino15/packages/arduino/hardware/sam/1.6.6/variants/arduino_due_x/libsam_sam3x8e_gcc_rel.a(wdt.o)
                0x0000000000081ce8                WDT_Disable
 .text.UDD_SetStack
                0x0000000000081cf0        0xc /home/rajesh/.arduino15/packages/arduino/hardware/sam/1.6.6/variants/arduino_due_x/libsam_sam3x8e_gcc_rel.a(uotghs_device.o)
                0x0000000000081cf0                UDD_SetStack
 .text.UDD_Init
                0x0000000000081cfc       0xd0 /home/rajesh/.arduino15/packages/arduino/hardware/sam/1.6.6/variants/arduino_due_x/libsam_sam3x8e_gcc_rel.a(uotghs_device.o)
                0x0000000000081cfc                UDD_Init
 .text.UDD_Attach
                0x0000000000081dcc       0x50 /home/rajesh/.arduino15/packages/arduino/hardware/sam/1.6.6/variants/arduino_due_x/libsam_sam3x8e_gcc_rel.a(uotghs_device.o)
                0x0000000000081dcc                UDD_Attach
 .text.UDD_InitEP
                0x0000000000081e1c       0x2c /home/rajesh/.arduino15/packages/arduino/hardware/sam/1.6.6/variants/arduino_due_x/libsam_sam3x8e_gcc_rel.a(uotghs_device.o)
                0x0000000000081e1c                UDD_InitEP
 .text.UDD_InitEndpoints
                0x0000000000081e48       0x3c /home/rajesh/.arduino15/packages/arduino/hardware/sam/1.6.6/variants/arduino_due_x/libsam_sam3x8e_gcc_rel.a(uotghs_device.o)
                0x0000000000081e48                UDD_InitEndpoints
 .text.UDD_WaitIN
                0x0000000000081e84       0x10 /home/rajesh/.arduino15/packages/arduino/hardware/sam/1.6.6/variants/arduino_due_x/libsam_sam3x8e_gcc_rel.a(uotghs_device.o)
                0x0000000000081e84                UDD_WaitIN
 .text.UDD_WaitOUT
                0x0000000000081e94       0x10 /home/rajesh/.arduino15/packages/arduino/hardware/sam/1.6.6/variants/arduino_due_x/libsam_sam3x8e_gcc_rel.a(uotghs_device.o)
                0x0000000000081e94                UDD_WaitOUT
 .text.UDD_ClearIN
                0x0000000000081ea4       0x18 /home/rajesh/.arduino15/packages/arduino/hardware/sam/1.6.6/variants/arduino_due_x/libsam_sam3x8e_gcc_rel.a(uotghs_device.o)
                0x0000000000081ea4                UDD_ClearIN
 .text.UDD_ClearOUT
                0x0000000000081ebc       0x18 /home/rajesh/.arduino15/packages/arduino/hardware/sam/1.6.6/variants/arduino_due_x/libsam_sam3x8e_gcc_rel.a(uotghs_device.o)
                0x0000000000081ebc                UDD_ClearOUT
 .text.UDD_ReceivedSetupInt
                0x0000000000081ed4       0x10 /home/rajesh/.arduino15/packages/arduino/hardware/sam/1.6.6/variants/arduino_due_x/libsam_sam3x8e_gcc_rel.a(uotghs_device.o)
                0x0000000000081ed4                UDD_ReceivedSetupInt
 .text.UDD_ClearSetupInt
                0x0000000000081ee4       0x10 /home/rajesh/.arduino15/packages/arduino/hardware/sam/1.6.6/variants/arduino_due_x/libsam_sam3x8e_gcc_rel.a(uotghs_device.o)
                0x0000000000081ee4                UDD_ClearSetupInt
 .text.UDD_Send
                0x0000000000081ef4       0x88 /home/rajesh/.arduino15/packages/arduino/hardware/sam/1.6.6/variants/arduino_due_x/libsam_sam3x8e_gcc_rel.a(uotghs_device.o)
                0x0000000000081ef4                UDD_Send
 .text.UDD_Send8
                0x0000000000081f7c       0x24 /home/rajesh/.arduino15/packages/arduino/hardware/sam/1.6.6/variants/arduino_due_x/libsam_sam3x8e_gcc_rel.a(uotghs_device.o)
                0x0000000000081f7c                UDD_Send8
 .text.UDD_Recv8
                0x0000000000081fa0       0x28 /home/rajesh/.arduino15/packages/arduino/hardware/sam/1.6.6/variants/arduino_due_x/libsam_sam3x8e_gcc_rel.a(uotghs_device.o)
                0x0000000000081fa0                UDD_Recv8
 .text.UDD_Recv
                0x0000000000081fc8       0x34 /home/rajesh/.arduino15/packages/arduino/hardware/sam/1.6.6/variants/arduino_due_x/libsam_sam3x8e_gcc_rel.a(uotghs_device.o)
                0x0000000000081fc8                UDD_Recv
 .text.UDD_Stall
                0x0000000000081ffc       0x14 /home/rajesh/.arduino15/packages/arduino/hardware/sam/1.6.6/variants/arduino_due_x/libsam_sam3x8e_gcc_rel.a(uotghs_device.o)
                0x0000000000081ffc                UDD_Stall
 .text.UDD_FifoByteCount
                0x0000000000082010       0x14 /home/rajesh/.arduino15/packages/arduino/hardware/sam/1.6.6/variants/arduino_due_x/libsam_sam3x8e_gcc_rel.a(uotghs_device.o)
                0x0000000000082010                UDD_FifoByteCount
 .text.UDD_ReleaseRX
                0x0000000000082024       0x28 /home/rajesh/.arduino15/packages/arduino/hardware/sam/1.6.6/variants/arduino_due_x/libsam_sam3x8e_gcc_rel.a(uotghs_device.o)
                0x0000000000082024                UDD_ReleaseRX
 .text.UDD_ReleaseTX
                0x000000000008204c       0x28 /home/rajesh/.arduino15/packages/arduino/hardware/sam/1.6.6/variants/arduino_due_x/libsam_sam3x8e_gcc_rel.a(uotghs_device.o)
                0x000000000008204c                UDD_ReleaseTX
 .text.UDD_SetAddress
                0x0000000000082074       0x20 /home/rajesh/.arduino15/packages/arduino/hardware/sam/1.6.6/variants/arduino_due_x/libsam_sam3x8e_gcc_rel.a(uotghs_device.o)
                0x0000000000082074                UDD_SetAddress
 .text.__assert_func
                0x0000000000082094       0x3c /media/rajesh/Bharadwaja/repos/packages/arduino-1.6.7/Atmel_SAM/packages/arduino/tools/arm-none-eabi-gcc/4.8.3-2014q1/bin/../lib/gcc/arm-none-eabi/4.8.3/../../../../arm-none-eabi/lib/armv7-m/libg.a(lib_a-assert.o)
                0x0000000000082094                __assert_func
 .text.fiprintf
                0x00000000000820d0       0x28 /media/rajesh/Bharadwaja/repos/packages/arduino-1.6.7/Atmel_SAM/packages/arduino/tools/arm-none-eabi-gcc/4.8.3-2014q1/bin/../lib/gcc/arm-none-eabi/4.8.3/../../../../arm-none-eabi/lib/armv7-m/libg.a(lib_a-fiprintf.o)
                0x00000000000820d0                fiprintf
 .text.__libc_init_array
                0x00000000000820f8       0x50 /media/rajesh/Bharadwaja/repos/packages/arduino-1.6.7/Atmel_SAM/packages/arduino/tools/arm-none-eabi-gcc/4.8.3-2014q1/bin/../lib/gcc/arm-none-eabi/4.8.3/../../../../arm-none-eabi/lib/armv7-m/libg.a(lib_a-init.o)
                0x00000000000820f8                __libc_init_array
 .text.iprintf  0x0000000000082148       0x28 /media/rajesh/Bharadwaja/repos/packages/arduino-1.6.7/Atmel_SAM/packages/arduino/tools/arm-none-eabi-gcc/4.8.3-2014q1/bin/../lib/gcc/arm-none-eabi/4.8.3/../../../../arm-none-eabi/lib/armv7-m/libg.a(lib_a-iprintf.o)
                0x0000000000082148                iprintf
 .text.memset   0x0000000000082170       0x94 /media/rajesh/Bharadwaja/repos/packages/arduino-1.6.7/Atmel_SAM/packages/arduino/tools/arm-none-eabi-gcc/4.8.3-2014q1/bin/../lib/gcc/arm-none-eabi/4.8.3/../../../../arm-none-eabi/lib/armv7-m/libg.a(lib_a-memset.o)
                0x0000000000082170                memset
 .text.strlen   0x0000000000082204       0x60 /media/rajesh/Bharadwaja/repos/packages/arduino-1.6.7/Atmel_SAM/packages/arduino/tools/arm-none-eabi-gcc/4.8.3-2014q1/bin/../lib/gcc/arm-none-eabi/4.8.3/../../../../arm-none-eabi/lib/armv7-m/libg.a(lib_a-strlen.o)
                0x0000000000082204                strlen
 .text.__sprint_r.part.0
                0x0000000000082264       0x78 /media/rajesh/Bharadwaja/repos/packages/arduino-1.6.7/Atmel_SAM/packages/arduino/tools/arm-none-eabi-gcc/4.8.3-2014q1/bin/../lib/gcc/arm-none-eabi/4.8.3/../../../../arm-none-eabi/lib/armv7-m/libg.a(lib_a-vfiprintf.o)
 .text._vfiprintf_r
                0x00000000000822dc      0xc54 /media/rajesh/Bharadwaja/repos/packages/arduino-1.6.7/Atmel_SAM/packages/arduino/tools/arm-none-eabi-gcc/4.8.3-2014q1/bin/../lib/gcc/arm-none-eabi/4.8.3/../../../../arm-none-eabi/lib/armv7-m/libg.a(lib_a-vfiprintf.o)
                0x00000000000822dc                _vfiprintf_r
 .text.__sbprintf
                0x0000000000082f30       0x7c /media/rajesh/Bharadwaja/repos/packages/arduino-1.6.7/Atmel_SAM/packages/arduino/tools/arm-none-eabi-gcc/4.8.3-2014q1/bin/../lib/gcc/arm-none-eabi/4.8.3/../../../../arm-none-eabi/lib/armv7-m/libg.a(lib_a-vfiprintf.o)
 .text.__swsetup_r
                0x0000000000082fac       0xc4 /media/rajesh/Bharadwaja/repos/packages/arduino-1.6.7/Atmel_SAM/packages/arduino/tools/arm-none-eabi-gcc/4.8.3-2014q1/bin/../lib/gcc/arm-none-eabi/4.8.3/../../../../arm-none-eabi/lib/armv7-m/libg.a(lib_a-wsetup.o)
                0x0000000000082fac                __swsetup_r
 .text.startup.register_fini
                0x0000000000083070       0x14 /media/rajesh/Bharadwaja/repos/packages/arduino-1.6.7/Atmel_SAM/packages/arduino/tools/arm-none-eabi-gcc/4.8.3-2014q1/bin/../lib/gcc/arm-none-eabi/4.8.3/../../../../arm-none-eabi/lib/armv7-m/libg.a(lib_a-__call_atexit.o)
 .text.abort    0x0000000000083084       0x10 /media/rajesh/Bharadwaja/repos/packages/arduino-1.6.7/Atmel_SAM/packages/arduino/tools/arm-none-eabi-gcc/4.8.3-2014q1/bin/../lib/gcc/arm-none-eabi/4.8.3/../../../../arm-none-eabi/lib/armv7-m/libg.a(lib_a-abort.o)
                0x0000000000083084                abort
 .text.atexit   0x0000000000083094        0xc /media/rajesh/Bharadwaja/repos/packages/arduino-1.6.7/Atmel_SAM/packages/arduino/tools/arm-none-eabi-gcc/4.8.3-2014q1/bin/../lib/gcc/arm-none-eabi/4.8.3/../../../../arm-none-eabi/lib/armv7-m/libg.a(lib_a-atexit.o)
                0x0000000000083094                atexit
 .text.__sflush_r
                0x00000000000830a0      0x148 /media/rajesh/Bharadwaja/repos/packages/arduino-1.6.7/Atmel_SAM/packages/arduino/tools/arm-none-eabi-gcc/4.8.3-2014q1/bin/../lib/gcc/arm-none-eabi/4.8.3/../../../../arm-none-eabi/lib/armv7-m/libg.a(lib_a-fflush.o)
                0x00000000000830a0                __sflush_r
 .text._fflush_r
                0x00000000000831e8       0x2c /media/rajesh/Bharadwaja/repos/packages/arduino-1.6.7/Atmel_SAM/packages/arduino/tools/arm-none-eabi-gcc/4.8.3-2014q1/bin/../lib/gcc/arm-none-eabi/4.8.3/../../../../arm-none-eabi/lib/armv7-m/libg.a(lib_a-fflush.o)
                0x00000000000831e8                _fflush_r
 .text._cleanup_r
                0x0000000000083214        0xc /media/rajesh/Bharadwaja/repos/packages/arduino-1.6.7/Atmel_SAM/packages/arduino/tools/arm-none-eabi-gcc/4.8.3-2014q1/bin/../lib/gcc/arm-none-eabi/4.8.3/../../../../arm-none-eabi/lib/armv7-m/libg.a(lib_a-findfp.o)
                0x0000000000083214                _cleanup_r
 .text.__sinit  0x0000000000083220       0xf4 /media/rajesh/Bharadwaja/repos/packages/arduino-1.6.7/Atmel_SAM/packages/arduino/tools/arm-none-eabi-gcc/4.8.3-2014q1/bin/../lib/gcc/arm-none-eabi/4.8.3/../../../../arm-none-eabi/lib/armv7-m/libg.a(lib_a-findfp.o)
                0x0000000000083220                __sinit
 .text.__sfp_lock_acquire
                0x0000000000083314        0x4 /media/rajesh/Bharadwaja/repos/packages/arduino-1.6.7/Atmel_SAM/packages/arduino/tools/arm-none-eabi-gcc/4.8.3-2014q1/bin/../lib/gcc/arm-none-eabi/4.8.3/../../../../arm-none-eabi/lib/armv7-m/libg.a(lib_a-findfp.o)
                0x0000000000083314                __sfp_lock_acquire
 .text.__sfp_lock_release
                0x0000000000083318        0x4 /media/rajesh/Bharadwaja/repos/packages/arduino-1.6.7/Atmel_SAM/packages/arduino/tools/arm-none-eabi-gcc/4.8.3-2014q1/bin/../lib/gcc/arm-none-eabi/4.8.3/../../../../arm-none-eabi/lib/armv7-m/libg.a(lib_a-findfp.o)
                0x0000000000083318                __sfp_lock_release
 .text.__libc_fini_array
                0x000000000008331c       0x30 /media/rajesh/Bharadwaja/repos/packages/arduino-1.6.7/Atmel_SAM/packages/arduino/tools/arm-none-eabi-gcc/4.8.3-2014q1/bin/../lib/gcc/arm-none-eabi/4.8.3/../../../../arm-none-eabi/lib/armv7-m/libg.a(lib_a-fini.o)
                0x000000000008331c                __libc_fini_array
 .text._fputwc_r
                0x000000000008334c       0xc0 /media/rajesh/Bharadwaja/repos/packages/arduino-1.6.7/Atmel_SAM/packages/arduino/tools/arm-none-eabi-gcc/4.8.3-2014q1/bin/../lib/gcc/arm-none-eabi/4.8.3/../../../../arm-none-eabi/lib/armv7-m/libg.a(lib_a-fputwc.o)
                0x000000000008334c                _fputwc_r
 .text._malloc_trim_r
                0x000000000008340c       0x9c /media/rajesh/Bharadwaja/repos/packages/arduino-1.6.7/Atmel_SAM/packages/arduino/tools/arm-none-eabi-gcc/4.8.3-2014q1/bin/../lib/gcc/arm-none-eabi/4.8.3/../../../../arm-none-eabi/lib/armv7-m/libg.a(lib_a-freer.o)
                0x000000000008340c                _malloc_trim_r
 .text._free_r  0x00000000000834a8      0x198 /media/rajesh/Bharadwaja/repos/packages/arduino-1.6.7/Atmel_SAM/packages/arduino/tools/arm-none-eabi-gcc/4.8.3-2014q1/bin/../lib/gcc/arm-none-eabi/4.8.3/../../../../arm-none-eabi/lib/armv7-m/libg.a(lib_a-freer.o)
                0x00000000000834a8                _free_r
 .text.__sfvwrite_r
                0x0000000000083640      0x314 /media/rajesh/Bharadwaja/repos/packages/arduino-1.6.7/Atmel_SAM/packages/arduino/tools/arm-none-eabi-gcc/4.8.3-2014q1/bin/../lib/gcc/arm-none-eabi/4.8.3/../../../../arm-none-eabi/lib/armv7-m/libg.a(lib_a-fvwrite.o)
                0x0000000000083640                __sfvwrite_r
 .text._fwalk   0x0000000000083954       0x48 /media/rajesh/Bharadwaja/repos/packages/arduino-1.6.7/Atmel_SAM/packages/arduino/tools/arm-none-eabi-gcc/4.8.3-2014q1/bin/../lib/gcc/arm-none-eabi/4.8.3/../../../../arm-none-eabi/lib/armv7-m/libg.a(lib_a-fwalk.o)
                0x0000000000083954                _fwalk
 .text.__locale_charset
                0x000000000008399c        0x8 /media/rajesh/Bharadwaja/repos/packages/arduino-1.6.7/Atmel_SAM/packages/arduino/tools/arm-none-eabi-gcc/4.8.3-2014q1/bin/../lib/gcc/arm-none-eabi/4.8.3/../../../../arm-none-eabi/lib/armv7-m/libg.a(lib_a-locale.o)
                0x000000000008399c                __locale_charset
 .text.__locale_mb_cur_max
                0x00000000000839a4        0xc /media/rajesh/Bharadwaja/repos/packages/arduino-1.6.7/Atmel_SAM/packages/arduino/tools/arm-none-eabi-gcc/4.8.3-2014q1/bin/../lib/gcc/arm-none-eabi/4.8.3/../../../../arm-none-eabi/lib/armv7-m/libg.a(lib_a-locale.o)
                0x00000000000839a4                __locale_mb_cur_max
 .text.__smakebuf_r
                0x00000000000839b0       0xe0 /media/rajesh/Bharadwaja/repos/packages/arduino-1.6.7/Atmel_SAM/packages/arduino/tools/arm-none-eabi-gcc/4.8.3-2014q1/bin/../lib/gcc/arm-none-eabi/4.8.3/../../../../arm-none-eabi/lib/armv7-m/libg.a(lib_a-makebuf.o)
                0x00000000000839b0                __smakebuf_r
 .text._malloc_r
                0x0000000000083a90      0x538 /media/rajesh/Bharadwaja/repos/packages/arduino-1.6.7/Atmel_SAM/packages/arduino/tools/arm-none-eabi-gcc/4.8.3-2014q1/bin/../lib/gcc/arm-none-eabi/4.8.3/../../../../arm-none-eabi/lib/armv7-m/libg.a(lib_a-mallocr.o)
                0x0000000000083a90                _malloc_r
 .text.memchr   0x0000000000083fc8       0x94 /media/rajesh/Bharadwaja/repos/packages/arduino-1.6.7/Atmel_SAM/packages/arduino/tools/arm-none-eabi-gcc/4.8.3-2014q1/bin/../lib/gcc/arm-none-eabi/4.8.3/../../../../arm-none-eabi/lib/armv7-m/libg.a(lib_a-memchr-stub.o)
                0x0000000000083fc8                memchr
 .text          0x000000000008405c       0xec /media/rajesh/Bharadwaja/repos/packages/arduino-1.6.7/Atmel_SAM/packages/arduino/tools/arm-none-eabi-gcc/4.8.3-2014q1/bin/../lib/gcc/arm-none-eabi/4.8.3/../../../../arm-none-eabi/lib/armv7-m/libg.a(lib_a-memcpy.o)
                0x000000000008405c                memcpy
 .text.memmove  0x0000000000084148       0xcc /media/rajesh/Bharadwaja/repos/packages/arduino-1.6.7/Atmel_SAM/packages/arduino/tools/arm-none-eabi-gcc/4.8.3-2014q1/bin/../lib/gcc/arm-none-eabi/4.8.3/../../../../arm-none-eabi/lib/armv7-m/libg.a(lib_a-memmove.o)
                0x0000000000084148                memmove
 .text.__malloc_lock
                0x0000000000084214        0x4 /media/rajesh/Bharadwaja/repos/packages/arduino-1.6.7/Atmel_SAM/packages/arduino/tools/arm-none-eabi-gcc/4.8.3-2014q1/bin/../lib/gcc/arm-none-eabi/4.8.3/../../../../arm-none-eabi/lib/armv7-m/libg.a(lib_a-mlock.o)
                0x0000000000084214                __malloc_lock
 .text.__malloc_unlock
                0x0000000000084218        0x4 /media/rajesh/Bharadwaja/repos/packages/arduino-1.6.7/Atmel_SAM/packages/arduino/tools/arm-none-eabi-gcc/4.8.3-2014q1/bin/../lib/gcc/arm-none-eabi/4.8.3/../../../../arm-none-eabi/lib/armv7-m/libg.a(lib_a-mlock.o)
                0x0000000000084218                __malloc_unlock
 .text._realloc_r
                0x000000000008421c      0x3c0 /media/rajesh/Bharadwaja/repos/packages/arduino-1.6.7/Atmel_SAM/packages/arduino/tools/arm-none-eabi-gcc/4.8.3-2014q1/bin/../lib/gcc/arm-none-eabi/4.8.3/../../../../arm-none-eabi/lib/armv7-m/libg.a(lib_a-reallocr.o)
                0x000000000008421c                _realloc_r
 .text._sbrk_r  0x00000000000845dc       0x24 /media/rajesh/Bharadwaja/repos/packages/arduino-1.6.7/Atmel_SAM/packages/arduino/tools/arm-none-eabi-gcc/4.8.3-2014q1/bin/../lib/gcc/arm-none-eabi/4.8.3/../../../../arm-none-eabi/lib/armv7-m/libg.a(lib_a-sbrkr.o)
                0x00000000000845dc                _sbrk_r
 .text._raise_r
                0x0000000000084600       0x58 /media/rajesh/Bharadwaja/repos/packages/arduino-1.6.7/Atmel_SAM/packages/arduino/tools/arm-none-eabi-gcc/4.8.3-2014q1/bin/../lib/gcc/arm-none-eabi/4.8.3/../../../../arm-none-eabi/lib/armv7-m/libg.a(lib_a-signal.o)
                0x0000000000084600                _raise_r
 .text.raise    0x0000000000084658       0x10 /media/rajesh/Bharadwaja/repos/packages/arduino-1.6.7/Atmel_SAM/packages/arduino/tools/arm-none-eabi-gcc/4.8.3-2014q1/bin/../lib/gcc/arm-none-eabi/4.8.3/../../../../arm-none-eabi/lib/armv7-m/libg.a(lib_a-signal.o)
                0x0000000000084658                raise
 .text._kill_r  0x0000000000084668       0x28 /media/rajesh/Bharadwaja/repos/packages/arduino-1.6.7/Atmel_SAM/packages/arduino/tools/arm-none-eabi-gcc/4.8.3-2014q1/bin/../lib/gcc/arm-none-eabi/4.8.3/../../../../arm-none-eabi/lib/armv7-m/libg.a(lib_a-signalr.o)
                0x0000000000084668                _kill_r
 .text._getpid_r
                0x0000000000084690        0x4 /media/rajesh/Bharadwaja/repos/packages/arduino-1.6.7/Atmel_SAM/packages/arduino/tools/arm-none-eabi-gcc/4.8.3-2014q1/bin/../lib/gcc/arm-none-eabi/4.8.3/../../../../arm-none-eabi/lib/armv7-m/libg.a(lib_a-signalr.o)
                0x0000000000084690                _getpid_r
 .text.__sread  0x0000000000084694       0x24 /media/rajesh/Bharadwaja/repos/packages/arduino-1.6.7/Atmel_SAM/packages/arduino/tools/arm-none-eabi-gcc/4.8.3-2014q1/bin/../lib/gcc/arm-none-eabi/4.8.3/../../../../arm-none-eabi/lib/armv7-m/libg.a(lib_a-stdio.o)
                0x0000000000084694                __sread
 .text.__swrite
                0x00000000000846b8       0x38 /media/rajesh/Bharadwaja/repos/packages/arduino-1.6.7/Atmel_SAM/packages/arduino/tools/arm-none-eabi-gcc/4.8.3-2014q1/bin/../lib/gcc/arm-none-eabi/4.8.3/../../../../arm-none-eabi/lib/armv7-m/libg.a(lib_a-stdio.o)
                0x00000000000846b8                __swrite
 .text.__sseek  0x00000000000846f0       0x20 /media/rajesh/Bharadwaja/repos/packages/arduino-1.6.7/Atmel_SAM/packages/arduino/tools/arm-none-eabi-gcc/4.8.3-2014q1/bin/../lib/gcc/arm-none-eabi/4.8.3/../../../../arm-none-eabi/lib/armv7-m/libg.a(lib_a-stdio.o)
                0x00000000000846f0                __sseek
 .text.__sclose
                0x0000000000084710        0x8 /media/rajesh/Bharadwaja/repos/packages/arduino-1.6.7/Atmel_SAM/packages/arduino/tools/arm-none-eabi-gcc/4.8.3-2014q1/bin/../lib/gcc/arm-none-eabi/4.8.3/../../../../arm-none-eabi/lib/armv7-m/libg.a(lib_a-stdio.o)
                0x0000000000084710                __sclose
 .text.__swbuf_r
                0x0000000000084718       0xa8 /media/rajesh/Bharadwaja/repos/packages/arduino-1.6.7/Atmel_SAM/packages/arduino/tools/arm-none-eabi-gcc/4.8.3-2014q1/bin/../lib/gcc/arm-none-eabi/4.8.3/../../../../arm-none-eabi/lib/armv7-m/libg.a(lib_a-wbuf.o)
                0x0000000000084718                __swbuf_r
 .text._wcrtomb_r
                0x00000000000847c0       0x50 /media/rajesh/Bharadwaja/repos/packages/arduino-1.6.7/Atmel_SAM/packages/arduino/tools/arm-none-eabi-gcc/4.8.3-2014q1/bin/../lib/gcc/arm-none-eabi/4.8.3/../../../../arm-none-eabi/lib/armv7-m/libg.a(lib_a-wcrtomb.o)
                0x00000000000847c0                _wcrtomb_r
 .text.__ascii_wctomb
                0x0000000000084810       0x1c /media/rajesh/Bharadwaja/repos/packages/arduino-1.6.7/Atmel_SAM/packages/arduino/tools/arm-none-eabi-gcc/4.8.3-2014q1/bin/../lib/gcc/arm-none-eabi/4.8.3/../../../../arm-none-eabi/lib/armv7-m/libg.a(lib_a-wctomb_r.o)
                0x0000000000084810                __ascii_wctomb
 .text._write_r
                0x000000000008482c       0x28 /media/rajesh/Bharadwaja/repos/packages/arduino-1.6.7/Atmel_SAM/packages/arduino/tools/arm-none-eabi-gcc/4.8.3-2014q1/bin/../lib/gcc/arm-none-eabi/4.8.3/../../../../arm-none-eabi/lib/armv7-m/libg.a(lib_a-writer.o)
                0x000000000008482c                _write_r
 .text.__register_exitproc
                0x0000000000084854       0xa8 /media/rajesh/Bharadwaja/repos/packages/arduino-1.6.7/Atmel_SAM/packages/arduino/tools/arm-none-eabi-gcc/4.8.3-2014q1/bin/../lib/gcc/arm-none-eabi/4.8.3/../../../../arm-none-eabi/lib/armv7-m/libg.a(lib_a-__atexit.o)
                0x0000000000084854                __register_exitproc
 .text._close_r
                0x00000000000848fc       0x24 /media/rajesh/Bharadwaja/repos/packages/arduino-1.6.7/Atmel_SAM/packages/arduino/tools/arm-none-eabi-gcc/4.8.3-2014q1/bin/../lib/gcc/arm-none-eabi/4.8.3/../../../../arm-none-eabi/lib/armv7-m/libg.a(lib_a-closer.o)
                0x00000000000848fc                _close_r
 .text._fclose_r
                0x0000000000084920       0x80 /media/rajesh/Bharadwaja/repos/packages/arduino-1.6.7/Atmel_SAM/packages/arduino/tools/arm-none-eabi-gcc/4.8.3-2014q1/bin/../lib/gcc/arm-none-eabi/4.8.3/../../../../arm-none-eabi/lib/armv7-m/libg.a(lib_a-fclose.o)
                0x0000000000084920                _fclose_r
 .text.fclose   0x00000000000849a0       0x10 /media/rajesh/Bharadwaja/repos/packages/arduino-1.6.7/Atmel_SAM/packages/arduino/tools/arm-none-eabi-gcc/4.8.3-2014q1/bin/../lib/gcc/arm-none-eabi/4.8.3/../../../../arm-none-eabi/lib/armv7-m/libg.a(lib_a-fclose.o)
                0x00000000000849a0                fclose
 .text._fstat_r
                0x00000000000849b0       0x28 /media/rajesh/Bharadwaja/repos/packages/arduino-1.6.7/Atmel_SAM/packages/arduino/tools/arm-none-eabi-gcc/4.8.3-2014q1/bin/../lib/gcc/arm-none-eabi/4.8.3/../../../../arm-none-eabi/lib/armv7-m/libg.a(lib_a-fstatr.o)
                0x00000000000849b0                _fstat_r
 .text._isatty_r
                0x00000000000849d8       0x24 /media/rajesh/Bharadwaja/repos/packages/arduino-1.6.7/Atmel_SAM/packages/arduino/tools/arm-none-eabi-gcc/4.8.3-2014q1/bin/../lib/gcc/arm-none-eabi/4.8.3/../../../../arm-none-eabi/lib/armv7-m/libg.a(lib_a-isattyr.o)
                0x00000000000849d8                _isatty_r
 .text._lseek_r
                0x00000000000849fc       0x28 /media/rajesh/Bharadwaja/repos/packages/arduino-1.6.7/Atmel_SAM/packages/arduino/tools/arm-none-eabi-gcc/4.8.3-2014q1/bin/../lib/gcc/arm-none-eabi/4.8.3/../../../../arm-none-eabi/lib/armv7-m/libg.a(lib_a-lseekr.o)
                0x00000000000849fc                _lseek_r
 .text._read_r  0x0000000000084a24       0x28 /media/rajesh/Bharadwaja/repos/packages/arduino-1.6.7/Atmel_SAM/packages/arduino/tools/arm-none-eabi-gcc/4.8.3-2014q1/bin/../lib/gcc/arm-none-eabi/4.8.3/../../../../arm-none-eabi/lib/armv7-m/libg.a(lib_a-readr.o)
                0x0000000000084a24                _read_r
 .text          0x0000000000084a4c       0x2c /media/rajesh/Bharadwaja/repos/packages/arduino-1.6.7/Atmel_SAM/packages/arduino/tools/arm-none-eabi-gcc/4.8.3-2014q1/bin/../lib/gcc/arm-none-eabi/4.8.3/armv7-m/libgcc.a(_aeabi_uldivmod.o)
                0x0000000000084a4c                __aeabi_uldivmod
 .text          0x0000000000084a78       0x60 /media/rajesh/Bharadwaja/repos/packages/arduino-1.6.7/Atmel_SAM/packages/arduino/tools/arm-none-eabi-gcc/4.8.3-2014q1/bin/../lib/gcc/arm-none-eabi/4.8.3/armv7-m/libgcc.a(bpabi.o)
                0x0000000000084a78                __gnu_ldivmod_helper
                0x0000000000084aa8                __gnu_uldivmod_helper
 .text          0x0000000000084ad8        0x4 /media/rajesh/Bharadwaja/repos/packages/arduino-1.6.7/Atmel_SAM/packages/arduino/tools/arm-none-eabi-gcc/4.8.3-2014q1/bin/../lib/gcc/arm-none-eabi/4.8.3/armv7-m/libgcc.a(_dvmd_tls.o)
                0x0000000000084ad8                __aeabi_ldiv0
                0x0000000000084ad8                __aeabi_idiv0
 .text          0x0000000000084adc      0x2a0 /media/rajesh/Bharadwaja/repos/packages/arduino-1.6.7/Atmel_SAM/packages/arduino/tools/arm-none-eabi-gcc/4.8.3-2014q1/bin/../lib/gcc/arm-none-eabi/4.8.3/armv7-m/libgcc.a(_divdi3.o)
                0x0000000000084adc                __divdi3
 .text          0x0000000000084d7c      0x290 /media/rajesh/Bharadwaja/repos/packages/arduino-1.6.7/Atmel_SAM/packages/arduino/tools/arm-none-eabi-gcc/4.8.3-2014q1/bin/../lib/gcc/arm-none-eabi/4.8.3/armv7-m/libgcc.a(_udivdi3.o)
                0x0000000000084d7c                __udivdi3
 *(.glue_7t)
 .glue_7t       0x0000000000000000        0x0 linker stubs
 *(.glue_7)
 .glue_7        0x0000000000000000        0x0 linker stubs
 *(.rodata .rodata* .gnu.linkonce.r.*)
 .rodata.str1.1
                0x000000000008500c       0x19 ./build/core/syscalls_sam3.c.o
 *fill*         0x0000000000085025        0x3 
 .rodata._ZTV7TwoWire
                0x0000000000085028       0x20 /media/rajesh/Bharadwaja/repos/working/sensors/v2/i2c_rs232_reader/firmware/build/libraries/Wire/Wire.cpp.o
                0x0000000000085028                vtable for TwoWire
 .rodata.g_APinDescription
                0x0000000000085048      0xa2c /media/rajesh/Bharadwaja/repos/working/sensors/v2/i2c_rs232_reader/firmware/build/core/variant.cpp.o
                0x0000000000085048                g_APinDescription
 .rodata.__func__.7227
                0x0000000000085a74        0xe /home/rajesh/.arduino15/packages/arduino/hardware/sam/1.6.6/variants/arduino_due_x/libsam_sam3x8e_gcc_rel.a(twi.o)
 .rodata.__func__.7157
                0x0000000000085a82        0xd /home/rajesh/.arduino15/packages/arduino/hardware/sam/1.6.6/variants/arduino_due_x/libsam_sam3x8e_gcc_rel.a(twi.o)
 .rodata.__func__.7176
                0x0000000000085a8f        0xc /home/rajesh/.arduino15/packages/arduino/hardware/sam/1.6.6/variants/arduino_due_x/libsam_sam3x8e_gcc_rel.a(twi.o)
 .rodata.str1.1
                0x0000000000085a9b       0xb4 /home/rajesh/.arduino15/packages/arduino/hardware/sam/1.6.6/variants/arduino_due_x/libsam_sam3x8e_gcc_rel.a(twi.o)
 .rodata.__func__.7240
                0x0000000000085b4f       0x16 /home/rajesh/.arduino15/packages/arduino/hardware/sam/1.6.6/variants/arduino_due_x/libsam_sam3x8e_gcc_rel.a(twi.o)
 .rodata.__func__.7191
                0x0000000000085b65        0xe /home/rajesh/.arduino15/packages/arduino/hardware/sam/1.6.6/variants/arduino_due_x/libsam_sam3x8e_gcc_rel.a(twi.o)
 .rodata.__func__.7231
                0x0000000000085b73        0xe /home/rajesh/.arduino15/packages/arduino/hardware/sam/1.6.6/variants/arduino_due_x/libsam_sam3x8e_gcc_rel.a(twi.o)
 .rodata.__func__.7195
                0x0000000000085b81        0xd /home/rajesh/.arduino15/packages/arduino/hardware/sam/1.6.6/variants/arduino_due_x/libsam_sam3x8e_gcc_rel.a(twi.o)
 .rodata.__func__.7222
                0x0000000000085b8e        0xd /home/rajesh/.arduino15/packages/arduino/hardware/sam/1.6.6/variants/arduino_due_x/libsam_sam3x8e_gcc_rel.a(twi.o)
 .rodata.__func__.7200
                0x0000000000085b9b        0xe /home/rajesh/.arduino15/packages/arduino/hardware/sam/1.6.6/variants/arduino_due_x/libsam_sam3x8e_gcc_rel.a(twi.o)
 .rodata.__func__.7151
                0x0000000000085ba9       0x14 /home/rajesh/.arduino15/packages/arduino/hardware/sam/1.6.6/variants/arduino_due_x/libsam_sam3x8e_gcc_rel.a(twi.o)
 *fill*         0x0000000000085bbd        0x3 
 .rodata        0x0000000000085bc0       0x40 /home/rajesh/.arduino15/packages/arduino/hardware/sam/1.6.6/variants/arduino_due_x/libsam_sam3x8e_gcc_rel.a(adc.o)
 .rodata._ZTV9UARTClass
                0x0000000000085c00       0x30 ./build/core/core.a(UARTClass.cpp.o)
                0x0000000000085c00                vtable for UARTClass
 .rodata._ZTV10USARTClass
                0x0000000000085c30       0x30 ./build/core/core.a(USARTClass.cpp.o)
                0x0000000000085c30                vtable for USARTClass
 .rodata._ZTV7Serial_
                0x0000000000085c60       0x28 ./build/core/core.a(CDC.cpp.o)
                0x0000000000085c60                vtable for Serial_
 .rodata._ZL18_cdcOtherInterface
                0x0000000000085c88       0x42 ./build/core/core.a(CDC.cpp.o)
 .rodata._ZL13_cdcInterface
                0x0000000000085cca       0x42 ./build/core/core.a(CDC.cpp.o)
 .rodata.STRING_PRODUCT
                0x0000000000085d0c        0xc ./build/core/core.a(USBCore.cpp.o)
                0x0000000000085d0c                STRING_PRODUCT
 .rodata.USB_DeviceDescriptor
                0x0000000000085d18       0x12 ./build/core/core.a(USBCore.cpp.o)
                0x0000000000085d18                USB_DeviceDescriptor
 .rodata.STRING_LANGUAGE
                0x0000000000085d2a        0x4 ./build/core/core.a(USBCore.cpp.o)
                0x0000000000085d2a                STRING_LANGUAGE
 .rodata._ZL18test_packet_buffer
                0x0000000000085d2e       0x35 ./build/core/core.a(USBCore.cpp.o)
 .rodata.STRING_MANUFACTURER
                0x0000000000085d63        0xc ./build/core/core.a(USBCore.cpp.o)
                0x0000000000085d63                STRING_MANUFACTURER
 .rodata.USB_DeviceDescriptorA
                0x0000000000085d6f       0x12 ./build/core/core.a(USBCore.cpp.o)
                0x0000000000085d6f                USB_DeviceDescriptorA
 .rodata._ZL19USB_DeviceQualifier
                0x0000000000085d81        0x9 ./build/core/core.a(USBCore.cpp.o)
 *fill*         0x0000000000085d8a        0x2 
 .rodata.str1.4
                0x0000000000085d8c       0x3f /media/rajesh/Bharadwaja/repos/packages/arduino-1.6.7/Atmel_SAM/packages/arduino/tools/arm-none-eabi-gcc/4.8.3-2014q1/bin/../lib/gcc/arm-none-eabi/4.8.3/../../../../arm-none-eabi/lib/armv7-m/libg.a(lib_a-assert.o)
                                         0x44 (size before relaxing)
 *fill*         0x0000000000085dcb        0x1 
 .rodata.str1.4
                0x0000000000085dcc        0x2 /media/rajesh/Bharadwaja/repos/packages/arduino-1.6.7/Atmel_SAM/packages/arduino/tools/arm-none-eabi-gcc/4.8.3-2014q1/bin/../lib/gcc/arm-none-eabi/4.8.3/../../../../arm-none-eabi/lib/armv7-m/libg.a(lib_a-impure.o)
                                          0x4 (size before relaxing)
 *fill*         0x0000000000085dce        0x2 
 .rodata._global_impure_ptr
                0x0000000000085dd0        0x4 /media/rajesh/Bharadwaja/repos/packages/arduino-1.6.7/Atmel_SAM/packages/arduino/tools/arm-none-eabi-gcc/4.8.3-2014q1/bin/../lib/gcc/arm-none-eabi/4.8.3/../../../../arm-none-eabi/lib/armv7-m/libg.a(lib_a-impure.o)
                0x0000000000085dd0                _global_impure_ptr
 .rodata.blanks.6717
                0x0000000000085dd4       0x10 /media/rajesh/Bharadwaja/repos/packages/arduino-1.6.7/Atmel_SAM/packages/arduino/tools/arm-none-eabi-gcc/4.8.3-2014q1/bin/../lib/gcc/arm-none-eabi/4.8.3/../../../../arm-none-eabi/lib/armv7-m/libg.a(lib_a-vfiprintf.o)
 .rodata.str1.4
                0x0000000000085de4       0x30 /media/rajesh/Bharadwaja/repos/packages/arduino-1.6.7/Atmel_SAM/packages/arduino/tools/arm-none-eabi-gcc/4.8.3-2014q1/bin/../lib/gcc/arm-none-eabi/4.8.3/../../../../arm-none-eabi/lib/armv7-m/libg.a(lib_a-vfiprintf.o)
 .rodata.zeroes.6718
                0x0000000000085e14       0x10 /media/rajesh/Bharadwaja/repos/packages/arduino-1.6.7/Atmel_SAM/packages/arduino/tools/arm-none-eabi-gcc/4.8.3-2014q1/bin/../lib/gcc/arm-none-eabi/4.8.3/../../../../arm-none-eabi/lib/armv7-m/libg.a(lib_a-vfiprintf.o)
 *(.ARM.extab* .gnu.linkonce.armextab.*)
                0x0000000000085e24                . = ALIGN (0x4)
 *(.init)
 .init          0x0000000000085e24        0x4 /media/rajesh/Bharadwaja/repos/packages/arduino-1.6.7/Atmel_SAM/packages/arduino/tools/arm-none-eabi-gcc/4.8.3-2014q1/bin/../lib/gcc/arm-none-eabi/4.8.3/armv7-m/crti.o
                0x0000000000085e24                _init
 .init          0x0000000000085e28        0x8 /media/rajesh/Bharadwaja/repos/packages/arduino-1.6.7/Atmel_SAM/packages/arduino/tools/arm-none-eabi-gcc/4.8.3-2014q1/bin/../lib/gcc/arm-none-eabi/4.8.3/armv7-m/crtn.o
                0x0000000000085e30                . = ALIGN (0x4)
                0x0000000000085e30                __preinit_array_start = .
 *(.preinit_array)
                0x0000000000085e30                __preinit_array_end = .
                0x0000000000085e30                . = ALIGN (0x4)
                0x0000000000085e30                __init_array_start = .
 *(SORT(.init_array.*))
 .init_array.00000
                0x0000000000085e30        0x4 /media/rajesh/Bharadwaja/repos/packages/arduino-1.6.7/Atmel_SAM/packages/arduino/tools/arm-none-eabi-gcc/4.8.3-2014q1/bin/../lib/gcc/arm-none-eabi/4.8.3/../../../../arm-none-eabi/lib/armv7-m/libg.a(lib_a-__call_atexit.o)
 *(.init_array)
 .init_array    0x0000000000085e34        0x4 /media/rajesh/Bharadwaja/repos/packages/arduino-1.6.7/Atmel_SAM/packages/arduino/tools/arm-none-eabi-gcc/4.8.3-2014q1/bin/../lib/gcc/arm-none-eabi/4.8.3/armv7-m/crtbegin.o
 .init_array    0x0000000000085e38        0x4 /media/rajesh/Bharadwaja/repos/working/sensors/v2/i2c_rs232_reader/firmware/build/libraries/Wire/Wire.cpp.o
 .init_array    0x0000000000085e3c        0x4 /media/rajesh/Bharadwaja/repos/working/sensors/v2/i2c_rs232_reader/firmware/build/core/variant.cpp.o
 .init_array    0x0000000000085e40        0x4 ./build/core/core.a(CDC.cpp.o)
 .init_array    0x0000000000085e44        0x4 ./build/core/core.a(USBCore.cpp.o)
                0x0000000000085e48                __init_array_end = .
                0x0000000000085e48                . = ALIGN (0x4)
 *crtbegin.o(.ctors)
 *(EXCLUDE_FILE(*crtend.o) .ctors)
 *(SORT(.ctors.*))
 *crtend.o(.ctors)
                0x0000000000085e48                . = ALIGN (0x4)
 *(.fini)
 .fini          0x0000000000085e48        0x4 /media/rajesh/Bharadwaja/repos/packages/arduino-1.6.7/Atmel_SAM/packages/arduino/tools/arm-none-eabi-gcc/4.8.3-2014q1/bin/../lib/gcc/arm-none-eabi/4.8.3/armv7-m/crti.o
                0x0000000000085e48                _fini
 .fini          0x0000000000085e4c        0x8 /media/rajesh/Bharadwaja/repos/packages/arduino-1.6.7/Atmel_SAM/packages/arduino/tools/arm-none-eabi-gcc/4.8.3-2014q1/bin/../lib/gcc/arm-none-eabi/4.8.3/armv7-m/crtn.o
                0x0000000000085e54                . = ALIGN (0x4)
                0x0000000000085e54                __fini_array_start = .
 *(.fini_array)
 .fini_array    0x0000000000085e54        0x4 /media/rajesh/Bharadwaja/repos/packages/arduino-1.6.7/Atmel_SAM/packages/arduino/tools/arm-none-eabi-gcc/4.8.3-2014q1/bin/../lib/gcc/arm-none-eabi/4.8.3/armv7-m/crtbegin.o
 *(SORT(.fini_array.*))
                0x0000000000085e58                __fini_array_end = .
 *crtbegin.o(.dtors)
 *(EXCLUDE_FILE(*crtend.o) .dtors)
 *(SORT(.dtors.*))
 *crtend.o(.dtors)
                0x0000000000085e58                . = ALIGN (0x4)
                0x0000000000085e58                _efixed = .
                0x0000000000085e58                PROVIDE (__exidx_start, .)

.vfp11_veneer   0x0000000000085e58        0x0
 .vfp11_veneer  0x0000000000000000        0x0 linker stubs

.v4_bx          0x0000000000085e58        0x0
 .v4_bx         0x0000000000000000        0x0 linker stubs

.iplt           0x0000000000085e58        0x0
 .iplt          0x0000000000000000        0x0 /media/rajesh/Bharadwaja/repos/packages/arduino-1.6.7/Atmel_SAM/packages/arduino/tools/arm-none-eabi-gcc/4.8.3-2014q1/bin/../lib/gcc/arm-none-eabi/4.8.3/armv7-m/crtbegin.o

.ARM.exidx      0x0000000000085e58        0x8
 *(.ARM.exidx* .gnu.linkonce.armexidx.*)
 .ARM.exidx     0x0000000000085e58        0x8 /media/rajesh/Bharadwaja/repos/packages/arduino-1.6.7/Atmel_SAM/packages/arduino/tools/arm-none-eabi-gcc/4.8.3-2014q1/bin/../lib/gcc/arm-none-eabi/4.8.3/armv7-m/libgcc.a(_divdi3.o)
 .ARM.exidx     0x0000000000085e60        0x0 /media/rajesh/Bharadwaja/repos/packages/arduino-1.6.7/Atmel_SAM/packages/arduino/tools/arm-none-eabi-gcc/4.8.3-2014q1/bin/../lib/gcc/arm-none-eabi/4.8.3/armv7-m/libgcc.a(_udivdi3.o)
                                          0x8 (size before relaxing)
                0x0000000000085e60                PROVIDE (__exidx_end, .)

.eh_frame       0x0000000000085e60        0x0
 .eh_frame      0x0000000000085e60        0x0 /media/rajesh/Bharadwaja/repos/packages/arduino-1.6.7/Atmel_SAM/packages/arduino/tools/arm-none-eabi-gcc/4.8.3-2014q1/bin/../lib/gcc/arm-none-eabi/4.8.3/armv7-m/crtbegin.o

.rel.dyn        0x0000000000085e60        0x0
 .rel.iplt      0x0000000000000000        0x0 /media/rajesh/Bharadwaja/repos/packages/arduino-1.6.7/Atmel_SAM/packages/arduino/tools/arm-none-eabi-gcc/4.8.3-2014q1/bin/../lib/gcc/arm-none-eabi/4.8.3/armv7-m/crtbegin.o

.jcr            0x0000000000085e60        0x0
 .jcr           0x0000000000085e60        0x0 /media/rajesh/Bharadwaja/repos/packages/arduino-1.6.7/Atmel_SAM/packages/arduino/tools/arm-none-eabi-gcc/4.8.3-2014q1/bin/../lib/gcc/arm-none-eabi/4.8.3/armv7-m/crtbegin.o

.igot.plt       0x0000000000085e60        0x0
 .igot.plt      0x0000000000000000        0x0 /media/rajesh/Bharadwaja/repos/packages/arduino-1.6.7/Atmel_SAM/packages/arduino/tools/arm-none-eabi-gcc/4.8.3-2014q1/bin/../lib/gcc/arm-none-eabi/4.8.3/armv7-m/crtbegin.o
                0x0000000000085e60                . = ALIGN (0x4)
                0x0000000000085e60                _etext = .

.relocate       0x0000000020070000      0x8cc load address 0x0000000000085e60
                0x0000000020070000                . = ALIGN (0x4)
                0x0000000020070000                _srelocate = .
 *(.ramfunc .ramfunc.*)
 .ramfunc       0x0000000020070000       0x2c ./build/core/core.a(Reset.cpp.o)
                0x0000000020070000                banzai
 *(.data .data.*)
 .data.SystemCoreClock
                0x000000002007002c        0x4 /home/rajesh/.arduino15/packages/arduino/hardware/sam/1.6.6/variants/arduino_due_x/libsam_sam3x8e_gcc_rel.a(system_sam3xa.o)
                0x000000002007002c                SystemCoreClock
 .data._ZL5ticks
                0x0000000020070030        0x4 ./build/core/core.a(Reset.cpp.o)
 .data._ZL12_usbLineInfo
                0x0000000020070034        0x8 ./build/core/core.a(CDC.cpp.o)
 .data.EndPoints
                0x000000002007003c       0x28 ./build/core/core.a(USBCore.cpp.o)
                0x000000002007003c                EndPoints
 .data.g_interrupt_enabled
                0x0000000020070064        0x4 /home/rajesh/.arduino15/packages/arduino/hardware/sam/1.6.6/variants/arduino_due_x/libsam_sam3x8e_gcc_rel.a(interrupt_sam_nvic.o)
                0x0000000020070064                g_interrupt_enabled
 .data.impure_data
                0x0000000020070068      0x428 /media/rajesh/Bharadwaja/repos/packages/arduino-1.6.7/Atmel_SAM/packages/arduino/tools/arm-none-eabi-gcc/4.8.3-2014q1/bin/../lib/gcc/arm-none-eabi/4.8.3/../../../../arm-none-eabi/lib/armv7-m/libg.a(lib_a-impure.o)
 .data._impure_ptr
                0x0000000020070490        0x4 /media/rajesh/Bharadwaja/repos/packages/arduino-1.6.7/Atmel_SAM/packages/arduino/tools/arm-none-eabi-gcc/4.8.3-2014q1/bin/../lib/gcc/arm-none-eabi/4.8.3/../../../../arm-none-eabi/lib/armv7-m/libg.a(lib_a-impure.o)
                0x0000000020070490                _impure_ptr
 .data.lc_ctype_charset
                0x0000000020070494       0x20 /media/rajesh/Bharadwaja/repos/packages/arduino-1.6.7/Atmel_SAM/packages/arduino/tools/arm-none-eabi-gcc/4.8.3-2014q1/bin/../lib/gcc/arm-none-eabi/4.8.3/../../../../arm-none-eabi/lib/armv7-m/libg.a(lib_a-locale.o)
 .data.__mb_cur_max
                0x00000000200704b4        0x4 /media/rajesh/Bharadwaja/repos/packages/arduino-1.6.7/Atmel_SAM/packages/arduino/tools/arm-none-eabi-gcc/4.8.3-2014q1/bin/../lib/gcc/arm-none-eabi/4.8.3/../../../../arm-none-eabi/lib/armv7-m/libg.a(lib_a-locale.o)
                0x00000000200704b4                __mb_cur_max
 .data.__malloc_av_
                0x00000000200704b8      0x408 /media/rajesh/Bharadwaja/repos/packages/arduino-1.6.7/Atmel_SAM/packages/arduino/tools/arm-none-eabi-gcc/4.8.3-2014q1/bin/../lib/gcc/arm-none-eabi/4.8.3/../../../../arm-none-eabi/lib/armv7-m/libg.a(lib_a-mallocr.o)
                0x00000000200704b8                __malloc_av_
 .data.__malloc_trim_threshold
                0x00000000200708c0        0x4 /media/rajesh/Bharadwaja/repos/packages/arduino-1.6.7/Atmel_SAM/packages/arduino/tools/arm-none-eabi-gcc/4.8.3-2014q1/bin/../lib/gcc/arm-none-eabi/4.8.3/../../../../arm-none-eabi/lib/armv7-m/libg.a(lib_a-mallocr.o)
                0x00000000200708c0                __malloc_trim_threshold
 .data.__malloc_sbrk_base
                0x00000000200708c4        0x4 /media/rajesh/Bharadwaja/repos/packages/arduino-1.6.7/Atmel_SAM/packages/arduino/tools/arm-none-eabi-gcc/4.8.3-2014q1/bin/../lib/gcc/arm-none-eabi/4.8.3/../../../../arm-none-eabi/lib/armv7-m/libg.a(lib_a-mallocr.o)
                0x00000000200708c4                __malloc_sbrk_base
 .data.__wctomb
                0x00000000200708c8        0x4 /media/rajesh/Bharadwaja/repos/packages/arduino-1.6.7/Atmel_SAM/packages/arduino/tools/arm-none-eabi-gcc/4.8.3-2014q1/bin/../lib/gcc/arm-none-eabi/4.8.3/../../../../arm-none-eabi/lib/armv7-m/libg.a(lib_a-wctomb_r.o)
                0x00000000200708c8                __wctomb
                0x00000000200708cc                . = ALIGN (0x4)
                0x00000000200708cc                _erelocate = .

.bss            0x00000000200708cc     0x1188 load address 0x000000000008672c
                0x00000000200708cc                . = ALIGN (0x4)
                0x00000000200708cc                _sbss = .
                0x00000000200708cc                _szero = .
 *(.bss .bss.*)
 .bss           0x00000000200708cc       0x1c /media/rajesh/Bharadwaja/repos/packages/arduino-1.6.7/Atmel_SAM/packages/arduino/tools/arm-none-eabi-gcc/4.8.3-2014q1/bin/../lib/gcc/arm-none-eabi/4.8.3/armv7-m/crtbegin.o
 .bss.heap.6420
                0x00000000200708e8        0x4 ./build/core/syscalls_sam3.c.o
 .bss.i         0x00000000200708ec        0x1 /media/rajesh/Bharadwaja/repos/working/sensors/v2/i2c_rs232_reader/firmware/build/sketch/firmware.ino.cpp.o
                0x00000000200708ec                i
 .bss.data_buffer
                0x00000000200708ed       0xff /media/rajesh/Bharadwaja/repos/working/sensors/v2/i2c_rs232_reader/firmware/build/sketch/firmware.ino.cpp.o
                0x00000000200708ed                data_buffer
 .bss.Wire1     0x00000000200709ec      0x330 /media/rajesh/Bharadwaja/repos/working/sensors/v2/i2c_rs232_reader/firmware/build/libraries/Wire/Wire.cpp.o
                0x00000000200709ec                Wire1
 .bss.Wire      0x0000000020070d1c      0x330 /media/rajesh/Bharadwaja/repos/working/sensors/v2/i2c_rs232_reader/firmware/build/libraries/Wire/Wire.cpp.o
                0x0000000020070d1c                Wire
 .bss.tx_buffer2
                0x000000002007104c       0x88 /media/rajesh/Bharadwaja/repos/working/sensors/v2/i2c_rs232_reader/firmware/build/core/variant.cpp.o
                0x000000002007104c                tx_buffer2
 .bss.tx_buffer1
                0x00000000200710d4       0x88 /media/rajesh/Bharadwaja/repos/working/sensors/v2/i2c_rs232_reader/firmware/build/core/variant.cpp.o
                0x00000000200710d4                tx_buffer1
 .bss.Serial    0x000000002007115c       0x24 /media/rajesh/Bharadwaja/repos/working/sensors/v2/i2c_rs232_reader/firmware/build/core/variant.cpp.o
                0x000000002007115c                Serial
 .bss.rx_buffer1
                0x0000000020071180       0x88 /media/rajesh/Bharadwaja/repos/working/sensors/v2/i2c_rs232_reader/firmware/build/core/variant.cpp.o
                0x0000000020071180                rx_buffer1
 .bss.Serial1   0x0000000020071208       0x28 /media/rajesh/Bharadwaja/repos/working/sensors/v2/i2c_rs232_reader/firmware/build/core/variant.cpp.o
                0x0000000020071208                Serial1
 .bss.Serial2   0x0000000020071230       0x28 /media/rajesh/Bharadwaja/repos/working/sensors/v2/i2c_rs232_reader/firmware/build/core/variant.cpp.o
                0x0000000020071230                Serial2
 .bss.Serial3   0x0000000020071258       0x28 /media/rajesh/Bharadwaja/repos/working/sensors/v2/i2c_rs232_reader/firmware/build/core/variant.cpp.o
                0x0000000020071258                Serial3
 .bss.tx_buffer3
                0x0000000020071280       0x88 /media/rajesh/Bharadwaja/repos/working/sensors/v2/i2c_rs232_reader/firmware/build/core/variant.cpp.o
                0x0000000020071280                tx_buffer3
 .bss.tx_buffer4
                0x0000000020071308       0x88 /media/rajesh/Bharadwaja/repos/working/sensors/v2/i2c_rs232_reader/firmware/build/core/variant.cpp.o
                0x0000000020071308                tx_buffer4
 .bss.rx_buffer2
                0x0000000020071390       0x88 /media/rajesh/Bharadwaja/repos/working/sensors/v2/i2c_rs232_reader/firmware/build/core/variant.cpp.o
                0x0000000020071390                rx_buffer2
 .bss.rx_buffer3
                0x0000000020071418       0x88 /media/rajesh/Bharadwaja/repos/working/sensors/v2/i2c_rs232_reader/firmware/build/core/variant.cpp.o
                0x0000000020071418                rx_buffer3
 .bss.rx_buffer4
                0x00000000200714a0       0x88 /media/rajesh/Bharadwaja/repos/working/sensors/v2/i2c_rs232_reader/firmware/build/core/variant.cpp.o
                0x00000000200714a0                rx_buffer4
 .bss.gpf_isr   0x0000000020071528        0x4 /home/rajesh/.arduino15/packages/arduino/hardware/sam/1.6.6/variants/arduino_due_x/libsam_sam3x8e_gcc_rel.a(uotghs.o)
                0x0000000020071528                gpf_isr
 .bss.callbacksPioA
                0x000000002007152c       0x80 ./build/core/core.a(WInterrupts.c.o)
 .bss.callbacksPioB
                0x00000000200715ac       0x80 ./build/core/core.a(WInterrupts.c.o)
 .bss.callbacksPioC
                0x000000002007162c       0x80 ./build/core/core.a(WInterrupts.c.o)
 .bss.callbacksPioD
                0x00000000200716ac       0x80 ./build/core/core.a(WInterrupts.c.o)
 .bss.pinEnabled
                0x000000002007172c       0x4f ./build/core/core.a(wiring_analog.c.o)
 *fill*         0x000000002007177b        0x1 
 .bss.cdc_rx_buffer
                0x000000002007177c      0x208 ./build/core/core.a(CDC.cpp.o)
                0x000000002007177c                cdc_rx_buffer
 .bss._ZZN7Serial_6acceptEvE5guard
                0x0000000020071984        0x4 ./build/core/core.a(CDC.cpp.o)
 .bss.SerialUSB
                0x0000000020071988       0x14 ./build/core/core.a(CDC.cpp.o)
                0x0000000020071988                SerialUSB
 .bss._cmark    0x000000002007199c        0x2 ./build/core/core.a(USBCore.cpp.o)
                0x000000002007199c                _cmark
 .bss._ZL14isEndpointHalt
                0x000000002007199e        0x1 ./build/core/core.a(USBCore.cpp.o)
 *fill*         0x000000002007199f        0x1 
 .bss._cdcComposite
                0x00000000200719a0        0x4 ./build/core/core.a(USBCore.cpp.o)
                0x00000000200719a0                _cdcComposite
 .bss._ZL21isRemoteWakeUpEnabled
                0x00000000200719a4        0x1 ./build/core/core.a(USBCore.cpp.o)
 *fill*         0x00000000200719a5        0x3 
 .bss._usbInitialized
                0x00000000200719a8        0x4 ./build/core/core.a(USBCore.cpp.o)
                0x00000000200719a8                _usbInitialized
 .bss.USBDevice
                0x00000000200719ac        0x1 ./build/core/core.a(USBCore.cpp.o)
                0x00000000200719ac                USBDevice
 *fill*         0x00000000200719ad        0x3 
 .bss._usbSetInterface
                0x00000000200719b0        0x4 ./build/core/core.a(USBCore.cpp.o)
                0x00000000200719b0                _usbSetInterface
 .bss._cend     0x00000000200719b4        0x2 ./build/core/core.a(USBCore.cpp.o)
                0x00000000200719b4                _cend
 *fill*         0x00000000200719b6        0x2 
 .bss._usbConfiguration
                0x00000000200719b8        0x4 ./build/core/core.a(USBCore.cpp.o)
                0x00000000200719b8                _usbConfiguration
 .bss._ZZ12PluggableUSBvE3obj
                0x00000000200719bc        0x8 ./build/core/core.a(PluggableUSB.cpp.o)
 .bss._ZGVZ12PluggableUSBvE3obj
                0x00000000200719c4        0x4 ./build/core/core.a(PluggableUSB.cpp.o)
 .bss._dwTickCount
                0x00000000200719c8        0x4 /home/rajesh/.arduino15/packages/arduino/hardware/sam/1.6.6/variants/arduino_due_x/libsam_sam3x8e_gcc_rel.a(timetick.o)
 .bss.ul_recv_fifo_ptr
                0x00000000200719cc       0x28 /home/rajesh/.arduino15/packages/arduino/hardware/sam/1.6.6/variants/arduino_due_x/libsam_sam3x8e_gcc_rel.a(uotghs_device.o)
 .bss.ul_send_fifo_ptr
                0x00000000200719f4       0x28 /home/rajesh/.arduino15/packages/arduino/hardware/sam/1.6.6/variants/arduino_due_x/libsam_sam3x8e_gcc_rel.a(uotghs_device.o)
 .bss.__malloc_max_total_mem
                0x0000000020071a1c        0x4 /media/rajesh/Bharadwaja/repos/packages/arduino-1.6.7/Atmel_SAM/packages/arduino/tools/arm-none-eabi-gcc/4.8.3-2014q1/bin/../lib/gcc/arm-none-eabi/4.8.3/../../../../arm-none-eabi/lib/armv7-m/libg.a(lib_a-mallocr.o)
                0x0000000020071a1c                __malloc_max_total_mem
 .bss.__malloc_max_sbrked_mem
                0x0000000020071a20        0x4 /media/rajesh/Bharadwaja/repos/packages/arduino-1.6.7/Atmel_SAM/packages/arduino/tools/arm-none-eabi-gcc/4.8.3-2014q1/bin/../lib/gcc/arm-none-eabi/4.8.3/../../../../arm-none-eabi/lib/armv7-m/libg.a(lib_a-mallocr.o)
                0x0000000020071a20                __malloc_max_sbrked_mem
 .bss.__malloc_top_pad
                0x0000000020071a24        0x4 /media/rajesh/Bharadwaja/repos/packages/arduino-1.6.7/Atmel_SAM/packages/arduino/tools/arm-none-eabi-gcc/4.8.3-2014q1/bin/../lib/gcc/arm-none-eabi/4.8.3/../../../../arm-none-eabi/lib/armv7-m/libg.a(lib_a-mallocr.o)
                0x0000000020071a24                __malloc_top_pad
 .bss.__malloc_current_mallinfo
                0x0000000020071a28       0x28 /media/rajesh/Bharadwaja/repos/packages/arduino-1.6.7/Atmel_SAM/packages/arduino/tools/arm-none-eabi-gcc/4.8.3-2014q1/bin/../lib/gcc/arm-none-eabi/4.8.3/../../../../arm-none-eabi/lib/armv7-m/libg.a(lib_a-mallocr.o)
                0x0000000020071a28                __malloc_current_mallinfo
 *(COMMON)
 COMMON         0x0000000020071a50        0x4 /media/rajesh/Bharadwaja/repos/packages/arduino-1.6.7/Atmel_SAM/packages/arduino/tools/arm-none-eabi-gcc/4.8.3-2014q1/bin/../lib/gcc/arm-none-eabi/4.8.3/../../../../arm-none-eabi/lib/armv7-m/libg.a(lib_a-reent.o)
                0x0000000020071a50                errno
                0x0000000020071a54                . = ALIGN (0x4)
                0x0000000020071a54                _ebss = .
                0x0000000020071a54                _ezero = .
                0x0000000020071a54                . = ALIGN (0x4)
                0x0000000020071a54                _end = .

.stack_dummy    0x0000000020071a54        0x0
 *(.stack*)
                0x0000000020088000                __StackTop = (ORIGIN (ram) + 0x18000)
                0x0000000020088000                __StackLimit = (__StackTop - SIZEOF (.stack_dummy))
                0x0000000020088000                PROVIDE (_sstack, __StackLimit)
                0x0000000020088000                PROVIDE (_estack, __StackTop)
OUTPUT(./build/firmware.ino.elf elf32-littlearm)

.ARM.attributes
                0x0000000000000000       0x29
 .ARM.attributes
                0x0000000000000000       0x1d /media/rajesh/Bharadwaja/repos/packages/arduino-1.6.7/Atmel_SAM/packages/arduino/tools/arm-none-eabi-gcc/4.8.3-2014q1/bin/../lib/gcc/arm-none-eabi/4.8.3/armv7-m/crti.o
 .ARM.attributes
                0x000000000000001d       0x2d /media/rajesh/Bharadwaja/repos/packages/arduino-1.6.7/Atmel_SAM/packages/arduino/tools/arm-none-eabi-gcc/4.8.3-2014q1/bin/../lib/gcc/arm-none-eabi/4.8.3/armv7-m/crtbegin.o
 .ARM.attributes
                0x000000000000004a       0x33 ./build/core/syscalls_sam3.c.o
 .ARM.attributes
                0x000000000000007d       0x33 /media/rajesh/Bharadwaja/repos/working/sensors/v2/i2c_rs232_reader/firmware/build/sketch/firmware.ino.cpp.o
 .ARM.attributes
                0x00000000000000b0       0x33 /media/rajesh/Bharadwaja/repos/working/sensors/v2/i2c_rs232_reader/firmware/build/libraries/Wire/Wire.cpp.o
 .ARM.attributes
                0x00000000000000e3       0x33 /media/rajesh/Bharadwaja/repos/working/sensors/v2/i2c_rs232_reader/firmware/build/core/variant.cpp.o
 .ARM.attributes
                0x0000000000000116       0x33 /home/rajesh/.arduino15/packages/arduino/hardware/sam/1.6.6/variants/arduino_due_x/libsam_sam3x8e_gcc_rel.a(pio.o)
 .ARM.attributes
                0x0000000000000149       0x33 /home/rajesh/.arduino15/packages/arduino/hardware/sam/1.6.6/variants/arduino_due_x/libsam_sam3x8e_gcc_rel.a(pmc.o)
 .ARM.attributes
                0x000000000000017c       0x33 /home/rajesh/.arduino15/packages/arduino/hardware/sam/1.6.6/variants/arduino_due_x/libsam_sam3x8e_gcc_rel.a(twi.o)
 .ARM.attributes
                0x00000000000001af       0x33 /home/rajesh/.arduino15/packages/arduino/hardware/sam/1.6.6/variants/arduino_due_x/libsam_sam3x8e_gcc_rel.a(system_sam3xa.o)
 .ARM.attributes
                0x00000000000001e2       0x33 /home/rajesh/.arduino15/packages/arduino/hardware/sam/1.6.6/variants/arduino_due_x/libsam_sam3x8e_gcc_rel.a(startup_sam3xa.o)
 .ARM.attributes
                0x0000000000000215       0x33 /home/rajesh/.arduino15/packages/arduino/hardware/sam/1.6.6/variants/arduino_due_x/libsam_sam3x8e_gcc_rel.a(adc.o)
 .ARM.attributes
                0x0000000000000248       0x33 /home/rajesh/.arduino15/packages/arduino/hardware/sam/1.6.6/variants/arduino_due_x/libsam_sam3x8e_gcc_rel.a(uotghs.o)
 .ARM.attributes
                0x000000000000027b       0x33 ./build/core/core.a(WInterrupts.c.o)
 .ARM.attributes
                0x00000000000002ae       0x33 ./build/core/core.a(cortex_handlers.c.o)
 .ARM.attributes
                0x00000000000002e1       0x33 ./build/core/core.a(hooks.c.o)
 .ARM.attributes
                0x0000000000000314       0x33 ./build/core/core.a(wiring.c.o)
 .ARM.attributes
                0x0000000000000347       0x33 ./build/core/core.a(wiring_analog.c.o)
 .ARM.attributes
                0x000000000000037a       0x33 ./build/core/core.a(wiring_digital.c.o)
 .ARM.attributes
                0x00000000000003ad       0x33 ./build/core/core.a(Print.cpp.o)
 .ARM.attributes
                0x00000000000003e0       0x33 ./build/core/core.a(Reset.cpp.o)
 .ARM.attributes
                0x0000000000000413       0x33 ./build/core/core.a(RingBuffer.cpp.o)
 .ARM.attributes
                0x0000000000000446       0x33 ./build/core/core.a(UARTClass.cpp.o)
 .ARM.attributes
                0x0000000000000479       0x33 ./build/core/core.a(USARTClass.cpp.o)
 .ARM.attributes
                0x00000000000004ac       0x33 ./build/core/core.a(main.cpp.o)
 .ARM.attributes
                0x00000000000004df       0x33 ./build/core/core.a(watchdog.cpp.o)
 .ARM.attributes
                0x0000000000000512       0x33 ./build/core/core.a(CDC.cpp.o)
 .ARM.attributes
                0x0000000000000545       0x33 ./build/core/core.a(USBCore.cpp.o)
 .ARM.attributes
                0x0000000000000578       0x33 ./build/core/core.a(PluggableUSB.cpp.o)
 .ARM.attributes
                0x00000000000005ab       0x33 /home/rajesh/.arduino15/packages/arduino/hardware/sam/1.6.6/variants/arduino_due_x/libsam_sam3x8e_gcc_rel.a(timetick.o)
 .ARM.attributes
                0x00000000000005de       0x33 /home/rajesh/.arduino15/packages/arduino/hardware/sam/1.6.6/variants/arduino_due_x/libsam_sam3x8e_gcc_rel.a(wdt.o)
 .ARM.attributes
                0x0000000000000611       0x33 /home/rajesh/.arduino15/packages/arduino/hardware/sam/1.6.6/variants/arduino_due_x/libsam_sam3x8e_gcc_rel.a(interrupt_sam_nvic.o)
 .ARM.attributes
                0x0000000000000644       0x33 /home/rajesh/.arduino15/packages/arduino/hardware/sam/1.6.6/variants/arduino_due_x/libsam_sam3x8e_gcc_rel.a(uotghs_device.o)
 .ARM.attributes
                0x0000000000000677       0x2d /media/rajesh/Bharadwaja/repos/packages/arduino-1.6.7/Atmel_SAM/packages/arduino/tools/arm-none-eabi-gcc/4.8.3-2014q1/bin/../lib/gcc/arm-none-eabi/4.8.3/../../../../arm-none-eabi/lib/armv7-m/libg.a(lib_a-assert.o)
 .ARM.attributes
                0x00000000000006a4       0x2d /media/rajesh/Bharadwaja/repos/packages/arduino-1.6.7/Atmel_SAM/packages/arduino/tools/arm-none-eabi-gcc/4.8.3-2014q1/bin/../lib/gcc/arm-none-eabi/4.8.3/../../../../arm-none-eabi/lib/armv7-m/libg.a(lib_a-fiprintf.o)
 .ARM.attributes
                0x00000000000006d1       0x2d /media/rajesh/Bharadwaja/repos/packages/arduino-1.6.7/Atmel_SAM/packages/arduino/tools/arm-none-eabi-gcc/4.8.3-2014q1/bin/../lib/gcc/arm-none-eabi/4.8.3/../../../../arm-none-eabi/lib/armv7-m/libg.a(lib_a-impure.o)
 .ARM.attributes
                0x00000000000006fe       0x2d /media/rajesh/Bharadwaja/repos/packages/arduino-1.6.7/Atmel_SAM/packages/arduino/tools/arm-none-eabi-gcc/4.8.3-2014q1/bin/../lib/gcc/arm-none-eabi/4.8.3/../../../../arm-none-eabi/lib/armv7-m/libg.a(lib_a-init.o)
 .ARM.attributes
                0x000000000000072b       0x2d /media/rajesh/Bharadwaja/repos/packages/arduino-1.6.7/Atmel_SAM/packages/arduino/tools/arm-none-eabi-gcc/4.8.3-2014q1/bin/../lib/gcc/arm-none-eabi/4.8.3/../../../../arm-none-eabi/lib/armv7-m/libg.a(lib_a-iprintf.o)
 .ARM.attributes