Archive member included because of file (symbol)

/home/waggle/.arduino15/packages/arduino/hardware/sam/1.6.12/variants/arduino_due_x/libsam_sam3x8e_gcc_rel.a(pio.o)
                              /home/waggle/repo/sensors/vibration_test/firmware/build/libraries/Wire/Wire.cpp.o (PIO_Configure)
/home/waggle/.arduino15/packages/arduino/hardware/sam/1.6.12/variants/arduino_due_x/libsam_sam3x8e_gcc_rel.a(pmc.o)
                              /home/waggle/repo/sensors/vibration_test/firmware/build/libraries/Wire/Wire.cpp.o (pmc_enable_periph_clk)
/home/waggle/.arduino15/packages/arduino/hardware/sam/1.6.12/variants/arduino_due_x/libsam_sam3x8e_gcc_rel.a(twi.o)
                              /home/waggle/repo/sensors/vibration_test/firmware/build/libraries/Wire/Wire.cpp.o (TWI_SetClock)
/home/waggle/.arduino15/packages/arduino/hardware/sam/1.6.12/variants/arduino_due_x/libsam_sam3x8e_gcc_rel.a(system_sam3xa.o)
                              /home/waggle/repo/sensors/vibration_test/firmware/build/core/variant.cpp.o (SystemInit)
/home/waggle/.arduino15/packages/arduino/hardware/sam/1.6.12/variants/arduino_due_x/libsam_sam3x8e_gcc_rel.a(startup_sam3xa.o)
                              (Reset_Handler)
/home/waggle/.arduino15/packages/arduino/hardware/sam/1.6.12/variants/arduino_due_x/libsam_sam3x8e_gcc_rel.a(adc.o)
                              /home/waggle/repo/sensors/vibration_test/firmware/build/core/variant.cpp.o (adc_init)
/home/waggle/.arduino15/packages/arduino/hardware/sam/1.6.12/variants/arduino_due_x/libsam_sam3x8e_gcc_rel.a(uotghs.o)
                              /home/waggle/.arduino15/packages/arduino/hardware/sam/1.6.12/variants/arduino_due_x/libsam_sam3x8e_gcc_rel.a(startup_sam3xa.o) (UOTGHS_Handler)
./build/core/core.a(Print.cpp.o)
                              /home/waggle/repo/sensors/vibration_test/firmware/build/libraries/Wire/Wire.cpp.o (Print::write(unsigned char const*, unsigned int))
./build/core/core.a(RingBuffer.cpp.o)
                              /home/waggle/repo/sensors/vibration_test/firmware/build/core/variant.cpp.o (RingBuffer::RingBuffer())
./build/core/core.a(UARTClass.cpp.o)
                              /home/waggle/repo/sensors/vibration_test/firmware/build/core/variant.cpp.o (UARTClass::available())
./build/core/core.a(USARTClass.cpp.o)
                              /home/waggle/repo/sensors/vibration_test/firmware/build/core/variant.cpp.o (USARTClass::USARTClass(Usart*, IRQn, unsigned long, RingBuffer*, RingBuffer*))
./build/core/core.a(CDC.cpp.o)
                              /home/waggle/repo/sensors/vibration_test/firmware/build/sketch/firmware.ino.cpp.o (Serial_::write(unsigned char))
./build/core/core.a(USBCore.cpp.o)
                              ./build/core/core.a(CDC.cpp.o) (USBD_Available(unsigned long))
./build/core/core.a(WInterrupts.c.o)
                              /home/waggle/.arduino15/packages/arduino/hardware/sam/1.6.12/variants/arduino_due_x/libsam_sam3x8e_gcc_rel.a(startup_sam3xa.o) (PIOA_Handler)
./build/core/core.a(abi.cpp.o)
                              /home/waggle/repo/sensors/vibration_test/firmware/build/libraries/Wire/Wire.cpp.o (__cxa_pure_virtual)
./build/core/core.a(cortex_handlers.c.o)
                              /home/waggle/.arduino15/packages/arduino/hardware/sam/1.6.12/variants/arduino_due_x/libsam_sam3x8e_gcc_rel.a(startup_sam3xa.o) (NMI_Handler)
./build/core/core.a(hooks.c.o)
                              ./build/core/core.a(cortex_handlers.c.o) (sysTickHook)
./build/core/core.a(main.cpp.o)
                              /home/waggle/.arduino15/packages/arduino/tools/arm-none-eabi-gcc/4.8.3-2014q1/bin/../lib/gcc/arm-none-eabi/4.8.3/../../../../arm-none-eabi/lib/armv7-m/crt0.o (main)
./build/core/core.a(syscalls_sam3.c.o)
                              (_sbrk)
./build/core/core.a(watchdog.cpp.o)
                              ./build/core/core.a(main.cpp.o) (watchdogSetup())
./build/core/core.a(wiring.c.o)
                              ./build/core/core.a(CDC.cpp.o) (millis)
./build/core/core.a(wiring_analog.c.o)
                              /home/waggle/repo/sensors/vibration_test/firmware/build/core/variant.cpp.o (analogOutputInit)
./build/core/core.a(wiring_digital.c.o)
                              ./build/core/core.a(wiring_analog.c.o) (pinMode)
./build/core/core.a(Reset.cpp.o)
                              ./build/core/core.a(CDC.cpp.o) (initiateReset)
./build/core/core.a(PluggableUSB.cpp.o)
                              ./build/core/core.a(USBCore.cpp.o) (PluggableUSB_::getInterface(unsigned char*))
/home/waggle/.arduino15/packages/arduino/hardware/sam/1.6.12/variants/arduino_due_x/libsam_sam3x8e_gcc_rel.a(pwmc.o)
                              ./build/core/core.a(wiring_analog.c.o) (PWMC_ConfigureChannel)
/home/waggle/.arduino15/packages/arduino/hardware/sam/1.6.12/variants/arduino_due_x/libsam_sam3x8e_gcc_rel.a(tc.o)
                              ./build/core/core.a(wiring_analog.c.o) (TC_Configure)
[...]
Memory Configuration

Name             Origin             Length             Attributes
rom              0x0000000000080000 0x0000000000080000 xr
sram0            0x0000000020000000 0x0000000000010000 xrw
sram1            0x0000000020080000 0x0000000000008000 xrw
ram              0x0000000020070000 0x0000000000018000 xrw
*default*        0x0000000000000000 0xffffffffffffffff

Linker script and memory map

LOAD /home/waggle/.arduino15/packages/arduino/tools/arm-none-eabi-gcc/4.8.3-2014q1/bin/../lib/gcc/arm-none-eabi/4.8.3/armv7-m/crti.o
LOAD /home/waggle/.arduino15/packages/arduino/tools/arm-none-eabi-gcc/4.8.3-2014q1/bin/../lib/gcc/arm-none-eabi/4.8.3/armv7-m/crtbegin.o
LOAD /home/waggle/.arduino15/packages/arduino/tools/arm-none-eabi-gcc/4.8.3-2014q1/bin/../lib/gcc/arm-none-eabi/4.8.3/../../../../arm-none-eabi/lib/armv7-m/crt0.o
START GROUP
LOAD /home/waggle/repo/sensors/vibration_test/firmware/build/sketch/firmware.ino.cpp.o
LOAD /home/waggle/repo/sensors/vibration_test/firmware/build/libraries/Wire/Wire.cpp.o
LOAD /home/waggle/repo/sensors/vibration_test/firmware/build/core/variant.cpp.o
LOAD /home/waggle/.arduino15/packages/arduino/hardware/sam/1.6.12/variants/arduino_due_x/libsam_sam3x8e_gcc_rel.a
LOAD ./build/core/core.a
END GROUP
LOAD /home/waggle/.arduino15/packages/arduino/tools/arm-none-eabi-gcc/4.8.3-2014q1/bin/../lib/gcc/arm-none-eabi/4.8.3/../../../../arm-none-eabi/lib/armv7-m/libm.a
LOAD /home/waggle/.arduino15/packages/arduino/tools/arm-none-eabi-gcc/4.8.3-2014q1/bin/../lib/gcc/arm-none-eabi/4.8.3/armv7-m/libgcc.a
START GROUP
LOAD /home/waggle/.arduino15/packages/arduino/tools/arm-none-eabi-gcc/4.8.3-2014q1/bin/../lib/gcc/arm-none-eabi/4.8.3/armv7-m/libgcc.a
LOAD /home/waggle/.arduino15/packages/arduino/tools/arm-none-eabi-gcc/4.8.3-2014q1/bin/../lib/gcc/arm-none-eabi/4.8.3/../../../../arm-none-eabi/lib/armv7-m/libc.a
END GROUP
LOAD /home/waggle/.arduino15/packages/arduino/tools/arm-none-eabi-gcc/4.8.3-2014q1/bin/../lib/gcc/arm-none-eabi/4.8.3/armv7-m/crtend.o
LOAD /home/waggle/.arduino15/packages/arduino/tools/arm-none-eabi-gcc/4.8.3-2014q1/bin/../lib/gcc/arm-none-eabi/4.8.3/armv7-m/crtn.o

.text           0x0000000000080000     0x62c0
                0x0000000000080000                . = ALIGN (0x4)
                0x0000000000080000                _sfixed = .
 *(.vectors .vectors.*)
 .vectors       0x0000000000080000       0xf4 /home/waggle/.arduino15/packages/arduino/hardware/sam/1.6.12/variants/arduino_due_x/libsam_sam3x8e_gcc_rel.a(startup_sam3xa.o)
                0x0000000000080000                exception_table
 *(.text .text.* .gnu.linkonce.t.*)
 .text          0x00000000000800f4       0x54 /home/waggle/.arduino15/packages/arduino/tools/arm-none-eabi-gcc/4.8.3-2014q1/bin/../lib/gcc/arm-none-eabi/4.8.3/armv7-m/crtbegin.o
 .text.loop     0x0000000000080148       0x4c /home/waggle/repo/sensors/vibration_test/firmware/build/sketch/firmware.ino.cpp.o
                0x0000000000080148                loop
 .text._Z8WriteI2ChiPh
                0x0000000000080194       0x30 /home/waggle/repo/sensors/vibration_test/firmware/build/sketch/firmware.ino.cpp.o
                0x0000000000080194                WriteI2C(unsigned char, int, unsigned char*)
 .text._Z12WriteReadI2ChiPhiS_i
                0x00000000000801c4       0x78 /home/waggle/repo/sensors/vibration_test/firmware/build/sketch/firmware.ino.cpp.o
                0x00000000000801c4                WriteReadI2C(unsigned char, int, unsigned char*, int, unsigned char*, int)
 .text.setup    0x000000000008023c       0xac /home/waggle/repo/sensors/vibration_test/firmware/build/sketch/firmware.ino.cpp.o
                0x000000000008023c                setup
 .text._ZN7TwoWire5writeEPKhj
                0x00000000000802e8       0x50 /home/waggle/repo/sensors/vibration_test/firmware/build/libraries/Wire/Wire.cpp.o
                0x00000000000802e8                TwoWire::write(unsigned char const*, unsigned int)
 .text._ZN7TwoWire9availableEv
                0x0000000000080338        0xc /home/waggle/repo/sensors/vibration_test/firmware/build/libraries/Wire/Wire.cpp.o
                0x0000000000080338                TwoWire::available()
 .text._ZN7TwoWire4readEv
                0x0000000000080344       0x1e /home/waggle/repo/sensors/vibration_test/firmware/build/libraries/Wire/Wire.cpp.o
                0x0000000000080344                TwoWire::read()
 .text._ZN7TwoWire4peekEv
                0x0000000000080362       0x16 /home/waggle/repo/sensors/vibration_test/firmware/build/libraries/Wire/Wire.cpp.o
                0x0000000000080362                TwoWire::peek()
 .text._ZN7TwoWire5flushEv
                0x0000000000080378        0x2 /home/waggle/repo/sensors/vibration_test/firmware/build/libraries/Wire/Wire.cpp.o
                0x0000000000080378                TwoWire::flush()
 .text._ZN7TwoWire5writeEh
                0x000000000008037a       0x3a /home/waggle/repo/sensors/vibration_test/firmware/build/libraries/Wire/Wire.cpp.o
                0x000000000008037a                TwoWire::write(unsigned char)
 .text._ZL16TWI_WaitByteSentP3Twim.constprop.3
                0x00000000000803b4       0x2c /home/waggle/repo/sensors/vibration_test/firmware/build/libraries/Wire/Wire.cpp.o
 .text._ZL24TWI_WaitTransferCompleteP3Twim.constprop.4
                0x00000000000803e0       0x2c /home/waggle/repo/sensors/vibration_test/firmware/build/libraries/Wire/Wire.cpp.o
 .text._ZL9Wire_Initv
                0x000000000008040c       0x54 /home/waggle/repo/sensors/vibration_test/firmware/build/libraries/Wire/Wire.cpp.o
 .text._ZL12Wire1_Deinitv
                0x0000000000080460       0x18 /home/waggle/repo/sensors/vibration_test/firmware/build/libraries/Wire/Wire.cpp.o
 .text._ZL11Wire_Deinitv
                0x0000000000080478       0x18 /home/waggle/repo/sensors/vibration_test/firmware/build/libraries/Wire/Wire.cpp.o
 .text._ZL10Wire1_Initv
                0x0000000000080490       0x54 /home/waggle/repo/sensors/vibration_test/firmware/build/libraries/Wire/Wire.cpp.o
 .text._ZN7TwoWireC2EP3TwiPFvvES3_
                0x00000000000804e4       0x48 /home/waggle/repo/sensors/vibration_test/firmware/build/libraries/Wire/Wire.cpp.o
                0x00000000000804e4                TwoWire::TwoWire(Twi*, void (*)(), void (*)())
                0x00000000000804e4                TwoWire::TwoWire(Twi*, void (*)(), void (*)())
 .text._ZN7TwoWire5beginEv
                0x000000000008052c       0x30 /home/waggle/repo/sensors/vibration_test/firmware/build/libraries/Wire/Wire.cpp.o
                0x000000000008052c                TwoWire::begin()
 .text._ZN7TwoWire11requestFromEhhmhh
                0x000000000008055c       0x78 /home/waggle/repo/sensors/vibration_test/firmware/build/libraries/Wire/Wire.cpp.o
                0x000000000008055c                TwoWire::requestFrom(unsigned char, unsigned char, unsigned long, unsigned char, unsigned char)
 .text._ZN7TwoWire11requestFromEhhh
                0x00000000000805d4       0x12 /home/waggle/repo/sensors/vibration_test/firmware/build/libraries/Wire/Wire.cpp.o
                0x00000000000805d4                TwoWire::requestFrom(unsigned char, unsigned char, unsigned char)
 .text._ZN7TwoWire11requestFromEhh
                0x00000000000805e6        0x6 /home/waggle/repo/sensors/vibration_test/firmware/build/libraries/Wire/Wire.cpp.o
                0x00000000000805e6                TwoWire::requestFrom(unsigned char, unsigned char)
 .text._ZN7TwoWire17beginTransmissionEh
                0x00000000000805ec       0x12 /home/waggle/repo/sensors/vibration_test/firmware/build/libraries/Wire/Wire.cpp.o
                0x00000000000805ec                TwoWire::beginTransmission(unsigned char)
 .text._ZN7TwoWire15endTransmissionEh
                0x00000000000805fe       0x82 /home/waggle/repo/sensors/vibration_test/firmware/build/libraries/Wire/Wire.cpp.o
                0x00000000000805fe                TwoWire::endTransmission(unsigned char)
 .text._ZN7TwoWire15endTransmissionEv
                0x0000000000080680        0x6 /home/waggle/repo/sensors/vibration_test/firmware/build/libraries/Wire/Wire.cpp.o
                0x0000000000080680                TwoWire::endTransmission()
 .text._ZN7TwoWire9onServiceEv
                0x0000000000080686      0x118 /home/waggle/repo/sensors/vibration_test/firmware/build/libraries/Wire/Wire.cpp.o
                0x0000000000080686                TwoWire::onService()
 *fill*         0x000000000008079e        0x2 
 .text.TWI1_Handler
                0x00000000000807a0        0xc /home/waggle/repo/sensors/vibration_test/firmware/build/libraries/Wire/Wire.cpp.o
                0x00000000000807a0                TWI1_Handler
 .text.TWI0_Handler
                0x00000000000807ac        0xc /home/waggle/repo/sensors/vibration_test/firmware/build/libraries/Wire/Wire.cpp.o
                0x00000000000807ac                TWI0_Handler
 .text.startup._GLOBAL__sub_I__ZN7TwoWireC2EP3TwiPFvvES3_
                0x00000000000807b8       0x40 /home/waggle/repo/sensors/vibration_test/firmware/build/libraries/Wire/Wire.cpp.o
 .text._Z11serialEventv
                0x00000000000807f8        0x2 /home/waggle/repo/sensors/vibration_test/firmware/build/core/variant.cpp.o
                0x00000000000807f8                serialEvent()
 *fill*         0x00000000000807fa        0x2 
 .text.UART_Handler
                0x00000000000807fc        0xc /home/waggle/repo/sensors/vibration_test/firmware/build/core/variant.cpp.o
                0x00000000000807fc                UART_Handler
 .text._Z12serialEvent1v
                0x0000000000080808        0x2 /home/waggle/repo/sensors/vibration_test/firmware/build/core/variant.cpp.o
                0x0000000000080808                serialEvent1()
 .text._Z12serialEvent2v
                0x000000000008080a        0x2 /home/waggle/repo/sensors/vibration_test/firmware/build/core/variant.cpp.o
                0x000000000008080a                serialEvent2()
 .text._Z12serialEvent3v
                0x000000000008080c        0x2 /home/waggle/repo/sensors/vibration_test/firmware/build/core/variant.cpp.o
                0x000000000008080c                serialEvent3()
 *fill*         0x000000000008080e        0x2 
 .text.USART0_Handler
                0x0000000000080810        0xc /home/waggle/repo/sensors/vibration_test/firmware/build/core/variant.cpp.o
                0x0000000000080810                USART0_Handler
 .text.USART1_Handler
                0x000000000008081c        0xc /home/waggle/repo/sensors/vibration_test/firmware/build/core/variant.cpp.o
                0x000000000008081c                USART1_Handler
 .text.USART3_Handler
                0x0000000000080828        0xc /home/waggle/repo/sensors/vibration_test/firmware/build/core/variant.cpp.o
                0x0000000000080828                USART3_Handler
 .text.init     0x0000000000080834      0x128 /home/waggle/repo/sensors/vibration_test/firmware/build/core/variant.cpp.o
                0x0000000000080834                init
 .text.startup._GLOBAL__sub_I_g_APinDescription
                0x000000000008095c       0xd4 /home/waggle/repo/sensors/vibration_test/firmware/build/core/variant.cpp.o
 .text._Z14serialEventRunv
                0x0000000000080a30       0x44 /home/waggle/repo/sensors/vibration_test/firmware/build/core/variant.cpp.o
                0x0000000000080a30                serialEventRun()
 .text.PIO_PullUp
                0x0000000000080a74        0xa /home/waggle/.arduino15/packages/arduino/hardware/sam/1.6.12/variants/arduino_due_x/libsam_sam3x8e_gcc_rel.a(pio.o)
                0x0000000000080a74                PIO_PullUp
 .text.PIO_SetPeripheral
                0x0000000000080a7e       0x26 /home/waggle/.arduino15/packages/arduino/hardware/sam/1.6.12/variants/arduino_due_x/libsam_sam3x8e_gcc_rel.a(pio.o)
                0x0000000000080a7e                PIO_SetPeripheral
 .text.PIO_SetInput
                0x0000000000080aa4       0x26 /home/waggle/.arduino15/packages/arduino/hardware/sam/1.6.12/variants/arduino_due_x/libsam_sam3x8e_gcc_rel.a(pio.o)
                0x0000000000080aa4                PIO_SetInput
 .text.PIO_SetOutput
                0x0000000000080aca       0x24 /home/waggle/.arduino15/packages/arduino/hardware/sam/1.6.12/variants/arduino_due_x/libsam_sam3x8e_gcc_rel.a(pio.o)
                0x0000000000080aca                PIO_SetOutput
 *fill*         0x0000000000080aee        0x2 
 .text.PIO_Configure
                0x0000000000080af0       0x64 /home/waggle/.arduino15/packages/arduino/hardware/sam/1.6.12/variants/arduino_due_x/libsam_sam3x8e_gcc_rel.a(pio.o)
                0x0000000000080af0                PIO_Configure
 .text.PIO_GetOutputDataStatus
                0x0000000000080b54       0x14 /home/waggle/.arduino15/packages/arduino/hardware/sam/1.6.12/variants/arduino_due_x/libsam_sam3x8e_gcc_rel.a(pio.o)
                0x0000000000080b54                PIO_GetOutputDataStatus
 .text.pmc_enable_upll_clock
                0x0000000000080b68       0x14 /home/waggle/.arduino15/packages/arduino/hardware/sam/1.6.12/variants/arduino_due_x/libsam_sam3x8e_gcc_rel.a(pmc.o)
                0x0000000000080b68                pmc_enable_upll_clock
 .text.pmc_enable_periph_clk
                0x0000000000080b7c       0x44 /home/waggle/.arduino15/packages/arduino/hardware/sam/1.6.12/variants/arduino_due_x/libsam_sam3x8e_gcc_rel.a(pmc.o)
                0x0000000000080b7c                pmc_enable_periph_clk
 .text.pmc_disable_periph_clk
                0x0000000000080bc0       0x40 /home/waggle/.arduino15/packages/arduino/hardware/sam/1.6.12/variants/arduino_due_x/libsam_sam3x8e_gcc_rel.a(pmc.o)
                0x0000000000080bc0                pmc_disable_periph_clk
 .text.pmc_switch_udpck_to_upllck
                0x0000000000080c00       0x14 /home/waggle/.arduino15/packages/arduino/hardware/sam/1.6.12/variants/arduino_due_x/libsam_sam3x8e_gcc_rel.a(pmc.o)
                0x0000000000080c00                pmc_switch_udpck_to_upllck
 .text.pmc_enable_udpck
                0x0000000000080c14        0xc /home/waggle/.arduino15/packages/arduino/hardware/sam/1.6.12/variants/arduino_due_x/libsam_sam3x8e_gcc_rel.a(pmc.o)
                0x0000000000080c14                pmc_enable_udpck
 .text.TWI_SetClock
                0x0000000000080c20       0x58 /home/waggle/.arduino15/packages/arduino/hardware/sam/1.6.12/variants/arduino_due_x/libsam_sam3x8e_gcc_rel.a(twi.o)
                0x0000000000080c20                TWI_SetClock
 .text.TWI_Disable
                0x0000000000080c78       0x2c /home/waggle/.arduino15/packages/arduino/hardware/sam/1.6.12/variants/arduino_due_x/libsam_sam3x8e_gcc_rel.a(twi.o)
                0x0000000000080c78                TWI_Disable
 .text.TWI_ConfigureMaster
                0x0000000000080ca4       0x48 /home/waggle/.arduino15/packages/arduino/hardware/sam/1.6.12/variants/arduino_due_x/libsam_sam3x8e_gcc_rel.a(twi.o)
                0x0000000000080ca4                TWI_ConfigureMaster
 .text.TWI_Stop
                0x0000000000080cec       0x28 /home/waggle/.arduino15/packages/arduino/hardware/sam/1.6.12/variants/arduino_due_x/libsam_sam3x8e_gcc_rel.a(twi.o)
                0x0000000000080cec                TWI_Stop
 .text.TWI_StartRead
                0x0000000000080d14       0x70 /home/waggle/.arduino15/packages/arduino/hardware/sam/1.6.12/variants/arduino_due_x/libsam_sam3x8e_gcc_rel.a(twi.o)
                0x0000000000080d14                TWI_StartRead
 .text.TWI_ReadByte
                0x0000000000080d84       0x28 /home/waggle/.arduino15/packages/arduino/hardware/sam/1.6.12/variants/arduino_due_x/libsam_sam3x8e_gcc_rel.a(twi.o)
                0x0000000000080d84                TWI_ReadByte
 .text.TWI_WriteByte
                0x0000000000080dac       0x24 /home/waggle/.arduino15/packages/arduino/hardware/sam/1.6.12/variants/arduino_due_x/libsam_sam3x8e_gcc_rel.a(twi.o)
                0x0000000000080dac                TWI_WriteByte
 .text.TWI_StartWrite
                0x0000000000080dd0       0x7c /home/waggle/.arduino15/packages/arduino/hardware/sam/1.6.12/variants/arduino_due_x/libsam_sam3x8e_gcc_rel.a(twi.o)
                0x0000000000080dd0                TWI_StartWrite
 .text.TWI_EnableIt
                0x0000000000080e4c       0x40 /home/waggle/.arduino15/packages/arduino/hardware/sam/1.6.12/variants/arduino_due_x/libsam_sam3x8e_gcc_rel.a(twi.o)
                0x0000000000080e4c                TWI_EnableIt
 .text.TWI_DisableIt
                0x0000000000080e8c       0x40 /home/waggle/.arduino15/packages/arduino/hardware/sam/1.6.12/variants/arduino_due_x/libsam_sam3x8e_gcc_rel.a(twi.o)
                0x0000000000080e8c                TWI_DisableIt
 .text.TWI_GetStatus
                0x0000000000080ecc       0x28 /home/waggle/.arduino15/packages/arduino/hardware/sam/1.6.12/variants/arduino_due_x/libsam_sam3x8e_gcc_rel.a(twi.o)
                0x0000000000080ecc                TWI_GetStatus
 .text.TWI_SendSTOPCondition
                0x0000000000080ef4       0x2c /home/waggle/.arduino15/packages/arduino/hardware/sam/1.6.12/variants/arduino_due_x/libsam_sam3x8e_gcc_rel.a(twi.o)
                0x0000000000080ef4                TWI_SendSTOPCondition
 .text.SystemInit
                0x0000000000080f20       0x88 /home/waggle/.arduino15/packages/arduino/hardware/sam/1.6.12/variants/arduino_due_x/libsam_sam3x8e_gcc_rel.a(system_sam3xa.o)
                0x0000000000080f20                SystemInit
 .text.Reset_Handler
                0x0000000000080fa8       0x78 /home/waggle/.arduino15/packages/arduino/hardware/sam/1.6.12/variants/arduino_due_x/libsam_sam3x8e_gcc_rel.a(startup_sam3xa.o)
                0x0000000000080fa8                Reset_Handler
 .text.adc_init
                0x0000000000081020       0x98 /home/waggle/.arduino15/packages/arduino/hardware/sam/1.6.12/variants/arduino_due_x/libsam_sam3x8e_gcc_rel.a(adc.o)
                0x0000000000081020                adc_init
 .text.adc_configure_trigger
                0x00000000000810b8        0xe /home/waggle/.arduino15/packages/arduino/hardware/sam/1.6.12/variants/arduino_due_x/libsam_sam3x8e_gcc_rel.a(adc.o)
                0x00000000000810b8                adc_configure_trigger
 .text.adc_configure_timing
                0x00000000000810c6       0x1a /home/waggle/.arduino15/packages/arduino/hardware/sam/1.6.12/variants/arduino_due_x/libsam_sam3x8e_gcc_rel.a(adc.o)
                0x00000000000810c6                adc_configure_timing
 .text.adc_disable_channel
                0x00000000000810e0        0xa /home/waggle/.arduino15/packages/arduino/hardware/sam/1.6.12/variants/arduino_due_x/libsam_sam3x8e_gcc_rel.a(adc.o)
                0x00000000000810e0                adc_disable_channel
 .text.adc_disable_all_channel
                0x00000000000810ea        0x8 /home/waggle/.arduino15/packages/arduino/hardware/sam/1.6.12/variants/arduino_due_x/libsam_sam3x8e_gcc_rel.a(adc.o)
                0x00000000000810ea                adc_disable_all_channel
 .text.adc_disable_interrupt
                0x00000000000810f2        0x4 /home/waggle/.arduino15/packages/arduino/hardware/sam/1.6.12/variants/arduino_due_x/libsam_sam3x8e_gcc_rel.a(adc.o)
                0x00000000000810f2                adc_disable_interrupt
 *fill*         0x00000000000810f6        0x2 
 .text.UOTGHS_Handler
                0x00000000000810f8       0x10 /home/waggle/.arduino15/packages/arduino/hardware/sam/1.6.12/variants/arduino_due_x/libsam_sam3x8e_gcc_rel.a(uotghs.o)
                0x00000000000810f8                UOTGHS_Handler
 .text._ZN5Print5writeEPKhj
                0x0000000000081108       0x22 ./build/core/core.a(Print.cpp.o)
                0x0000000000081108                Print::write(unsigned char const*, unsigned int)
 .text._ZN10RingBufferC2Ev
                0x000000000008112a       0x1a ./build/core/core.a(RingBuffer.cpp.o)
                0x000000000008112a                RingBuffer::RingBuffer()
                0x000000000008112a                RingBuffer::RingBuffer()
 .text._ZN10RingBuffer10store_charEh
                0x0000000000081144       0x1e ./build/core/core.a(RingBuffer.cpp.o)
                0x0000000000081144                RingBuffer::store_char(unsigned char)
 .text._ZN9UARTClasscvbEv
                0x0000000000081162        0x4 ./build/core/core.a(UARTClass.cpp.o)
                0x0000000000081162                UARTClass::operator bool()
 .text._ZN9UARTClass9availableEv
                0x0000000000081166       0x12 ./build/core/core.a(UARTClass.cpp.o)
                0x0000000000081166                UARTClass::available()
 .text._ZN9UARTClass4peekEv
                0x0000000000081178       0x1c ./build/core/core.a(UARTClass.cpp.o)
                0x0000000000081178                UARTClass::peek()
 .text._ZN9UARTClass4readEv
                0x0000000000081194       0x2a ./build/core/core.a(UARTClass.cpp.o)
                0x0000000000081194                UARTClass::read()
 .text._ZN9UARTClass5flushEv
                0x00000000000811be       0x18 ./build/core/core.a(UARTClass.cpp.o)
                0x00000000000811be                UARTClass::flush()
 *fill*         0x00000000000811d6        0x2 
 .text._ZN9UARTClass5writeEh
                0x00000000000811d8       0x54 ./build/core/core.a(UARTClass.cpp.o)
                0x00000000000811d8                UARTClass::write(unsigned char)
 .text._ZN9UARTClass3endEv
                0x000000000008122c       0x3c ./build/core/core.a(UARTClass.cpp.o)
                0x000000000008122c                UARTClass::end()
 .text._ZN9UARTClassC2EP4Uart4IRQnmP10RingBufferS4_
                0x0000000000081268       0x24 ./build/core/core.a(UARTClass.cpp.o)
                0x0000000000081268                UARTClass::UARTClass(Uart*, IRQn, unsigned long, RingBuffer*, RingBuffer*)
                0x0000000000081268                UARTClass::UARTClass(Uart*, IRQn, unsigned long, RingBuffer*, RingBuffer*)
 .text._ZN9UARTClass4initEmm
                0x000000000008128c       0x70 ./build/core/core.a(UARTClass.cpp.o)
                0x000000000008128c                UARTClass::init(unsigned long, unsigned long)
 .text._ZN9UARTClass5beginEm
                0x00000000000812fc        0x8 ./build/core/core.a(UARTClass.cpp.o)
                0x00000000000812fc                UARTClass::begin(unsigned long)
 .text._ZN9UARTClass10IrqHandlerEv
                0x0000000000081304       0x5a ./build/core/core.a(UARTClass.cpp.o)
                0x0000000000081304                UARTClass::IrqHandler()
 .text._ZN10USARTClass5beginEm
                0x000000000008135e        0x8 ./build/core/core.a(USARTClass.cpp.o)
                0x000000000008135e                USARTClass::begin(unsigned long)
 *fill*         0x0000000000081366        0x2 
 .text._ZN10USARTClassC2EP5Usart4IRQnmP10RingBufferS4_
                0x0000000000081368       0x24 ./build/core/core.a(USARTClass.cpp.o)
                0x0000000000081368                USARTClass::USARTClass(Usart*, IRQn, unsigned long, RingBuffer*, RingBuffer*)
                0x0000000000081368                USARTClass::USARTClass(Usart*, IRQn, unsigned long, RingBuffer*, RingBuffer*)
 .text._ZN7Serial_9availableEv
                0x000000000008138c       0x18 ./build/core/core.a(CDC.cpp.o)
                0x000000000008138c                Serial_::available()
 .text._ZN7Serial_17availableForWriteEv
                0x00000000000813a4        0x6 ./build/core/core.a(CDC.cpp.o)
                0x00000000000813a4                Serial_::availableForWrite()
 *fill*         0x00000000000813aa        0x2 
 .text._ZN7Serial_4peekEv
                0x00000000000813ac       0x20 ./build/core/core.a(CDC.cpp.o)
                0x00000000000813ac                Serial_::peek()
 .text._ZN7Serial_5writeEh
                0x00000000000813cc       0x16 ./build/core/core.a(CDC.cpp.o)
                0x00000000000813cc                Serial_::write(unsigned char)
 *fill*         0x00000000000813e2        0x2 
 .text._ZN7Serial_4readEv
                0x00000000000813e4       0x44 ./build/core/core.a(CDC.cpp.o)
                0x00000000000813e4                Serial_::read()
 .text._ZN7Serial_5flushEv
                0x0000000000081428        0x6 ./build/core/core.a(CDC.cpp.o)
                0x0000000000081428                Serial_::flush()
 *fill*         0x000000000008142e        0x2 
 .text._ZN7Serial_6acceptEv
                0x0000000000081430       0x70 ./build/core/core.a(CDC.cpp.o)
                0x0000000000081430                Serial_::accept()
 .text._ZN7Serial_5writeEPKhj
                0x00000000000814a0       0x2c ./build/core/core.a(CDC.cpp.o)
                0x00000000000814a0                Serial_::write(unsigned char const*, unsigned int)
 .text._Z16CDC_GetInterfacePh
                0x00000000000814cc       0x14 ./build/core/core.a(CDC.cpp.o)
                0x00000000000814cc                CDC_GetInterface(unsigned char*)
 .text._Z21CDC_GetOtherInterfacePh
                0x00000000000814e0       0x14 ./build/core/core.a(CDC.cpp.o)
                0x00000000000814e0                CDC_GetOtherInterface(unsigned char*)
 .text._Z9CDC_SetupR8USBSetup
                0x00000000000814f4       0x78 ./build/core/core.a(CDC.cpp.o)
                0x00000000000814f4                CDC_Setup(USBSetup&)
 .text._ZN7Serial_5beginEm
                0x000000000008156c        0x2 ./build/core/core.a(CDC.cpp.o)
                0x000000000008156c                Serial_::begin(unsigned long)
 *fill*         0x000000000008156e        0x2 
 .text.startup._GLOBAL__sub_I_cdc_rx_buffer
                0x0000000000081570       0x1c ./build/core/core.a(CDC.cpp.o)
 .text.unlikely._ZL11USB_SendZlpv
                0x000000000008158c       0x20 ./build/core/core.a(USBCore.cpp.o)
 .text._Z14USBD_Availablem
                0x00000000000815ac       0x2c ./build/core/core.a(USBCore.cpp.o)
                0x00000000000815ac                USBD_Available(unsigned long)
 .text._Z9USBD_RecvmPvm
                0x00000000000815d8       0x7c ./build/core/core.a(USBCore.cpp.o)
                0x00000000000815d8                USBD_Recv(unsigned long, void*, unsigned long)
 .text._Z9USBD_Recvm
                0x0000000000081654       0x22 ./build/core/core.a(USBCore.cpp.o)
                0x0000000000081654                USBD_Recv(unsigned long)
 *fill*         0x0000000000081676        0x2 
 .text._Z9USBD_SendmPKvm
                0x0000000000081678       0x4c ./build/core/core.a(USBCore.cpp.o)
                0x0000000000081678                USBD_Send(unsigned long, void const*, unsigned long)
 .text._Z16USBD_SendControlhPKvm
                0x00000000000816c4       0x40 ./build/core/core.a(USBCore.cpp.o)
                0x00000000000816c4                USBD_SendControl(unsigned char, void const*, unsigned long)
 .text.unlikely._ZL24USB_SendStringDescriptorPKhi
                0x0000000000081704       0x64 ./build/core/core.a(USBCore.cpp.o)
 .text._Z16USBD_RecvControlPvm
                0x0000000000081768       0x1c ./build/core/core.a(USBCore.cpp.o)
                0x0000000000081768                USBD_RecvControl(void*, unsigned long)
 .text._Z26USBD_ClassInterfaceRequestR8USBSetup
                0x0000000000081784       0x1e ./build/core/core.a(USBCore.cpp.o)
                0x0000000000081784                USBD_ClassInterfaceRequest(USBSetup&)
 .text._Z19USBD_SendInterfacesv
                0x00000000000817a2       0x22 ./build/core/core.a(USBCore.cpp.o)
                0x00000000000817a2                USBD_SendInterfaces()
 .text._Z24USBD_SendOtherInterfacesv
                0x00000000000817c4       0x22 ./build/core/core.a(USBCore.cpp.o)
                0x00000000000817c4                USBD_SendOtherInterfaces()
 .text._Z10USBD_Flushm
                0x00000000000817e6       0x16 ./build/core/core.a(USBCore.cpp.o)
                0x00000000000817e6                USBD_Flush(unsigned long)
 .text._ZN10USBDevice_C2Ev
                0x00000000000817fc       0x24 ./build/core/core.a(USBCore.cpp.o)
                0x00000000000817fc                USBDevice_::USBDevice_()
                0x00000000000817fc                USBDevice_::USBDevice_()
 .text._ZN10USBDevice_6attachEv
                0x0000000000081820       0x20 ./build/core/core.a(USBCore.cpp.o)
                0x0000000000081820                USBDevice_::attach()
 .text.startup._GLOBAL__sub_I_EndPoints
                0x0000000000081840        0xc ./build/core/core.a(USBCore.cpp.o)
 .text._ZL7USB_ISRv
                0x000000000008184c      0x454 ./build/core/core.a(USBCore.cpp.o)
 .text.PIOA_Handler
                0x0000000000081ca0       0x38 ./build/core/core.a(WInterrupts.c.o)
                0x0000000000081ca0                PIOA_Handler
 .text.PIOB_Handler
                0x0000000000081cd8       0x38 ./build/core/core.a(WInterrupts.c.o)
                0x0000000000081cd8                PIOB_Handler
 .text.PIOC_Handler
                0x0000000000081d10       0x38 ./build/core/core.a(WInterrupts.c.o)
                0x0000000000081d10                PIOC_Handler
 .text.PIOD_Handler
                0x0000000000081d48       0x38 ./build/core/core.a(WInterrupts.c.o)
                0x0000000000081d48                PIOD_Handler
 .text.__halt   0x0000000000081d80        0x2 ./build/core/core.a(cortex_handlers.c.o)
                0x0000000000081d80                DACC_Handler
                0x0000000000081d80                DebugMon_Handler
                0x0000000000081d80                DMAC_Handler
                0x0000000000081d80                TRNG_Handler
                0x0000000000081d80                HardFault_Handler
                0x0000000000081d80                TC2_Handler
                0x0000000000081d80                NMI_Handler
                0x0000000000081d80                TC7_Handler
                0x0000000000081d80                ADC_Handler
                0x0000000000081d80                SMC_Handler
                0x0000000000081d80                RTT_Handler
                0x0000000000081d80                EFC1_Handler
                0x0000000000081d80                RTC_Handler
                0x0000000000081d80                UsageFault_Handler
                0x0000000000081d80                TC6_Handler
                0x0000000000081d80                WDT_Handler
                0x0000000000081d80                CAN0_Handler
                0x0000000000081d80                TC4_Handler
                0x0000000000081d80                TC1_Handler
                0x0000000000081d80                HSMCI_Handler
                0x0000000000081d80                TC3_Handler
                0x0000000000081d80                SSC_Handler
                0x0000000000081d80                EFC0_Handler
                0x0000000000081d80                PMC_Handler
                0x0000000000081d80                PWM_Handler
                0x0000000000081d80                CAN1_Handler
                0x0000000000081d80                MemManage_Handler
                0x0000000000081d80                SUPC_Handler
                0x0000000000081d80                TC8_Handler
                0x0000000000081d80                USART2_Handler
                0x0000000000081d80                EMAC_Handler
                0x0000000000081d80                BusFault_Handler
                0x0000000000081d80                RSTC_Handler
                0x0000000000081d80                TC0_Handler
                0x0000000000081d80                TC5_Handler
                0x0000000000081d80                SPI0_Handler
 .text.SVC_Handler
                0x0000000000081d82        0x4 ./build/core/core.a(cortex_handlers.c.o)
                0x0000000000081d82                SVC_Handler
 .text.PendSV_Handler
                0x0000000000081d86        0x4 ./build/core/core.a(cortex_handlers.c.o)
                0x0000000000081d86                PendSV_Handler
 .text.SysTick_Handler
                0x0000000000081d8a       0x16 ./build/core/core.a(cortex_handlers.c.o)
                0x0000000000081d8a                SysTick_Handler
 .text.__empty  0x0000000000081da0        0x2 ./build/core/core.a(hooks.c.o)
                0x0000000000081da0                yield
 .text.__false  0x0000000000081da2        0x4 ./build/core/core.a(hooks.c.o)
                0x0000000000081da2                sysTickHook
 .text.__halt   0x0000000000081da6        0x2 ./build/core/core.a(hooks.c.o)
                0x0000000000081da6                pendSVHook
                0x0000000000081da6                svcHook
 .text.initVariant
                0x0000000000081da8        0x2 ./build/core/core.a(main.cpp.o)
                0x0000000000081da8                initVariant
 *fill*         0x0000000000081daa        0x2 
 .text.startup.main
                0x0000000000081dac       0x38 ./build/core/core.a(main.cpp.o)
                0x0000000000081dac                main
 .text._sbrk    0x0000000000081de4       0x1c ./build/core/core.a(syscalls_sam3.c.o)
                0x0000000000081de4                _sbrk
 .text.link     0x0000000000081e00        0x6 ./build/core/core.a(syscalls_sam3.c.o)
                0x0000000000081e00                link
 .text._close   0x0000000000081e06        0x6 ./build/core/core.a(syscalls_sam3.c.o)
                0x0000000000081e06                _close
 .text._fstat   0x0000000000081e0c        0xa ./build/core/core.a(syscalls_sam3.c.o)
                0x0000000000081e0c                _fstat
 .text._isatty  0x0000000000081e16        0x4 ./build/core/core.a(syscalls_sam3.c.o)
                0x0000000000081e16                _isatty
 .text._lseek   0x0000000000081e1a        0x4 ./build/core/core.a(syscalls_sam3.c.o)
                0x0000000000081e1a                _lseek
 .text._read    0x0000000000081e1e        0x4 ./build/core/core.a(syscalls_sam3.c.o)
                0x0000000000081e1e                _read
 *fill*         0x0000000000081e22        0x2 
 .text._write   0x0000000000081e24       0x24 ./build/core/core.a(syscalls_sam3.c.o)
                0x0000000000081e24                _write
 .text._exit    0x0000000000081e48        0x2 ./build/core/core.a(syscalls_sam3.c.o)
                0x0000000000081e48                _exit
 .text._kill    0x0000000000081e4a        0x2 ./build/core/core.a(syscalls_sam3.c.o)
                0x0000000000081e4a                _kill
 .text._getpid  0x0000000000081e4c        0x6 ./build/core/core.a(syscalls_sam3.c.o)
                0x0000000000081e4c                _getpid
 *fill*         0x0000000000081e52        0x2 
 .text._watchdogDefaultSetup
                0x0000000000081e54        0xc ./build/core/core.a(watchdog.cpp.o)
                0x0000000000081e54                watchdogSetup()
                0x0000000000081e54                _watchdogDefaultSetup
 .text.micros   0x0000000000081e60       0x74 ./build/core/core.a(wiring.c.o)
                0x0000000000081e60                micros
 .text.delay    0x0000000000081ed4       0x1c ./build/core/core.a(wiring.c.o)
                0x0000000000081ed4                delay
 .text.analogOutputInit
                0x0000000000081ef0        0x2 ./build/core/core.a(wiring_analog.c.o)
                0x0000000000081ef0                analogOutputInit
 *fill*         0x0000000000081ef2        0x2 
 .text.pinMode  0x0000000000081ef4      0x108 ./build/core/core.a(wiring_digital.c.o)
                0x0000000000081ef4                pinMode
 .text.digitalWrite
                0x0000000000081ffc       0x70 ./build/core/core.a(wiring_digital.c.o)
                0x0000000000081ffc                digitalWrite
 .text.initiateReset
                0x000000000008206c        0xc ./build/core/core.a(Reset.cpp.o)
                0x000000000008206c                initiateReset
 .text.cancelReset
                0x0000000000082078       0x10 ./build/core/core.a(Reset.cpp.o)
                0x0000000000082078                cancelReset
 .text.tickReset
                0x0000000000082088       0x20 ./build/core/core.a(Reset.cpp.o)
                0x0000000000082088                tickReset
 .text._ZN13PluggableUSB_12getInterfaceEPh
                0x00000000000820a8       0x28 ./build/core/core.a(PluggableUSB.cpp.o)
                0x00000000000820a8                PluggableUSB_::getInterface(unsigned char*)
 .text._ZN13PluggableUSB_13getDescriptorER8USBSetup
                0x00000000000820d0       0x1c ./build/core/core.a(PluggableUSB.cpp.o)
                0x00000000000820d0                PluggableUSB_::getDescriptor(USBSetup&)
 .text._ZN13PluggableUSB_12getShortNameEPc
                0x00000000000820ec       0x1c ./build/core/core.a(PluggableUSB.cpp.o)
                0x00000000000820ec                PluggableUSB_::getShortName(char*)
 .text._ZN13PluggableUSB_5setupER8USBSetup
                0x0000000000082108       0x20 ./build/core/core.a(PluggableUSB.cpp.o)
                0x0000000000082108                PluggableUSB_::setup(USBSetup&)
 .text._Z12PluggableUSBv
                0x0000000000082128       0x28 ./build/core/core.a(PluggableUSB.cpp.o)
                0x0000000000082128                PluggableUSB()
 .text.TimeTick_Increment
                0x0000000000082150       0x10 /home/waggle/.arduino15/packages/arduino/hardware/sam/1.6.12/variants/arduino_due_x/libsam_sam3x8e_gcc_rel.a(timetick.o)
                0x0000000000082150                TimeTick_Increment
 .text.GetTickCount
                0x0000000000082160        0xc /home/waggle/.arduino15/packages/arduino/hardware/sam/1.6.12/variants/arduino_due_x/libsam_sam3x8e_gcc_rel.a(timetick.o)
                0x0000000000082160                GetTickCount
 .text.WDT_Disable
                0x000000000008216c        0x8 /home/waggle/.arduino15/packages/arduino/hardware/sam/1.6.12/variants/arduino_due_x/libsam_sam3x8e_gcc_rel.a(wdt.o)
                0x000000000008216c                WDT_Disable
 .text.UDD_SetStack
                0x0000000000082174        0xc /home/waggle/.arduino15/packages/arduino/hardware/sam/1.6.12/variants/arduino_due_x/libsam_sam3x8e_gcc_rel.a(uotghs_device.o)
                0x0000000000082174                UDD_SetStack
 .text.UDD_Init
                0x0000000000082180       0xd0 /home/waggle/.arduino15/packages/arduino/hardware/sam/1.6.12/variants/arduino_due_x/libsam_sam3x8e_gcc_rel.a(uotghs_device.o)
                0x0000000000082180                UDD_Init
 .text.UDD_Attach
                0x0000000000082250       0x50 /home/waggle/.arduino15/packages/arduino/hardware/sam/1.6.12/variants/arduino_due_x/libsam_sam3x8e_gcc_rel.a(uotghs_device.o)
                0x0000000000082250                UDD_Attach
 .text.UDD_InitEP
                0x00000000000822a0       0x2c /home/waggle/.arduino15/packages/arduino/hardware/sam/1.6.12/variants/arduino_due_x/libsam_sam3x8e_gcc_rel.a(uotghs_device.o)
                0x00000000000822a0                UDD_InitEP
 .text.UDD_InitEndpoints
                0x00000000000822cc       0x3c /home/waggle/.arduino15/packages/arduino/hardware/sam/1.6.12/variants/arduino_due_x/libsam_sam3x8e_gcc_rel.a(uotghs_device.o)
                0x00000000000822cc                UDD_InitEndpoints
 .text.UDD_WaitIN
                0x0000000000082308       0x10 /home/waggle/.arduino15/packages/arduino/hardware/sam/1.6.12/variants/arduino_due_x/libsam_sam3x8e_gcc_rel.a(uotghs_device.o)
                0x0000000000082308                UDD_WaitIN
 .text.UDD_WaitOUT
                0x0000000000082318       0x10 /home/waggle/.arduino15/packages/arduino/hardware/sam/1.6.12/variants/arduino_due_x/libsam_sam3x8e_gcc_rel.a(uotghs_device.o)
                0x0000000000082318                UDD_WaitOUT
 .text.UDD_ClearIN
                0x0000000000082328       0x18 /home/waggle/.arduino15/packages/arduino/hardware/sam/1.6.12/variants/arduino_due_x/libsam_sam3x8e_gcc_rel.a(uotghs_device.o)
                0x0000000000082328                UDD_ClearIN
 .text.UDD_ClearOUT
                0x0000000000082340       0x18 /home/waggle/.arduino15/packages/arduino/hardware/sam/1.6.12/variants/arduino_due_x/libsam_sam3x8e_gcc_rel.a(uotghs_device.o)
                0x0000000000082340                UDD_ClearOUT
 .text.UDD_ReceivedSetupInt
                0x0000000000082358       0x10 /home/waggle/.arduino15/packages/arduino/hardware/sam/1.6.12/variants/arduino_due_x/libsam_sam3x8e_gcc_rel.a(uotghs_device.o)
                0x0000000000082358                UDD_ReceivedSetupInt
 .text.UDD_ClearSetupInt
                0x0000000000082368       0x10 /home/waggle/.arduino15/packages/arduino/hardware/sam/1.6.12/variants/arduino_due_x/libsam_sam3x8e_gcc_rel.a(uotghs_device.o)
                0x0000000000082368                UDD_ClearSetupInt
 .text.UDD_Send
                0x0000000000082378       0x88 /home/waggle/.arduino15/packages/arduino/hardware/sam/1.6.12/variants/arduino_due_x/libsam_sam3x8e_gcc_rel.a(uotghs_device.o)
                0x0000000000082378                UDD_Send
 .text.UDD_Send8
                0x0000000000082400       0x24 /home/waggle/.arduino15/packages/arduino/hardware/sam/1.6.12/variants/arduino_due_x/libsam_sam3x8e_gcc_rel.a(uotghs_device.o)
                0x0000000000082400                UDD_Send8
 .text.UDD_Recv8
                0x0000000000082424       0x28 /home/waggle/.arduino15/packages/arduino/hardware/sam/1.6.12/variants/arduino_due_x/libsam_sam3x8e_gcc_rel.a(uotghs_device.o)
                0x0000000000082424                UDD_Recv8
 .text.UDD_Recv
                0x000000000008244c       0x34 /home/waggle/.arduino15/packages/arduino/hardware/sam/1.6.12/variants/arduino_due_x/libsam_sam3x8e_gcc_rel.a(uotghs_device.o)
                0x000000000008244c                UDD_Recv
 .text.UDD_Stall
                0x0000000000082480       0x14 /home/waggle/.arduino15/packages/arduino/hardware/sam/1.6.12/variants/arduino_due_x/libsam_sam3x8e_gcc_rel.a(uotghs_device.o)
                0x0000000000082480                UDD_Stall
 .text.UDD_FifoByteCount
                0x0000000000082494       0x14 /home/waggle/.arduino15/packages/arduino/hardware/sam/1.6.12/variants/arduino_due_x/libsam_sam3x8e_gcc_rel.a(uotghs_device.o)
                0x0000000000082494                UDD_FifoByteCount
 .text.UDD_ReleaseRX
                0x00000000000824a8       0x28 /home/waggle/.arduino15/packages/arduino/hardware/sam/1.6.12/variants/arduino_due_x/libsam_sam3x8e_gcc_rel.a(uotghs_device.o)
                0x00000000000824a8                UDD_ReleaseRX
 .text.UDD_ReleaseTX
                0x00000000000824d0       0x28 /home/waggle/.arduino15/packages/arduino/hardware/sam/1.6.12/variants/arduino_due_x/libsam_sam3x8e_gcc_rel.a(uotghs_device.o)
                0x00000000000824d0                UDD_ReleaseTX
 .text.UDD_SetAddress
                0x00000000000824f8       0x20 /home/waggle/.arduino15/packages/arduino/hardware/sam/1.6.12/variants/arduino_due_x/libsam_sam3x8e_gcc_rel.a(uotghs_device.o)
                0x00000000000824f8                UDD_SetAddress
 .text.__assert_func
                0x0000000000082518       0x3c /home/waggle/.arduino15/packages/arduino/tools/arm-none-eabi-gcc/4.8.3-2014q1/bin/../lib/gcc/arm-none-eabi/4.8.3/../../../../arm-none-eabi/lib/armv7-m/libc.a(lib_a-assert.o)
                0x0000000000082518                __assert_func
 .text.fiprintf
                0x0000000000082554       0x28 /home/waggle/.arduino15/packages/arduino/tools/arm-none-eabi-gcc/4.8.3-2014q1/bin/../lib/gcc/arm-none-eabi/4.8.3/../../../../arm-none-eabi/lib/armv7-m/libc.a(lib_a-fiprintf.o)
                0x0000000000082554                fiprintf
 .text.__libc_init_array
                0x000000000008257c       0x50 /home/waggle/.arduino15/packages/arduino/tools/arm-none-eabi-gcc/4.8.3-2014q1/bin/../lib/gcc/arm-none-eabi/4.8.3/../../../../arm-none-eabi/lib/armv7-m/libc.a(lib_a-init.o)
                0x000000000008257c                __libc_init_array
 .text.memset   0x00000000000825cc       0x94 /home/waggle/.arduino15/packages/arduino/tools/arm-none-eabi-gcc/4.8.3-2014q1/bin/../lib/gcc/arm-none-eabi/4.8.3/../../../../arm-none-eabi/lib/armv7-m/libc.a(lib_a-memset.o)
                0x00000000000825cc                memset
 .text.strlen   0x0000000000082660       0x60 /home/waggle/.arduino15/packages/arduino/tools/arm-none-eabi-gcc/4.8.3-2014q1/bin/../lib/gcc/arm-none-eabi/4.8.3/../../../../arm-none-eabi/lib/armv7-m/libc.a(lib_a-strlen.o)
                0x0000000000082660                strlen
 .text.kill     0x00000000000826c0       0x10 /home/waggle/.arduino15/packages/arduino/tools/arm-none-eabi-gcc/4.8.3-2014q1/bin/../lib/gcc/arm-none-eabi/4.8.3/../../../../arm-none-eabi/lib/armv7-m/libc.a(lib_a-syskill.o)
                0x00000000000826c0                kill
 .text.__sprint_r.part.0
                0x00000000000826d0       0x78 /home/waggle/.arduino15/packages/arduino/tools/arm-none-eabi-gcc/4.8.3-2014q1/bin/../lib/gcc/arm-none-eabi/4.8.3/../../../../arm-none-eabi/lib/armv7-m/libc.a(lib_a-vfiprintf.o)
 .text._vfiprintf_r
                0x0000000000082748      0xc54 /home/waggle/.arduino15/packages/arduino/tools/arm-none-eabi-gcc/4.8.3-2014q1/bin/../lib/gcc/arm-none-eabi/4.8.3/../../../../arm-none-eabi/lib/armv7-m/libc.a(lib_a-vfiprintf.o)
                0x0000000000082748                _vfiprintf_r
 .text.__sbprintf
                0x000000000008339c       0x7c /home/waggle/.arduino15/packages/arduino/tools/arm-none-eabi-gcc/4.8.3-2014q1/bin/../lib/gcc/arm-none-eabi/4.8.3/../../../../arm-none-eabi/lib/armv7-m/libc.a(lib_a-vfiprintf.o)
 .text.__swsetup_r
                0x0000000000083418       0xc4 /home/waggle/.arduino15/packages/arduino/tools/arm-none-eabi-gcc/4.8.3-2014q1/bin/../lib/gcc/arm-none-eabi/4.8.3/../../../../arm-none-eabi/lib/armv7-m/libc.a(lib_a-wsetup.o)
                0x0000000000083418                __swsetup_r
 .text.startup.register_fini
                0x00000000000834dc       0x14 /home/waggle/.arduino15/packages/arduino/tools/arm-none-eabi-gcc/4.8.3-2014q1/bin/../lib/gcc/arm-none-eabi/4.8.3/../../../../arm-none-eabi/lib/armv7-m/libc.a(lib_a-__call_atexit.o)
 .text.abort    0x00000000000834f0       0x10 /home/waggle/.arduino15/packages/arduino/tools/arm-none-eabi-gcc/4.8.3-2014q1/bin/../lib/gcc/arm-none-eabi/4.8.3/../../../../arm-none-eabi/lib/armv7-m/libc.a(lib_a-abort.o)
                0x00000000000834f0                abort
 .text.atexit   0x0000000000083500        0xc /home/waggle/.arduino15/packages/arduino/tools/arm-none-eabi-gcc/4.8.3-2014q1/bin/../lib/gcc/arm-none-eabi/4.8.3/../../../../arm-none-eabi/lib/armv7-m/libc.a(lib_a-atexit.o)
                0x0000000000083500                atexit
 .text.__sflush_r
                0x000000000008350c      0x148 /home/waggle/.arduino15/packages/arduino/tools/arm-none-eabi-gcc/4.8.3-2014q1/bin/../lib/gcc/arm-none-eabi/4.8.3/../../../../arm-none-eabi/lib/armv7-m/libc.a(lib_a-fflush.o)
                0x000000000008350c                __sflush_r
 .text._fflush_r
                0x0000000000083654       0x2c /home/waggle/.arduino15/packages/arduino/tools/arm-none-eabi-gcc/4.8.3-2014q1/bin/../lib/gcc/arm-none-eabi/4.8.3/../../../../arm-none-eabi/lib/armv7-m/libc.a(lib_a-fflush.o)
                0x0000000000083654                _fflush_r
 .text._cleanup_r
                0x0000000000083680        0xc /home/waggle/.arduino15/packages/arduino/tools/arm-none-eabi-gcc/4.8.3-2014q1/bin/../lib/gcc/arm-none-eabi/4.8.3/../../../../arm-none-eabi/lib/armv7-m/libc.a(lib_a-findfp.o)
                0x0000000000083680                _cleanup_r
 .text.__sinit  0x000000000008368c       0xf4 /home/waggle/.arduino15/packages/arduino/tools/arm-none-eabi-gcc/4.8.3-2014q1/bin/../lib/gcc/arm-none-eabi/4.8.3/../../../../arm-none-eabi/lib/armv7-m/libc.a(lib_a-findfp.o)
                0x000000000008368c                __sinit
 .text.__sfp_lock_acquire
                0x0000000000083780        0x4 /home/waggle/.arduino15/packages/arduino/tools/arm-none-eabi-gcc/4.8.3-2014q1/bin/../lib/gcc/arm-none-eabi/4.8.3/../../../../arm-none-eabi/lib/armv7-m/libc.a(lib_a-findfp.o)
                0x0000000000083780                __sfp_lock_acquire
 .text.__sfp_lock_release
                0x0000000000083784        0x4 /home/waggle/.arduino15/packages/arduino/tools/arm-none-eabi-gcc/4.8.3-2014q1/bin/../lib/gcc/arm-none-eabi/4.8.3/../../../../arm-none-eabi/lib/armv7-m/libc.a(lib_a-findfp.o)
                0x0000000000083784                __sfp_lock_release
 .text.__libc_fini_array
                0x0000000000083788       0x30 /home/waggle/.arduino15/packages/arduino/tools/arm-none-eabi-gcc/4.8.3-2014q1/bin/../lib/gcc/arm-none-eabi/4.8.3/../../../../arm-none-eabi/lib/armv7-m/libc.a(lib_a-fini.o)
                0x0000000000083788                __libc_fini_array
 .text._fputwc_r
                0x00000000000837b8       0xc0 /home/waggle/.arduino15/packages/arduino/tools/arm-none-eabi-gcc/4.8.3-2014q1/bin/../lib/gcc/arm-none-eabi/4.8.3/../../../../arm-none-eabi/lib/armv7-m/libc.a(lib_a-fputwc.o)
                0x00000000000837b8                _fputwc_r
 .text._malloc_trim_r
                0x0000000000083878       0x9c /home/waggle/.arduino15/packages/arduino/tools/arm-none-eabi-gcc/4.8.3-2014q1/bin/../lib/gcc/arm-none-eabi/4.8.3/../../../../arm-none-eabi/lib/armv7-m/libc.a(lib_a-freer.o)
                0x0000000000083878                _malloc_trim_r
 .text._free_r  0x0000000000083914      0x198 /home/waggle/.arduino15/packages/arduino/tools/arm-none-eabi-gcc/4.8.3-2014q1/bin/../lib/gcc/arm-none-eabi/4.8.3/../../../../arm-none-eabi/lib/armv7-m/libc.a(lib_a-freer.o)
                0x0000000000083914                _free_r
 .text.__sfvwrite_r
                0x0000000000083aac      0x314 /home/waggle/.arduino15/packages/arduino/tools/arm-none-eabi-gcc/4.8.3-2014q1/bin/../lib/gcc/arm-none-eabi/4.8.3/../../../../arm-none-eabi/lib/armv7-m/libc.a(lib_a-fvwrite.o)
                0x0000000000083aac                __sfvwrite_r
 .text._fwalk   0x0000000000083dc0       0x48 /home/waggle/.arduino15/packages/arduino/tools/arm-none-eabi-gcc/4.8.3-2014q1/bin/../lib/gcc/arm-none-eabi/4.8.3/../../../../arm-none-eabi/lib/armv7-m/libc.a(lib_a-fwalk.o)
                0x0000000000083dc0                _fwalk
 .text.__locale_charset
                0x0000000000083e08        0x8 /home/waggle/.arduino15/packages/arduino/tools/arm-none-eabi-gcc/4.8.3-2014q1/bin/../lib/gcc/arm-none-eabi/4.8.3/../../../../arm-none-eabi/lib/armv7-m/libc.a(lib_a-locale.o)
                0x0000000000083e08                __locale_charset
 .text.__locale_mb_cur_max
                0x0000000000083e10        0xc /home/waggle/.arduino15/packages/arduino/tools/arm-none-eabi-gcc/4.8.3-2014q1/bin/../lib/gcc/arm-none-eabi/4.8.3/../../../../arm-none-eabi/lib/armv7-m/libc.a(lib_a-locale.o)
                0x0000000000083e10                __locale_mb_cur_max
 .text.__smakebuf_r
                0x0000000000083e1c       0xe0 /home/waggle/.arduino15/packages/arduino/tools/arm-none-eabi-gcc/4.8.3-2014q1/bin/../lib/gcc/arm-none-eabi/4.8.3/../../../../arm-none-eabi/lib/armv7-m/libc.a(lib_a-makebuf.o)
                0x0000000000083e1c                __smakebuf_r
 .text._malloc_r
                0x0000000000083efc      0x538 /home/waggle/.arduino15/packages/arduino/tools/arm-none-eabi-gcc/4.8.3-2014q1/bin/../lib/gcc/arm-none-eabi/4.8.3/../../../../arm-none-eabi/lib/armv7-m/libc.a(lib_a-mallocr.o)
                0x0000000000083efc                _malloc_r
 .text.memchr   0x0000000000084434       0x94 /home/waggle/.arduino15/packages/arduino/tools/arm-none-eabi-gcc/4.8.3-2014q1/bin/../lib/gcc/arm-none-eabi/4.8.3/../../../../arm-none-eabi/lib/armv7-m/libc.a(lib_a-memchr-stub.o)
                0x0000000000084434                memchr
 .text          0x00000000000844c8       0xec /home/waggle/.arduino15/packages/arduino/tools/arm-none-eabi-gcc/4.8.3-2014q1/bin/../lib/gcc/arm-none-eabi/4.8.3/../../../../arm-none-eabi/lib/armv7-m/libc.a(lib_a-memcpy.o)
                0x00000000000844c8                memcpy
 .text.memmove  0x00000000000845b4       0xcc /home/waggle/.arduino15/packages/arduino/tools/arm-none-eabi-gcc/4.8.3-2014q1/bin/../lib/gcc/arm-none-eabi/4.8.3/../../../../arm-none-eabi/lib/armv7-m/libc.a(lib_a-memmove.o)
                0x00000000000845b4                memmove
 .text.__malloc_lock
                0x0000000000084680        0x4 /home/waggle/.arduino15/packages/arduino/tools/arm-none-eabi-gcc/4.8.3-2014q1/bin/../lib/gcc/arm-none-eabi/4.8.3/../../../../arm-none-eabi/lib/armv7-m/libc.a(lib_a-mlock.o)
                0x0000000000084680                __malloc_lock
 .text.__malloc_unlock
                0x0000000000084684        0x4 /home/waggle/.arduino15/packages/arduino/tools/arm-none-eabi-gcc/4.8.3-2014q1/bin/../lib/gcc/arm-none-eabi/4.8.3/../../../../arm-none-eabi/lib/armv7-m/libc.a(lib_a-mlock.o)
                0x0000000000084684                __malloc_unlock
 .text._realloc_r
                0x0000000000084688      0x3c0 /home/waggle/.arduino15/packages/arduino/tools/arm-none-eabi-gcc/4.8.3-2014q1/bin/../lib/gcc/arm-none-eabi/4.8.3/../../../../arm-none-eabi/lib/armv7-m/libc.a(lib_a-reallocr.o)
                0x0000000000084688                _realloc_r
 .text._sbrk_r  0x0000000000084a48       0x24 /home/waggle/.arduino15/packages/arduino/tools/arm-none-eabi-gcc/4.8.3-2014q1/bin/../lib/gcc/arm-none-eabi/4.8.3/../../../../arm-none-eabi/lib/armv7-m/libc.a(lib_a-sbrkr.o)
                0x0000000000084a48                _sbrk_r
 .text._raise_r
                0x0000000000084a6c       0x58 /home/waggle/.arduino15/packages/arduino/tools/arm-none-eabi-gcc/4.8.3-2014q1/bin/../lib/gcc/arm-none-eabi/4.8.3/../../../../arm-none-eabi/lib/armv7-m/libc.a(lib_a-signal.o)
                0x0000000000084a6c                _raise_r
 .text.raise    0x0000000000084ac4       0x10 /home/waggle/.arduino15/packages/arduino/tools/arm-none-eabi-gcc/4.8.3-2014q1/bin/../lib/gcc/arm-none-eabi/4.8.3/../../../../arm-none-eabi/lib/armv7-m/libc.a(lib_a-signal.o)
                0x0000000000084ac4                raise
 .text._kill_r  0x0000000000084ad4       0x28 /home/waggle/.arduino15/packages/arduino/tools/arm-none-eabi-gcc/4.8.3-2014q1/bin/../lib/gcc/arm-none-eabi/4.8.3/../../../../arm-none-eabi/lib/armv7-m/libc.a(lib_a-signalr.o)
                0x0000000000084ad4                _kill_r
 .text._getpid_r
                0x0000000000084afc        0x4 /home/waggle/.arduino15/packages/arduino/tools/arm-none-eabi-gcc/4.8.3-2014q1/bin/../lib/gcc/arm-none-eabi/4.8.3/../../../../arm-none-eabi/lib/armv7-m/libc.a(lib_a-signalr.o)
                0x0000000000084afc                _getpid_r
 .text.__sread  0x0000000000084b00       0x24 /home/waggle/.arduino15/packages/arduino/tools/arm-none-eabi-gcc/4.8.3-2014q1/bin/../lib/gcc/arm-none-eabi/4.8.3/../../../../arm-none-eabi/lib/armv7-m/libc.a(lib_a-stdio.o)
                0x0000000000084b00                __sread
 .text.__swrite
                0x0000000000084b24       0x38 /home/waggle/.arduino15/packages/arduino/tools/arm-none-eabi-gcc/4.8.3-2014q1/bin/../lib/gcc/arm-none-eabi/4.8.3/../../../../arm-none-eabi/lib/armv7-m/libc.a(lib_a-stdio.o)
                0x0000000000084b24                __swrite
 .text.__sseek  0x0000000000084b5c       0x20 /home/waggle/.arduino15/packages/arduino/tools/arm-none-eabi-gcc/4.8.3-2014q1/bin/../lib/gcc/arm-none-eabi/4.8.3/../../../../arm-none-eabi/lib/armv7-m/libc.a(lib_a-stdio.o)
                0x0000000000084b5c                __sseek
 .text.__sclose
                0x0000000000084b7c        0x8 /home/waggle/.arduino15/packages/arduino/tools/arm-none-eabi-gcc/4.8.3-2014q1/bin/../lib/gcc/arm-none-eabi/4.8.3/../../../../arm-none-eabi/lib/armv7-m/libc.a(lib_a-stdio.o)
                0x0000000000084b7c                __sclose
 .text.__swbuf_r
                0x0000000000084b84       0xa8 /home/waggle/.arduino15/packages/arduino/tools/arm-none-eabi-gcc/4.8.3-2014q1/bin/../lib/gcc/arm-none-eabi/4.8.3/../../../../arm-none-eabi/lib/armv7-m/libc.a(lib_a-wbuf.o)
                0x0000000000084b84                __swbuf_r
 .text._wcrtomb_r
                0x0000000000084c2c       0x50 /home/waggle/.arduino15/packages/arduino/tools/arm-none-eabi-gcc/4.8.3-2014q1/bin/../lib/gcc/arm-none-eabi/4.8.3/../../../../arm-none-eabi/lib/armv7-m/libc.a(lib_a-wcrtomb.o)
                0x0000000000084c2c                _wcrtomb_r
 .text.__ascii_wctomb
                0x0000000000084c7c       0x1c /home/waggle/.arduino15/packages/arduino/tools/arm-none-eabi-gcc/4.8.3-2014q1/bin/../lib/gcc/arm-none-eabi/4.8.3/../../../../arm-none-eabi/lib/armv7-m/libc.a(lib_a-wctomb_r.o)
                0x0000000000084c7c                __ascii_wctomb
 .text._write_r
                0x0000000000084c98       0x28 /home/waggle/.arduino15/packages/arduino/tools/arm-none-eabi-gcc/4.8.3-2014q1/bin/../lib/gcc/arm-none-eabi/4.8.3/../../../../arm-none-eabi/lib/armv7-m/libc.a(lib_a-writer.o)
                0x0000000000084c98                _write_r
 .text.__register_exitproc
                0x0000000000084cc0       0xa8 /home/waggle/.arduino15/packages/arduino/tools/arm-none-eabi-gcc/4.8.3-2014q1/bin/../lib/gcc/arm-none-eabi/4.8.3/../../../../arm-none-eabi/lib/armv7-m/libc.a(lib_a-__atexit.o)
                0x0000000000084cc0                __register_exitproc
 .text._close_r
                0x0000000000084d68       0x24 /home/waggle/.arduino15/packages/arduino/tools/arm-none-eabi-gcc/4.8.3-2014q1/bin/../lib/gcc/arm-none-eabi/4.8.3/../../../../arm-none-eabi/lib/armv7-m/libc.a(lib_a-closer.o)
                0x0000000000084d68                _close_r
 .text._fclose_r
                0x0000000000084d8c       0x80 /home/waggle/.arduino15/packages/arduino/tools/arm-none-eabi-gcc/4.8.3-2014q1/bin/../lib/gcc/arm-none-eabi/4.8.3/../../../../arm-none-eabi/lib/armv7-m/libc.a(lib_a-fclose.o)
                0x0000000000084d8c                _fclose_r
 .text.fclose   0x0000000000084e0c       0x10 /home/waggle/.arduino15/packages/arduino/tools/arm-none-eabi-gcc/4.8.3-2014q1/bin/../lib/gcc/arm-none-eabi/4.8.3/../../../../arm-none-eabi/lib/armv7-m/libc.a(lib_a-fclose.o)
                0x0000000000084e0c                fclose
 .text._fstat_r
                0x0000000000084e1c       0x28 /home/waggle/.arduino15/packages/arduino/tools/arm-none-eabi-gcc/4.8.3-2014q1/bin/../lib/gcc/arm-none-eabi/4.8.3/../../../../arm-none-eabi/lib/armv7-m/libc.a(lib_a-fstatr.o)
                0x0000000000084e1c                _fstat_r
 .text._isatty_r
                0x0000000000084e44       0x24 /home/waggle/.arduino15/packages/arduino/tools/arm-none-eabi-gcc/4.8.3-2014q1/bin/../lib/gcc/arm-none-eabi/4.8.3/../../../../arm-none-eabi/lib/armv7-m/libc.a(lib_a-isattyr.o)
                0x0000000000084e44                _isatty_r
 .text._lseek_r
                0x0000000000084e68       0x28 /home/waggle/.arduino15/packages/arduino/tools/arm-none-eabi-gcc/4.8.3-2014q1/bin/../lib/gcc/arm-none-eabi/4.8.3/../../../../arm-none-eabi/lib/armv7-m/libc.a(lib_a-lseekr.o)
                0x0000000000084e68                _lseek_r
 .text._read_r  0x0000000000084e90       0x28 /home/waggle/.arduino15/packages/arduino/tools/arm-none-eabi-gcc/4.8.3-2014q1/bin/../lib/gcc/arm-none-eabi/4.8.3/../../../../arm-none-eabi/lib/armv7-m/libc.a(lib_a-readr.o)
                0x0000000000084e90                _read_r
 .text          0x0000000000084eb8       0x2c /home/waggle/.arduino15/packages/arduino/tools/arm-none-eabi-gcc/4.8.3-2014q1/bin/../lib/gcc/arm-none-eabi/4.8.3/armv7-m/libgcc.a(_aeabi_uldivmod.o)
                0x0000000000084eb8                __aeabi_uldivmod
 .text          0x0000000000084ee4       0x60 /home/waggle/.arduino15/packages/arduino/tools/arm-none-eabi-gcc/4.8.3-2014q1/bin/../lib/gcc/arm-none-eabi/4.8.3/armv7-m/libgcc.a(bpabi.o)
                0x0000000000084ee4                __gnu_ldivmod_helper
                0x0000000000084f14                __gnu_uldivmod_helper
 .text          0x0000000000084f44        0x4 /home/waggle/.arduino15/packages/arduino/tools/arm-none-eabi-gcc/4.8.3-2014q1/bin/../lib/gcc/arm-none-eabi/4.8.3/armv7-m/libgcc.a(_dvmd_tls.o)
                0x0000000000084f44                __aeabi_ldiv0
                0x0000000000084f44                __aeabi_idiv0
 .text          0x0000000000084f48      0x2a0 /home/waggle/.arduino15/packages/arduino/tools/arm-none-eabi-gcc/4.8.3-2014q1/bin/../lib/gcc/arm-none-eabi/4.8.3/armv7-m/libgcc.a(_divdi3.o)
                0x0000000000084f48                __divdi3
 .text          0x00000000000851e8      0x290 /home/waggle/.arduino15/packages/arduino/tools/arm-none-eabi-gcc/4.8.3-2014q1/bin/../lib/gcc/arm-none-eabi/4.8.3/armv7-m/libgcc.a(_udivdi3.o)
                0x00000000000851e8                __udivdi3
 *(.glue_7t)
 .glue_7t       0x0000000000000000        0x0 linker stubs
 *(.glue_7)
 .glue_7        0x0000000000000000        0x0 linker stubs
 *(.rodata .rodata* .gnu.linkonce.r.*)
 .rodata._ZTV7TwoWire
                0x0000000000085478       0x20 /home/waggle/repo/sensors/vibration_test/firmware/build/libraries/Wire/Wire.cpp.o
                0x0000000000085478                vtable for TwoWire
 .rodata.g_APinDescription
                0x0000000000085498      0xa2c /home/waggle/repo/sensors/vibration_test/firmware/build/core/variant.cpp.o
                0x0000000000085498                g_APinDescription
 .rodata.__func__.7227
                0x0000000000085ec4        0xe /home/waggle/.arduino15/packages/arduino/hardware/sam/1.6.12/variants/arduino_due_x/libsam_sam3x8e_gcc_rel.a(twi.o)
 .rodata.__func__.7157
                0x0000000000085ed2        0xd /home/waggle/.arduino15/packages/arduino/hardware/sam/1.6.12/variants/arduino_due_x/libsam_sam3x8e_gcc_rel.a(twi.o)
 .rodata.__func__.7208
                0x0000000000085edf        0xf /home/waggle/.arduino15/packages/arduino/hardware/sam/1.6.12/variants/arduino_due_x/libsam_sam3x8e_gcc_rel.a(twi.o)
 .rodata.__func__.7176
                0x0000000000085eee        0xc /home/waggle/.arduino15/packages/arduino/hardware/sam/1.6.12/variants/arduino_due_x/libsam_sam3x8e_gcc_rel.a(twi.o)
 .rodata.str1.1
                0x0000000000085efa       0xb4 /home/waggle/.arduino15/packages/arduino/hardware/sam/1.6.12/variants/arduino_due_x/libsam_sam3x8e_gcc_rel.a(twi.o)
 .rodata.__func__.7184
                0x0000000000085fae        0x9 /home/waggle/.arduino15/packages/arduino/hardware/sam/1.6.12/variants/arduino_due_x/libsam_sam3x8e_gcc_rel.a(twi.o)
 .rodata.__func__.7240
                0x0000000000085fb7       0x16 /home/waggle/.arduino15/packages/arduino/hardware/sam/1.6.12/variants/arduino_due_x/libsam_sam3x8e_gcc_rel.a(twi.o)
 .rodata.__func__.7191
                0x0000000000085fcd        0xe /home/waggle/.arduino15/packages/arduino/hardware/sam/1.6.12/variants/arduino_due_x/libsam_sam3x8e_gcc_rel.a(twi.o)
 .rodata.__func__.7231
                0x0000000000085fdb        0xe /home/waggle/.arduino15/packages/arduino/hardware/sam/1.6.12/variants/arduino_due_x/libsam_sam3x8e_gcc_rel.a(twi.o)
 .rodata.__func__.7195
                0x0000000000085fe9        0xd /home/waggle/.arduino15/packages/arduino/hardware/sam/1.6.12/variants/arduino_due_x/libsam_sam3x8e_gcc_rel.a(twi.o)
 .rodata.__func__.7222
                0x0000000000085ff6        0xd /home/waggle/.arduino15/packages/arduino/hardware/sam/1.6.12/variants/arduino_due_x/libsam_sam3x8e_gcc_rel.a(twi.o)
 .rodata.__func__.7200
                0x0000000000086003        0xe /home/waggle/.arduino15/packages/arduino/hardware/sam/1.6.12/variants/arduino_due_x/libsam_sam3x8e_gcc_rel.a(twi.o)
 .rodata.__func__.7151
                0x0000000000086011       0x14 /home/waggle/.arduino15/packages/arduino/hardware/sam/1.6.12/variants/arduino_due_x/libsam_sam3x8e_gcc_rel.a(twi.o)
 *fill*         0x0000000000086025        0x3 
 .rodata        0x0000000000086028       0x40 /home/waggle/.arduino15/packages/arduino/hardware/sam/1.6.12/variants/arduino_due_x/libsam_sam3x8e_gcc_rel.a(adc.o)
 .rodata._ZTV9UARTClass
                0x0000000000086068       0x30 ./build/core/core.a(UARTClass.cpp.o)
                0x0000000000086068                vtable for UARTClass
 .rodata._ZTV10USARTClass
                0x0000000000086098       0x30 ./build/core/core.a(USARTClass.cpp.o)
                0x0000000000086098                vtable for USARTClass
 .rodata._ZTV7Serial_
                0x00000000000860c8       0x28 ./build/core/core.a(CDC.cpp.o)
                0x00000000000860c8                vtable for Serial_
 .rodata._ZL18_cdcOtherInterface
                0x00000000000860f0       0x42 ./build/core/core.a(CDC.cpp.o)
 .rodata._ZL13_cdcInterface
                0x0000000000086132       0x42 ./build/core/core.a(CDC.cpp.o)
 .rodata.STRING_PRODUCT
                0x0000000000086174        0xc ./build/core/core.a(USBCore.cpp.o)
                0x0000000000086174                STRING_PRODUCT
 .rodata.USB_DeviceDescriptor
                0x0000000000086180       0x12 ./build/core/core.a(USBCore.cpp.o)
                0x0000000000086180                USB_DeviceDescriptor
 .rodata.STRING_LANGUAGE
                0x0000000000086192        0x4 ./build/core/core.a(USBCore.cpp.o)
                0x0000000000086192                STRING_LANGUAGE
 .rodata._ZL18test_packet_buffer
                0x0000000000086196       0x35 ./build/core/core.a(USBCore.cpp.o)
 .rodata.STRING_MANUFACTURER
                0x00000000000861cb        0xc ./build/core/core.a(USBCore.cpp.o)
                0x00000000000861cb                STRING_MANUFACTURER
 .rodata.USB_DeviceDescriptorA
                0x00000000000861d7       0x12 ./build/core/core.a(USBCore.cpp.o)
                0x00000000000861d7                USB_DeviceDescriptorA
 .rodata._ZL19USB_DeviceQualifier
                0x00000000000861e9        0x9 ./build/core/core.a(USBCore.cpp.o)
 *fill*         0x00000000000861f2        0x2 
 .rodata.str1.4
                0x00000000000861f4       0x3f /home/waggle/.arduino15/packages/arduino/tools/arm-none-eabi-gcc/4.8.3-2014q1/bin/../lib/gcc/arm-none-eabi/4.8.3/../../../../arm-none-eabi/lib/armv7-m/libc.a(lib_a-assert.o)
                                         0x44 (size before relaxing)
 *fill*         0x0000000000086233        0x1 
 .rodata.str1.4
                0x0000000000086234        0x2 /home/waggle/.arduino15/packages/arduino/tools/arm-none-eabi-gcc/4.8.3-2014q1/bin/../lib/gcc/arm-none-eabi/4.8.3/../../../../arm-none-eabi/lib/armv7-m/libc.a(lib_a-impure.o)
                                          0x4 (size before relaxing)
 *fill*         0x0000000000086236        0x2 
 .rodata._global_impure_ptr
                0x0000000000086238        0x4 /home/waggle/.arduino15/packages/arduino/tools/arm-none-eabi-gcc/4.8.3-2014q1/bin/../lib/gcc/arm-none-eabi/4.8.3/../../../../arm-none-eabi/lib/armv7-m/libc.a(lib_a-impure.o)
                0x0000000000086238                _global_impure_ptr
 .rodata.blanks.6717
                0x000000000008623c       0x10 /home/waggle/.arduino15/packages/arduino/tools/arm-none-eabi-gcc/4.8.3-2014q1/bin/../lib/gcc/arm-none-eabi/4.8.3/../../../../arm-none-eabi/lib/armv7-m/libc.a(lib_a-vfiprintf.o)
 .rodata.str1.4
                0x000000000008624c       0x30 /home/waggle/.arduino15/packages/arduino/tools/arm-none-eabi-gcc/4.8.3-2014q1/bin/../lib/gcc/arm-none-eabi/4.8.3/../../../../arm-none-eabi/lib/armv7-m/libc.a(lib_a-vfiprintf.o)
 .rodata.zeroes.6718
                0x000000000008627c       0x10 /home/waggle/.arduino15/packages/arduino/tools/arm-none-eabi-gcc/4.8.3-2014q1/bin/../lib/gcc/arm-none-eabi/4.8.3/../../../../arm-none-eabi/lib/armv7-m/libc.a(lib_a-vfiprintf.o)
 *(.ARM.extab* .gnu.linkonce.armextab.*)
                0x000000000008628c                . = ALIGN (0x4)
 *(.init)
 .init          0x000000000008628c        0x4 /home/waggle/.arduino15/packages/arduino/tools/arm-none-eabi-gcc/4.8.3-2014q1/bin/../lib/gcc/arm-none-eabi/4.8.3/armv7-m/crti.o
                0x000000000008628c                _init
 .init          0x0000000000086290        0x8 /home/waggle/.arduino15/packages/arduino/tools/arm-none-eabi-gcc/4.8.3-2014q1/bin/../lib/gcc/arm-none-eabi/4.8.3/armv7-m/crtn.o
                0x0000000000086298                . = ALIGN (0x4)
                0x0000000000086298                __preinit_array_start = .
 *(.preinit_array)
                0x0000000000086298                __preinit_array_end = .
                0x0000000000086298                . = ALIGN (0x4)
                0x0000000000086298                __init_array_start = .
 *(SORT(.init_array.*))
 .init_array.00000
                0x0000000000086298        0x4 /home/waggle/.arduino15/packages/arduino/tools/arm-none-eabi-gcc/4.8.3-2014q1/bin/../lib/gcc/arm-none-eabi/4.8.3/../../../../arm-none-eabi/lib/armv7-m/libc.a(lib_a-__call_atexit.o)
 *(.init_array)
 .init_array    0x000000000008629c        0x4 /home/waggle/.arduino15/packages/arduino/tools/arm-none-eabi-gcc/4.8.3-2014q1/bin/../lib/gcc/arm-none-eabi/4.8.3/armv7-m/crtbegin.o
 .init_array    0x00000000000862a0        0x4 /home/waggle/repo/sensors/vibration_test/firmware/build/libraries/Wire/Wire.cpp.o
 .init_array    0x00000000000862a4        0x4 /home/waggle/repo/sensors/vibration_test/firmware/build/core/variant.cpp.o
 .init_array    0x00000000000862a8        0x4 ./build/core/core.a(CDC.cpp.o)
 .init_array    0x00000000000862ac        0x4 ./build/core/core.a(USBCore.cpp.o)
                0x00000000000862b0                __init_array_end = .
                0x00000000000862b0                . = ALIGN (0x4)
 *crtbegin.o(.ctors)
 *(EXCLUDE_FILE(*crtend.o) .ctors)
 *(SORT(.ctors.*))
 *crtend.o(.ctors)
                0x00000000000862b0                . = ALIGN (0x4)
 *(.fini)
 .fini          0x00000000000862b0        0x4 /home/waggle/.arduino15/packages/arduino/tools/arm-none-eabi-gcc/4.8.3-2014q1/bin/../lib/gcc/arm-none-eabi/4.8.3/armv7-m/crti.o
                0x00000000000862b0                _fini
 .fini          0x00000000000862b4        0x8 /home/waggle/.arduino15/packages/arduino/tools/arm-none-eabi-gcc/4.8.3-2014q1/bin/../lib/gcc/arm-none-eabi/4.8.3/armv7-m/crtn.o
                0x00000000000862bc                . = ALIGN (0x4)
                0x00000000000862bc                __fini_array_start = .
 *(.fini_array)
 .fini_array    0x00000000000862bc        0x4 /home/waggle/.arduino15/packages/arduino/tools/arm-none-eabi-gcc/4.8.3-2014q1/bin/../lib/gcc/arm-none-eabi/4.8.3/armv7-m/crtbegin.o
 *(SORT(.fini_array.*))
                0x00000000000862c0                __fini_array_end = .
 *crtbegin.o(.dtors)
 *(EXCLUDE_FILE(*crtend.o) .dtors)
 *(SORT(.dtors.*))
 *crtend.o(.dtors)
                0x00000000000862c0                . = ALIGN (0x4)
                0x00000000000862c0                _efixed = .
                0x00000000000862c0                PROVIDE (__exidx_start, .)

.vfp11_veneer   0x00000000000862c0        0x0
 .vfp11_veneer  0x0000000000000000        0x0 linker stubs

.v4_bx          0x00000000000862c0        0x0
 .v4_bx         0x0000000000000000        0x0 linker stubs

.iplt           0x00000000000862c0        0x0
 .iplt          0x0000000000000000        0x0 /home/waggle/.arduino15/packages/arduino/tools/arm-none-eabi-gcc/4.8.3-2014q1/bin/../lib/gcc/arm-none-eabi/4.8.3/armv7-m/crtbegin.o

.ARM.exidx      0x00000000000862c0        0x8
 *(.ARM.exidx* .gnu.linkonce.armexidx.*)
 .ARM.exidx     0x00000000000862c0        0x8 /home/waggle/.arduino15/packages/arduino/tools/arm-none-eabi-gcc/4.8.3-2014q1/bin/../lib/gcc/arm-none-eabi/4.8.3/armv7-m/libgcc.a(_divdi3.o)
 .ARM.exidx     0x00000000000862c8        0x0 /home/waggle/.arduino15/packages/arduino/tools/arm-none-eabi-gcc/4.8.3-2014q1/bin/../lib/gcc/arm-none-eabi/4.8.3/armv7-m/libgcc.a(_udivdi3.o)
                                          0x8 (size before relaxing)
                0x00000000000862c8                PROVIDE (__exidx_end, .)

.eh_frame       0x00000000000862c8        0x0
 .eh_frame      0x00000000000862c8        0x0 /home/waggle/.arduino15/packages/arduino/tools/arm-none-eabi-gcc/4.8.3-2014q1/bin/../lib/gcc/arm-none-eabi/4.8.3/armv7-m/crtbegin.o

.rel.dyn        0x00000000000862c8        0x0
 .rel.iplt      0x0000000000000000        0x0 /home/waggle/.arduino15/packages/arduino/tools/arm-none-eabi-gcc/4.8.3-2014q1/bin/../lib/gcc/arm-none-eabi/4.8.3/armv7-m/crtbegin.o

.jcr            0x00000000000862c8        0x0
 .jcr           0x00000000000862c8        0x0 /home/waggle/.arduino15/packages/arduino/tools/arm-none-eabi-gcc/4.8.3-2014q1/bin/../lib/gcc/arm-none-eabi/4.8.3/armv7-m/crtbegin.o

.igot.plt       0x00000000000862c8        0x0
 .igot.plt      0x0000000000000000        0x0 /home/waggle/.arduino15/packages/arduino/tools/arm-none-eabi-gcc/4.8.3-2014q1/bin/../lib/gcc/arm-none-eabi/4.8.3/armv7-m/crtbegin.o
                0x00000000000862c8                . = ALIGN (0x4)
                0x00000000000862c8                _etext = .

.relocate       0x0000000020070000      0x8d4 load address 0x00000000000862c8
                0x0000000020070000                . = ALIGN (0x4)
                0x0000000020070000                _srelocate = .
 *(.ramfunc .ramfunc.*)
 .ramfunc       0x0000000020070000       0x2c ./build/core/core.a(Reset.cpp.o)
                0x0000000020070000                banzai
 *(.data .data.*)
 .data.SystemCoreClock
                0x000000002007002c        0x4 /home/waggle/.arduino15/packages/arduino/hardware/sam/1.6.12/variants/arduino_due_x/libsam_sam3x8e_gcc_rel.a(system_sam3xa.o)
                0x000000002007002c                SystemCoreClock
 .data._ZL10breakValue
                0x0000000020070030        0x4 ./build/core/core.a(CDC.cpp.o)
 .data._ZL12_usbLineInfo
                0x0000000020070034        0x8 ./build/core/core.a(CDC.cpp.o)
 .data.EndPoints
                0x000000002007003c       0x28 ./build/core/core.a(USBCore.cpp.o)
                0x000000002007003c                EndPoints
 .data._ZL5ticks
                0x0000000020070064        0x4 ./build/core/core.a(Reset.cpp.o)
 .data.g_interrupt_enabled
                0x0000000020070068        0x4 /home/waggle/.arduino15/packages/arduino/hardware/sam/1.6.12/variants/arduino_due_x/libsam_sam3x8e_gcc_rel.a(interrupt_sam_nvic.o)
                0x0000000020070068                g_interrupt_enabled
 *fill*         0x000000002007006c        0x4 
 .data.impure_data
                0x0000000020070070      0x428 /home/waggle/.arduino15/packages/arduino/tools/arm-none-eabi-gcc/4.8.3-2014q1/bin/../lib/gcc/arm-none-eabi/4.8.3/../../../../arm-none-eabi/lib/armv7-m/libc.a(lib_a-impure.o)
 .data._impure_ptr
                0x0000000020070498        0x4 /home/waggle/.arduino15/packages/arduino/tools/arm-none-eabi-gcc/4.8.3-2014q1/bin/../lib/gcc/arm-none-eabi/4.8.3/../../../../arm-none-eabi/lib/armv7-m/libc.a(lib_a-impure.o)
                0x0000000020070498                _impure_ptr
 .data.lc_ctype_charset
                0x000000002007049c       0x20 /home/waggle/.arduino15/packages/arduino/tools/arm-none-eabi-gcc/4.8.3-2014q1/bin/../lib/gcc/arm-none-eabi/4.8.3/../../../../arm-none-eabi/lib/armv7-m/libc.a(lib_a-locale.o)
 .data.__mb_cur_max
                0x00000000200704bc        0x4 /home/waggle/.arduino15/packages/arduino/tools/arm-none-eabi-gcc/4.8.3-2014q1/bin/../lib/gcc/arm-none-eabi/4.8.3/../../../../arm-none-eabi/lib/armv7-m/libc.a(lib_a-locale.o)
                0x00000000200704bc                __mb_cur_max
 .data.__malloc_av_
                0x00000000200704c0      0x408 /home/waggle/.arduino15/packages/arduino/tools/arm-none-eabi-gcc/4.8.3-2014q1/bin/../lib/gcc/arm-none-eabi/4.8.3/../../../../arm-none-eabi/lib/armv7-m/libc.a(lib_a-mallocr.o)
                0x00000000200704c0                __malloc_av_
 .data.__malloc_trim_threshold
                0x00000000200708c8        0x4 /home/waggle/.arduino15/packages/arduino/tools/arm-none-eabi-gcc/4.8.3-2014q1/bin/../lib/gcc/arm-none-eabi/4.8.3/../../../../arm-none-eabi/lib/armv7-m/libc.a(lib_a-mallocr.o)
                0x00000000200708c8                __malloc_trim_threshold
 .data.__malloc_sbrk_base
                0x00000000200708cc        0x4 /home/waggle/.arduino15/packages/arduino/tools/arm-none-eabi-gcc/4.8.3-2014q1/bin/../lib/gcc/arm-none-eabi/4.8.3/../../../../arm-none-eabi/lib/armv7-m/libc.a(lib_a-mallocr.o)
                0x00000000200708cc                __malloc_sbrk_base
 .data.__wctomb
                0x00000000200708d0        0x4 /home/waggle/.arduino15/packages/arduino/tools/arm-none-eabi-gcc/4.8.3-2014q1/bin/../lib/gcc/arm-none-eabi/4.8.3/../../../../arm-none-eabi/lib/armv7-m/libc.a(lib_a-wctomb_r.o)
                0x00000000200708d0                __wctomb
                0x00000000200708d4                . = ALIGN (0x4)
                0x00000000200708d4                _erelocate = .

.bss            0x00000000200708d4      0xb54 load address 0x0000000000086b9c
                0x00000000200708d4                . = ALIGN (0x4)
                0x00000000200708d4                _sbss = .
                0x00000000200708d4                _szero = .
 *(.bss .bss.*)
 .bss           0x00000000200708d4       0x1c /home/waggle/.arduino15/packages/arduino/tools/arm-none-eabi-gcc/4.8.3-2014q1/bin/../lib/gcc/arm-none-eabi/4.8.3/armv7-m/crtbegin.o
 .bss.lastSampleTime
                0x00000000200708f0        0x4 /home/waggle/repo/sensors/vibration_test/firmware/build/sketch/firmware.ino.cpp.o
                0x00000000200708f0                lastSampleTime
 .bss.Wire1     0x00000000200708f4       0x94 /home/waggle/repo/sensors/vibration_test/firmware/build/libraries/Wire/Wire.cpp.o
                0x00000000200708f4                Wire1
 .bss.Wire      0x0000000020070988       0x94 /home/waggle/repo/sensors/vibration_test/firmware/build/libraries/Wire/Wire.cpp.o
                0x0000000020070988                Wire
 .bss.tx_buffer2
                0x0000000020070a1c       0x88 /home/waggle/repo/sensors/vibration_test/firmware/build/core/variant.cpp.o
                0x0000000020070a1c                tx_buffer2
 .bss.tx_buffer1
                0x0000000020070aa4       0x88 /home/waggle/repo/sensors/vibration_test/firmware/build/core/variant.cpp.o
                0x0000000020070aa4                tx_buffer1
 .bss.Serial    0x0000000020070b2c       0x24 /home/waggle/repo/sensors/vibration_test/firmware/build/core/variant.cpp.o
                0x0000000020070b2c                Serial
 .bss.rx_buffer1
                0x0000000020070b50       0x88 /home/waggle/repo/sensors/vibration_test/firmware/build/core/variant.cpp.o
                0x0000000020070b50                rx_buffer1
 .bss.Serial1   0x0000000020070bd8       0x28 /home/waggle/repo/sensors/vibration_test/firmware/build/core/variant.cpp.o
                0x0000000020070bd8                Serial1
 .bss.Serial2   0x0000000020070c00       0x28 /home/waggle/repo/sensors/vibration_test/firmware/build/core/variant.cpp.o
                0x0000000020070c00                Serial2
 .bss.Serial3   0x0000000020070c28       0x28 /home/waggle/repo/sensors/vibration_test/firmware/build/core/variant.cpp.o
                0x0000000020070c28                Serial3
 .bss.tx_buffer3
                0x0000000020070c50       0x88 /home/waggle/repo/sensors/vibration_test/firmware/build/core/variant.cpp.o
                0x0000000020070c50                tx_buffer3
 .bss.tx_buffer4
                0x0000000020070cd8       0x88 /home/waggle/repo/sensors/vibration_test/firmware/build/core/variant.cpp.o
                0x0000000020070cd8                tx_buffer4
 .bss.g_pinStatus
                0x0000000020070d60       0x4f /home/waggle/repo/sensors/vibration_test/firmware/build/core/variant.cpp.o
                0x0000000020070d60                g_pinStatus
 *fill*         0x0000000020070daf        0x1 
 .bss.rx_buffer2
                0x0000000020070db0       0x88 /home/waggle/repo/sensors/vibration_test/firmware/build/core/variant.cpp.o
                0x0000000020070db0                rx_buffer2
 .bss.rx_buffer3
                0x0000000020070e38       0x88 /home/waggle/repo/sensors/vibration_test/firmware/build/core/variant.cpp.o
                0x0000000020070e38                rx_buffer3
 .bss.rx_buffer4
                0x0000000020070ec0       0x88 /home/waggle/repo/sensors/vibration_test/firmware/build/core/variant.cpp.o
                0x0000000020070ec0                rx_buffer4
 .bss.gpf_isr   0x0000000020070f48        0x4 /home/waggle/.arduino15/packages/arduino/hardware/sam/1.6.12/variants/arduino_due_x/libsam_sam3x8e_gcc_rel.a(uotghs.o)
                0x0000000020070f48                gpf_isr
 .bss.cdc_rx_buffer
                0x0000000020070f4c      0x208 ./build/core/core.a(CDC.cpp.o)
                0x0000000020070f4c                cdc_rx_buffer
 .bss._ZZN7Serial_6acceptEvE5guard
                0x0000000020071154        0x4 ./build/core/core.a(CDC.cpp.o)
 .bss.SerialUSB
                0x0000000020071158       0x14 ./build/core/core.a(CDC.cpp.o)
                0x0000000020071158                SerialUSB
 .bss._cmark    0x000000002007116c        0x2 ./build/core/core.a(USBCore.cpp.o)
                0x000000002007116c                _cmark
 .bss._ZL14isEndpointHalt
                0x000000002007116e        0x1 ./build/core/core.a(USBCore.cpp.o)
 *fill*         0x000000002007116f        0x1 
 .bss._cdcComposite
                0x0000000020071170        0x4 ./build/core/core.a(USBCore.cpp.o)
                0x0000000020071170                _cdcComposite
 .bss._ZL21isRemoteWakeUpEnabled
                0x0000000020071174        0x1 ./build/core/core.a(USBCore.cpp.o)
 *fill*         0x0000000020071175        0x3 
 .bss._usbInitialized
                0x0000000020071178        0x4 ./build/core/core.a(USBCore.cpp.o)
                0x0000000020071178                _usbInitialized
 .bss.USBDevice
                0x000000002007117c        0x1 ./build/core/core.a(USBCore.cpp.o)
                0x000000002007117c                USBDevice
 *fill*         0x000000002007117d        0x3 
 .bss._usbSetInterface
                0x0000000020071180        0x4 ./build/core/core.a(USBCore.cpp.o)
                0x0000000020071180                _usbSetInterface
 .bss._cend     0x0000000020071184        0x2 ./build/core/core.a(USBCore.cpp.o)
                0x0000000020071184                _cend
 *fill*         0x0000000020071186        0x2 
 .bss._usbConfiguration
                0x0000000020071188        0x4 ./build/core/core.a(USBCore.cpp.o)
                0x0000000020071188                _usbConfiguration
 .bss.callbacksPioA
                0x000000002007118c       0x80 ./build/core/core.a(WInterrupts.c.o)
 .bss.callbacksPioB
                0x000000002007120c       0x80 ./build/core/core.a(WInterrupts.c.o)
 .bss.callbacksPioC
                0x000000002007128c       0x80 ./build/core/core.a(WInterrupts.c.o)
 .bss.callbacksPioD
                0x000000002007130c       0x80 ./build/core/core.a(WInterrupts.c.o)
 .bss.heap.6420
                0x000000002007138c        0x4 ./build/core/core.a(syscalls_sam3.c.o)
 .bss._ZZ12PluggableUSBvE3obj
                0x0000000020071390        0x8 ./build/core/core.a(PluggableUSB.cpp.o)
 .bss._ZGVZ12PluggableUSBvE3obj
                0x0000000020071398        0x4 ./build/core/core.a(PluggableUSB.cpp.o)
 .bss._dwTickCount
                0x000000002007139c        0x4 /home/waggle/.arduino15/packages/arduino/hardware/sam/1.6.12/variants/arduino_due_x/libsam_sam3x8e_gcc_rel.a(timetick.o)
 .bss.ul_recv_fifo_ptr
                0x00000000200713a0       0x28 /home/waggle/.arduino15/packages/arduino/hardware/sam/1.6.12/variants/arduino_due_x/libsam_sam3x8e_gcc_rel.a(uotghs_device.o)
 .bss.ul_send_fifo_ptr
                0x00000000200713c8       0x28 /home/waggle/.arduino15/packages/arduino/hardware/sam/1.6.12/variants/arduino_due_x/libsam_sam3x8e_gcc_rel.a(uotghs_device.o)
 .bss.__malloc_max_total_mem
                0x00000000200713f0        0x4 /home/waggle/.arduino15/packages/arduino/tools/arm-none-eabi-gcc/4.8.3-2014q1/bin/../lib/gcc/arm-none-eabi/4.8.3/../../../../arm-none-eabi/lib/armv7-m/libc.a(lib_a-mallocr.o)
                0x00000000200713f0                __malloc_max_total_mem
 .bss.__malloc_max_sbrked_mem
                0x00000000200713f4        0x4 /home/waggle/.arduino15/packages/arduino/tools/arm-none-eabi-gcc/4.8.3-2014q1/bin/../lib/gcc/arm-none-eabi/4.8.3/../../../../arm-none-eabi/lib/armv7-m/libc.a(lib_a-mallocr.o)
                0x00000000200713f4                __malloc_max_sbrked_mem
 .bss.__malloc_top_pad
                0x00000000200713f8        0x4 /home/waggle/.arduino15/packages/arduino/tools/arm-none-eabi-gcc/4.8.3-2014q1/bin/../lib/gcc/arm-none-eabi/4.8.3/../../../../arm-none-eabi/lib/armv7-m/libc.a(lib_a-mallocr.o)
                0x00000000200713f8                __malloc_top_pad
 .bss.__malloc_current_mallinfo
                0x00000000200713fc       0x28 /home/waggle/.arduino15/packages/arduino/tools/arm-none-eabi-gcc/4.8.3-2014q1/bin/../lib/gcc/arm-none-eabi/4.8.3/../../../../arm-none-eabi/lib/armv7-m/libc.a(lib_a-mallocr.o)
                0x00000000200713fc                __malloc_current_mallinfo
 *(COMMON)
 COMMON         0x0000000020071424        0x4 /home/waggle/.arduino15/packages/arduino/tools/arm-none-eabi-gcc/4.8.3-2014q1/bin/../lib/gcc/arm-none-eabi/4.8.3/../../../../arm-none-eabi/lib/armv7-m/libc.a(lib_a-reent.o)
                0x0000000020071424                errno
                0x0000000020071428                . = ALIGN (0x4)
                0x0000000020071428                _ebss = .
                0x0000000020071428                _ezero = .
                0x0000000020071428                . = ALIGN (0x4)
                0x0000000020071428                _end = .

.stack_dummy    0x0000000020071428        0x0
 *(.stack*)
                0x0000000020088000                __StackTop = (ORIGIN (ram) + 0x18000)
                0x0000000020088000                __StackLimit = (__StackTop - SIZEOF (.stack_dummy))
                0x0000000020088000                PROVIDE (_sstack, __StackLimit)
                0x0000000020088000                PROVIDE (_estack, __StackTop)
OUTPUT(./build/firmware.ino.elf elf32-littlearm)

.ARM.attributes
                0x0000000000000000       0x29
 .ARM.attributes
                0x0000000000000000       0x1d /home/waggle/.arduino15/packages/arduino/tools/arm-none-eabi-gcc/4.8.3-2014q1/bin/../lib/gcc/arm-none-eabi/4.8.3/armv7-m/crti.o
 .ARM.attributes
                0x000000000000001d       0x2d /home/waggle/.arduino15/packages/arduino/tools/arm-none-eabi-gcc/4.8.3-2014q1/bin/../lib/gcc/arm-none-eabi/4.8.3/armv7-m/crtbegin.o
 .ARM.attributes
                0x000000000000004a       0x33 /home/waggle/repo/sensors/vibration_test/firmware/build/sketch/firmware.ino.cpp.o
 .ARM.attributes
                0x000000000000007d       0x33 /home/waggle/repo/sensors/vibration_test/firmware/build/libraries/Wire/Wire.cpp.o
 .ARM.attributes
                0x00000000000000b0       0x33 /home/waggle/repo/sensors/vibration_test/firmware/build/core/variant.cpp.o
 .ARM.attributes
                0x00000000000000e3       0x33 /home/waggle/.arduino15/packages/arduino/hardware/sam/1.6.12/variants/arduino_due_x/libsam_sam3x8e_gcc_rel.a(pio.o)
 .ARM.attributes
                0x0000000000000116       0x33 /home/waggle/.arduino15/packages/arduino/hardware/sam/1.6.12/variants/arduino_due_x/libsam_sam3x8e_gcc_rel.a(pmc.o)
 .ARM.attributes
                0x0000000000000149       0x33 /home/waggle/.arduino15/packages/arduino/hardware/sam/1.6.12/variants/arduino_due_x/libsam_sam3x8e_gcc_rel.a(twi.o)
 .ARM.attributes
                0x000000000000017c       0x33 /home/waggle/.arduino15/packages/arduino/hardware/sam/1.6.12/variants/arduino_due_x/libsam_sam3x8e_gcc_rel.a(system_sam3xa.o)
 .ARM.attributes
                0x00000000000001af       0x33 /home/waggle/.arduino15/packages/arduino/hardware/sam/1.6.12/variants/arduino_due_x/libsam_sam3x8e_gcc_rel.a(startup_sam3xa.o)
 .ARM.attributes
                0x00000000000001e2       0x33 /home/waggle/.arduino15/packages/arduino/hardware/sam/1.6.12/variants/arduino_due_x/libsam_sam3x8e_gcc_rel.a(adc.o)
 .ARM.attributes
                0x0000000000000215       0x33 /home/waggle/.arduino15/packages/arduino/hardware/sam/1.6.12/variants/arduino_due_x/libsam_sam3x8e_gcc_rel.a(uotghs.o)
 .ARM.attributes
                0x0000000000000248       0x33 ./build/core/core.a(Print.cpp.o)
 .ARM.attributes
                0x000000000000027b       0x33 ./build/core/core.a(RingBuffer.cpp.o)
 .ARM.attributes
                0x00000000000002ae       0x33 ./build/core/core.a(UARTClass.cpp.o)
 .ARM.attributes
                0x00000000000002e1       0x33 ./build/core/core.a(USARTClass.cpp.o)
 .ARM.attributes
                0x0000000000000314       0x33 ./build/core/core.a(CDC.cpp.o)
 .ARM.attributes
                0x0000000000000347       0x33 ./build/core/core.a(USBCore.cpp.o)
 .ARM.attributes
                0x000000000000037a       0x33 ./build/core/core.a(WInterrupts.c.o)
 .ARM.attributes
                0x00000000000003ad       0x33 ./build/core/core.a(cortex_handlers.c.o)
 .ARM.attributes
                0x00000000000003e0       0x33 ./build/core/core.a(hooks.c.o)
 .ARM.attributes
                0x0000000000000413       0x33 ./build/core/core.a(main.cpp.o)
 .ARM.attributes
                0x0000000000000446       0x33 ./build/core/core.a(syscalls_sam3.c.o)
 .ARM.attributes
                0x0000000000000479       0x33 ./build/core/core.a(watchdog.cpp.o)
 .ARM.attributes
                0x00000000000004ac       0x33 ./build/core/core.a(wiring.c.o)
 .ARM.attributes
                0x00000000000004df       0x33 ./build/core/core.a(wiring_analog.c.o)
 .ARM.attributes
                0x0000000000000512       0x33 ./build/core/core.a(wiring_digital.c.o)
 .ARM.attributes
                0x0000000000000545       0x33 ./build/core/core.a(Reset.cpp.o)
 .ARM.attributes
                0x0000000000000578       0x33 ./build/core/core.a(PluggableUSB.cpp.o)
 .ARM.attributes
                0x00000000000005ab       0x33 /home/waggle/.arduino15/packages/arduino/hardware/sam/1.6.12/variants/arduino_due_x/libsam_sam3x8e_gcc_rel.a(timetick.o)
 .ARM.attributes
                0x00000000000005de       0x33 /home/waggle/.arduino15/packages/arduino/hardware/sam/1.6.12/variants/arduino_due_x/libsam_sam3x8e_gcc_rel.a(wdt.o)
 .ARM.attributes
                0x0000000000000611       0x33 /home/waggle/.arduino15/packages/arduino/hardware/sam/1.6.12/variants/arduino_due_x/libsam_sam3x8e_gcc_rel.a(interrupt_sam_nvic.o)
 .ARM.attributes
                0x0000000000000644       0x33 /home/waggle/.arduino15/packages/arduino/hardware/sam/1.6.12/variants/arduino_due_x/libsam_sam3x8e_gcc_rel.a(uotghs_device.o)
 .ARM.attributes
                0x0000000000000677       0x2d /home/waggle/.arduino15/packages/arduino/tools/arm-none-eabi-gcc/4.8.3-2014q1/bin/../lib/gcc/arm-none-eabi/4.8.3/../../../../arm-none-eabi/lib/armv7-m/libc.a(lib_a-assert.o)
 .ARM.attributes
                0x00000000000006a4       0x2d /home/waggle/.arduino15/packages/arduino/tools/arm-none-eabi-gcc/4.8.3-2014q1/bin/../lib/gcc/arm-none-eabi/4.8.3/../../../../arm-none-eabi/lib/armv7-m/libc.a(lib_a-fiprintf.o)
 .ARM.attributes
                0x00000000000006d1       0x2d /home/waggle/.arduino15/packages/arduino/tools/arm-none-eabi-gcc/4.8.3-2014q1/bin/../lib/gcc/arm-none-eabi/4.8.3/../../../../arm-none-eabi/lib/armv7-m/libc.a(lib_a-impure.o)
 .ARM.attributes
                0x00000000000006fe       0x2d /home/waggle/.arduino15/packages/arduino/tools/arm-none-eabi-gcc/4.8.3-2014q1/bin/../lib/gcc/arm-none-eabi/4.8.3/../../../../arm-none-eabi/lib/armv7-m/libc.a(lib_a-init.o)
 .ARM.attributes
                0x000000000000072b       0x2d /home/waggle/.arduino15/packages/arduino/tools/arm-none-eabi-gcc/4.8.3-2014q1/bin/../lib/gcc/arm-none-eabi/4.8.3/../../../../arm-none-eabi/lib/armv7-m/libc.a(lib_a-memset.o)
 .ARM.attributes
                0x0000000000000758       0x2d /home/waggle/.arduino15/packages/arduino/tools/arm-none-eabi-gcc/4.8.3-2014q1/bin/../lib/gcc/arm-none-eabi/4.8.3/../../../../arm-none-eabi/lib/armv7-m/libc.a(lib_a-strlen.o)
 .ARM.attributes
                0x0000000000000785       0x2d /home/waggle/.arduino15/packages/arduino/tools/arm-none-eabi-gcc/4.8.3-2014q1/bin/../lib/gcc/arm-none-eabi/4.8.3/../../../../arm-none-eabi/lib/armv7-m/libc.a(lib_a-syskill.o)
 .ARM.attributes
                0x00000000000007b2       0x2d /home/waggle/.arduino15/packages/arduino/tools/arm-none-eabi-gcc/4.8.3-2014q1/bin/../lib/gcc/arm-none-eabi/4.8.3/../../../../arm-none-eabi/lib/armv7-m/libc.a(lib_a-vfiprintf.o)
 .ARM.attributes
                0x00000000000007df       0x2d /home/waggle/.arduino15/packages/arduino/tools/arm-none-eabi-gcc/4.8.3-2014q1/bin/../lib/gcc/arm-none-eabi/4.8.3/../../../../arm-none-eabi/lib/armv7-m/libc.a(lib_a-wsetup.o)
 .ARM.attributes
                0x000000000000080c       0x2d /home/waggle/.arduino15/packages/arduino/tools/arm-none-eabi-gcc/4.8.3-2014q1/bin/../lib/gcc/arm-none-eabi/4.8.3/../../../../arm-none-eabi/lib/armv7-m/libc.a(lib_a-__call_atexit.o)
 .ARM.attributes
                0x0000000000000839       0x2d /home/waggle/.arduino15/packages/arduino/tools/arm-none-eabi-gcc/4.8.3-2014q1/bin/../lib/gcc/arm-none-eabi/4.8.3/../../../../arm-none-eabi/lib/armv7-m/libc.a(lib_a-abort.o)
 .ARM.attributes
                0x0000000000000866       0x2d /home/waggle/.arduino15/packages/arduino/tools/arm-none-eabi-gcc/4.8.3-2014q1/bin/../lib/gcc/arm-none-eabi/4.8.3/../../../../arm-none-eabi/lib/armv7-m/libc.a(lib_a-atexit.o)
 .ARM.attributes
                0x0000000000000893       0x2d /home/waggle/.arduino15/packages/arduino/tools/arm-none-eabi-gcc/4.8.3-2014q1/bin/../lib/gcc/arm-none-eabi/4.8.3/../../../../arm-none-eabi/lib/armv7-m/libc.a(lib_a-fflush.o)
 .ARM.attributes
                0x00000000000008c0       0x2d /home/waggle/.arduino15/packages/arduino/tools/arm-none-eabi-gcc/4.8.3-2014q1/bin/../lib/gcc/arm-none-eabi/4.8.3/../../../../arm-none-eabi/lib/armv7-m/libc.a(lib_a-findfp.o)
 .ARM.attributes
                0x00000000000008ed       0x2d /home/waggle/.arduino15/packages/arduino/tools/arm-none-eabi-gcc/4.8.3-2014q1/bin/../lib/gcc/arm-none-eabi/4.8.3/../../../../arm-none-eabi/lib/armv7-m/libc.a(lib_a-fini.o)
 .ARM.attributes
                0x000000000000091a       0x2d /home/waggle/.arduino15/packages/arduino/tools/arm-none-eabi-gcc/4.8.3-2014q1/bin/../lib/gcc/arm-none-eabi/4.8.3/../../../../arm-none-eabi/lib/armv7-m/libc.a(lib_a-fputwc.o)
 .ARM.attributes
                0x0000000000000947       0x2d /home/waggle/.arduino15/packages/arduino/tools/arm-none-eabi-gcc/4.8.3-2014q1/bin/../lib/gcc/arm-none-eabi/4.8.3/../../../../arm-none-eabi/lib/armv7-m/libc.a(lib_a-freer.o)